Archive member included because of file (symbol)

C:\fehqt\Proteus/EWL/lib/armv7e-m\libc.a(sprintf.o)
                              Libraries\FEHLCD.o (sprintf)
C:\fehqt\Proteus/EWL/lib/armv7e-m\libc.a(vsnprintf.o)
                              C:\fehqt\Proteus/EWL/lib/armv7e-m\libc.a(sprintf.o) (vsnprintf)
C:\fehqt\Proteus/EWL/lib/armv7e-m\libc.a(exit.o)
                              Startup\__arm_start.o (exit)
C:\fehqt\Proteus/EWL/lib/armv7e-m\libc.a(memcpy.o)
                              C:\fehqt\Proteus/EWL/lib/armv7e-m\libc.a(vsnprintf.o) (memcpy)
C:\fehqt\Proteus/EWL/lib/armv7e-m\libc.a(memset.o)
                              Startup\__arm_start.o (memset)
C:\fehqt\Proteus/EWL/lib/armv7e-m\libc.a(printformat_.o)
                              (__pformatter_)
C:\fehqt\Proteus/EWL/lib/armv7e-m\libc.a(scanformat_.o)
                              (__sformatter)
C:\fehqt\Proteus/EWL/lib/armv7e-m\libc.a(ctype_aeabi.o)
                              C:\fehqt\Proteus/EWL/lib/armv7e-m\libc.a(scanformat_.o) (isspace)
C:\fehqt\Proteus/EWL/lib/armv7e-m\libc.a(__strtoul.o)
                              C:\fehqt\Proteus/EWL/lib/armv7e-m\libc.a(scanformat_.o) (__strtoul)
C:\fehqt\Proteus/EWL/lib/armv7e-m\libc.a(__filll_mem.o)
                              C:\fehqt\Proteus/EWL/lib/armv7e-m\libc.a(memset.o) (__fill_mem)
C:\fehqt\Proteus/EWL/lib/armv7e-m\libc.a(memchr.o)
                              C:\fehqt\Proteus/EWL/lib/armv7e-m\libc.a(printformat_.o) (memchr)
C:\fehqt\Proteus/EWL/lib/armv7e-m\libc.a(strchr.o)
                              C:\fehqt\Proteus/EWL/lib/armv7e-m\libc.a(printformat_.o) (strchr)
C:\fehqt\Proteus/EWL/lib/armv7e-m\libc.a(strlen.o)
                              C:\fehqt\Proteus/EWL/lib/armv7e-m\libc.a(printformat_.o) (strlen)
c:/fehqt/proteus/gcc/bin/../lib/gcc/arm-none-eabi/4.6.2/armv7e-m\libgcc.a(_arm_addsubdf3.o)
                              ..\timer.o (__aeabi_dsub)
c:/fehqt/proteus/gcc/bin/../lib/gcc/arm-none-eabi/4.6.2/armv7e-m\libgcc.a(_arm_muldivdf3.o)
                              ..\drive.o (__aeabi_dmul)
c:/fehqt/proteus/gcc/bin/../lib/gcc/arm-none-eabi/4.6.2/armv7e-m\libgcc.a(_arm_cmpdf2.o)
                              ..\drive.o (__aeabi_dcmplt)
c:/fehqt/proteus/gcc/bin/../lib/gcc/arm-none-eabi/4.6.2/armv7e-m\libgcc.a(_arm_fixdfsi.o)
                              Libraries\FEHMotor.o (__aeabi_d2iz)
c:/fehqt/proteus/gcc/bin/../lib/gcc/arm-none-eabi/4.6.2/armv7e-m\libgcc.a(_arm_fixunsdfsi.o)
                              Libraries\FEHUtility.o (__aeabi_d2uiz)
c:/fehqt/proteus/gcc/bin/../lib/gcc/arm-none-eabi/4.6.2/armv7e-m\libgcc.a(_arm_truncdfsf2.o)
                              ..\io.o (__aeabi_d2f)
c:/fehqt/proteus/gcc/bin/../lib/gcc/arm-none-eabi/4.6.2/armv7e-m\libgcc.a(_arm_addsubsf3.o)
                              ..\io.o (__aeabi_fsub)
c:/fehqt/proteus/gcc/bin/../lib/gcc/arm-none-eabi/4.6.2/armv7e-m\libgcc.a(_arm_muldivsf3.o)
                              ..\drive.o (__aeabi_fmul)
c:/fehqt/proteus/gcc/bin/../lib/gcc/arm-none-eabi/4.6.2/armv7e-m\libgcc.a(_arm_cmpsf2.o)
                              Libraries\FEHServo.o (__aeabi_fcmpeq)
c:/fehqt/proteus/gcc/bin/../lib/gcc/arm-none-eabi/4.6.2/armv7e-m\libgcc.a(_arm_fixsfsi.o)
                              ..\drive.o (__aeabi_f2iz)
c:/fehqt/proteus/gcc/bin/../lib/gcc/arm-none-eabi/4.6.2/armv7e-m\libgcc.a(_arm_fixunssfsi.o)
                              Drivers\mcg.o (__aeabi_f2uiz)
C:\fehqt\Proteus/EWL/lib/armv7e-m\librt.a(gcc_ctor_dtor.o)
                              Startup\__arm_start.o (__init_cpp)
C:\fehqt\Proteus/EWL/lib/armv7e-m\librt.a(ROMCopy.o)
                              Startup\__arm_start.o (__copy_rom_sections_to_ram)
C:\fehqt\Proteus/EWL/lib/armv7e-m\librt.a(__arm_eabi_init.o)
                              C:\fehqt\Proteus/EWL/lib/armv7e-m\libc.a(exit.o) (__destroy_global_chain)
C:\fehqt\Proteus/EWL/lib/armv7e-m\librt.a(New.o)
                              ..\main.o (operator new(unsigned int))
c:/fehqt/proteus/gcc/bin/../lib/gcc/arm-none-eabi/4.6.2/../../../../arm-none-eabi/lib/armv7e-m\libsupc++.a(class_type_info.o)
                              C:\fehqt\Proteus/EWL/lib/armv7e-m\librt.a(New.o) (vtable for __cxxabiv1::__class_type_info)
c:/fehqt/proteus/gcc/bin/../lib/gcc/arm-none-eabi/4.6.2/../../../../arm-none-eabi/lib/armv7e-m\libsupc++.a(eh_alloc.o)
                              C:\fehqt\Proteus/EWL/lib/armv7e-m\librt.a(New.o) (__cxa_allocate_exception)
c:/fehqt/proteus/gcc/bin/../lib/gcc/arm-none-eabi/4.6.2/../../../../arm-none-eabi/lib/armv7e-m\libsupc++.a(eh_arm.o)
                              C:\fehqt\Proteus/EWL/lib/armv7e-m\librt.a(New.o) (__cxa_end_cleanup)
c:/fehqt/proteus/gcc/bin/../lib/gcc/arm-none-eabi/4.6.2/../../../../arm-none-eabi/lib/armv7e-m\libsupc++.a(eh_aux_runtime.o)
                              c:/fehqt/proteus/gcc/bin/../lib/gcc/arm-none-eabi/4.6.2/../../../../arm-none-eabi/lib/armv7e-m\libsupc++.a(eh_arm.o) (__cxa_bad_typeid)
[...]
Memory Configuration

Name             Origin             Length             Attributes
m_interrupts     0x0000c000         0x00000400         xr
m_cfmprotrom     0x0000c400         0x00000010         xr
m_text           0x0000c410         0x00073bf0         xr
m_data           0x1fff0400         0x0000fc00         xrw
m_data2          0x20000000         0x00010000         xrw
*default*        0x00000000         0xffffffff

Linker script and memory map

LOAD ..\main.o
LOAD ..\io.o
LOAD ..\timer.o
LOAD ..\drive.o
LOAD Startup\__arm_start.o
LOAD Startup\__arm_end.o
LOAD Startup\kinetis_sysinit.o
LOAD Libraries\FEHMotor.o
LOAD Drivers\mcg.o
LOAD Drivers\uart.o
LOAD Drivers\lptmr.o
LOAD FEHProteus.o
LOAD Drivers\FEHPropeller.o
LOAD Libraries\FEHUtility.o
LOAD Libraries\FEHIO.o
LOAD Drivers\adc16.o
LOAD Libraries\FEHBuzzer.o
LOAD Libraries\FEHServo.o
LOAD Libraries\FEHLCD.o
LOAD Libraries\FEHBattery.o
LOAD Drivers\FEHXBee.o
LOAD Libraries\FEHWONKA.o
                0x0001557c                __pformatter = __pformatter_
                [0x00015974]                __sformatter = __sformatter
LOAD C:\fehqt\Proteus/EWL/lib/armv7e-m\libstdc++.a
LOAD C:\fehqt\Proteus/EWL/lib/armv7e-m\libm.a
START GROUP
LOAD C:\fehqt\Proteus/EWL/lib/armv7e-m\libc.a
LOAD C:\fehqt\Proteus/EWL/lib/armv7e-m\libc++.a
LOAD C:\fehqt\Proteus/EWL/lib/armv7e-m\libm.a
LOAD c:/fehqt/proteus/gcc/bin/../lib/gcc/arm-none-eabi/4.6.2/armv7e-m\libgcc.a
LOAD C:\fehqt\Proteus/EWL/lib/armv7e-m\librt.a
LOAD c:/fehqt/proteus/gcc/bin/../lib/gcc/arm-none-eabi/4.6.2/../../../../arm-none-eabi/lib/armv7e-m\libsupc++.a
END GROUP
                0x20000000                _estack = 0x20000000
                0x20000000                __SP_INIT = _estack
                0x00000800                __heap_size = 0x800
                0x00000800                __stack_size = 0x800

.interrupts     0x0000c000      0x1e0
                0x0000c000                __vector_table = .
                0x0000c000                . = ALIGN (0x4)
 *(.vectortable)
 .vectortable   0x0000c000      0x1e0 Startup\kinetis_sysinit.o
                0x0000c1e0                . = ALIGN (0x4)

.cfmprotect     0x0000c400        0x0
                0x0000c400                . = ALIGN (0x4)
 *(.cfmconfig)
                0x0000c400                . = ALIGN (0x4)

.text           0x0000c410     0xbc68
                0x0000c410                . = ALIGN (0x4)
 *(.text)
 .text          0x0000c410      0x370 c:/fehqt/proteus/gcc/bin/../lib/gcc/arm-none-eabi/4.6.2/armv7e-m\libgcc.a(_arm_addsubdf3.o)
                0x0000c410                __aeabi_drsub
                0x0000c418                __aeabi_dsub
                0x0000c418                __subdf3
                0x0000c41c                __aeabi_dadd
                0x0000c41c                __adddf3
                0x0000c694                __floatunsidf
                0x0000c694                __aeabi_ui2d
                0x0000c6b4                __floatsidf
                0x0000c6b4                __aeabi_i2d
                0x0000c6d8                __aeabi_f2d
                0x0000c6d8                __extendsfdf2
                0x0000c714                __floatundidf
                0x0000c714                __aeabi_ul2d
                0x0000c724                __floatdidf
                0x0000c724                __aeabi_l2d
 .text          0x0000c780      0x424 c:/fehqt/proteus/gcc/bin/../lib/gcc/arm-none-eabi/4.6.2/armv7e-m\libgcc.a(_arm_muldivdf3.o)
                0x0000c780                __aeabi_dmul
                0x0000c780                __muldf3
                0x0000c9d4                __divdf3
                0x0000c9d4                __aeabi_ddiv
 .text          0x0000cba4      0x110 c:/fehqt/proteus/gcc/bin/../lib/gcc/arm-none-eabi/4.6.2/armv7e-m\libgcc.a(_arm_cmpdf2.o)
                0x0000cba4                __gtdf2
                0x0000cba4                __gedf2
                0x0000cbac                __ltdf2
                0x0000cbac                __ledf2
                0x0000cbb4                __nedf2
                0x0000cbb4                __eqdf2
                0x0000cbb4                __cmpdf2
                0x0000cc30                __aeabi_cdrcmple
                0x0000cc40                __aeabi_cdcmpeq
                0x0000cc40                __aeabi_cdcmple
                0x0000cc50                __aeabi_dcmpeq
                0x0000cc64                __aeabi_dcmplt
                0x0000cc78                __aeabi_dcmple
                0x0000cc8c                __aeabi_dcmpge
                0x0000cca0                __aeabi_dcmpgt
 .text          0x0000ccb4       0x50 c:/fehqt/proteus/gcc/bin/../lib/gcc/arm-none-eabi/4.6.2/armv7e-m\libgcc.a(_arm_fixdfsi.o)
                0x0000ccb4                __aeabi_d2iz
                0x0000ccb4                __fixdfsi
 .text          0x0000cd04       0x40 c:/fehqt/proteus/gcc/bin/../lib/gcc/arm-none-eabi/4.6.2/armv7e-m\libgcc.a(_arm_fixunsdfsi.o)
                0x0000cd04                __aeabi_d2uiz
                0x0000cd04                __fixunsdfsi
 .text          0x0000cd44       0xa0 c:/fehqt/proteus/gcc/bin/../lib/gcc/arm-none-eabi/4.6.2/armv7e-m\libgcc.a(_arm_truncdfsf2.o)
                0x0000cd44                __truncdfsf2
                0x0000cd44                __aeabi_d2f
 .text          0x0000cde4      0x21c c:/fehqt/proteus/gcc/bin/../lib/gcc/arm-none-eabi/4.6.2/armv7e-m\libgcc.a(_arm_addsubsf3.o)
                0x0000cde4                __aeabi_frsub
                0x0000cdec                __subsf3
                0x0000cdec                __aeabi_fsub
                0x0000cdf0                __aeabi_fadd
                0x0000cdf0                __addsf3
                0x0000cf50                __aeabi_ui2f
                0x0000cf50                __floatunsisf
                0x0000cf58                __aeabi_i2f
                0x0000cf58                __floatsisf
                0x0000cf74                __aeabi_ul2f
                0x0000cf74                __floatundisf
                0x0000cf84                __aeabi_l2f
                0x0000cf84                __floatdisf
 .text          0x0000d000      0x2a0 c:/fehqt/proteus/gcc/bin/../lib/gcc/arm-none-eabi/4.6.2/armv7e-m\libgcc.a(_arm_muldivsf3.o)
                0x0000d000                __mulsf3
                0x0000d000                __aeabi_fmul
                0x0000d168                __aeabi_fdiv
                0x0000d168                __divsf3
 .text          0x0000d2a0       0xec c:/fehqt/proteus/gcc/bin/../lib/gcc/arm-none-eabi/4.6.2/armv7e-m\libgcc.a(_arm_cmpsf2.o)
                0x0000d2a0                __gesf2
                0x0000d2a0                __gtsf2
                0x0000d2a8                __lesf2
                0x0000d2a8                __ltsf2
                0x0000d2b0                __nesf2
                0x0000d2b0                __eqsf2
                0x0000d2b0                __cmpsf2
                0x0000d310                __aeabi_cfrcmple
                0x0000d318                __aeabi_cfcmpeq
                0x0000d318                __aeabi_cfcmple
                0x0000d328                __aeabi_fcmpeq
                0x0000d33c                __aeabi_fcmplt
                0x0000d350                __aeabi_fcmple
                0x0000d364                __aeabi_fcmpge
                0x0000d378                __aeabi_fcmpgt
 .text          0x0000d38c       0x4c c:/fehqt/proteus/gcc/bin/../lib/gcc/arm-none-eabi/4.6.2/armv7e-m\libgcc.a(_arm_fixsfsi.o)
                0x0000d38c                __aeabi_f2iz
                0x0000d38c                __fixsfsi
 .text          0x0000d3d8       0x40 c:/fehqt/proteus/gcc/bin/../lib/gcc/arm-none-eabi/4.6.2/armv7e-m\libgcc.a(_arm_fixunssfsi.o)
                0x0000d3d8                __fixunssfsi
                0x0000d3d8                __aeabi_f2uiz
 .text          0x0000d418      0xb54 c:/fehqt/proteus/gcc/bin/../lib/gcc/arm-none-eabi/4.6.2/armv7e-m\libgcc.a(unwind-arm.o)
                0x0000d6c0                _Unwind_VRS_Get
                0x0000d700                _Unwind_VRS_Set
                0x0000da60                __aeabi_unwind_cpp_pr2
                0x0000da64                __aeabi_unwind_cpp_pr1
                0x0000da68                __aeabi_unwind_cpp_pr0
                0x0000da6c                _Unwind_VRS_Pop
                0x0000de20                _Unwind_GetCFA
                0x0000de24                __gnu_Unwind_RaiseException
                0x0000de84                __gnu_Unwind_ForcedUnwind
                0x0000de98                __gnu_Unwind_Resume
                0x0000ded4                __gnu_Unwind_Resume_or_Rethrow
                0x0000dee4                _Unwind_Complete
                0x0000dee8                _Unwind_DeleteException
                0x0000def8                __gnu_Unwind_Backtrace
 .text          0x0000df6c      0x1ac c:/fehqt/proteus/gcc/bin/../lib/gcc/arm-none-eabi/4.6.2/armv7e-m\libgcc.a(libunwind.o)
                0x0000df6c                __restore_core_regs
                0x0000df6c                restore_core_regs
                0x0000df84                __gnu_Unwind_Restore_VFP
                0x0000df8c                __gnu_Unwind_Save_VFP
                0x0000df94                __gnu_Unwind_Restore_VFP_D
                0x0000df9c                __gnu_Unwind_Save_VFP_D
                0x0000dfa4                __gnu_Unwind_Restore_VFP_D_16_to_31
                0x0000dfac                __gnu_Unwind_Save_VFP_D_16_to_31
                0x0000dfb4                __gnu_Unwind_Restore_WMMXD
                0x0000dff8                __gnu_Unwind_Save_WMMXD
                0x0000e03c                __gnu_Unwind_Restore_WMMXC
                0x0000e050                __gnu_Unwind_Save_WMMXC
                0x0000e064                ___Unwind_RaiseException
                0x0000e064                _Unwind_RaiseException
                0x0000e088                _Unwind_Resume
                0x0000e088                ___Unwind_Resume
                0x0000e0ac                _Unwind_Resume_or_Rethrow
                0x0000e0ac                ___Unwind_Resume_or_Rethrow
                0x0000e0d0                _Unwind_ForcedUnwind
                0x0000e0d0                ___Unwind_ForcedUnwind
                0x0000e0f4                ___Unwind_Backtrace
                0x0000e0f4                _Unwind_Backtrace
 .text          0x0000e118      0x374 c:/fehqt/proteus/gcc/bin/../lib/gcc/arm-none-eabi/4.6.2/armv7e-m\libgcc.a(pr-support.o)
                0x0000e16c                __gnu_unwind_execute
                0x0000e434                __gnu_unwind_frame
                0x0000e45c                _Unwind_GetRegionStart
                0x0000e468                _Unwind_GetLanguageSpecificData
                0x0000e47c                _Unwind_GetDataRelBase
                0x0000e484                _Unwind_GetTextRelBase
 *(.text*)
 .text.main     0x0000e48c      0x65c ..\main.o
                0x0000e48c                main
 .text._Z9RunScriptPc
                0x0000eae8       0xe0 ..\main.o
                0x0000eae8                RunScript(char*)
 .text._Z3pt7v  0x0000ebc8      0x3dc ..\main.o
                0x0000ebc8                pt7()
 .text._Z9pt7_bonusv
                0x0000efa4       0xa0 ..\main.o
                0x0000efa4                pt7_bonus()
 .text._Z4testv
                0x0000f044       0xb8 ..\main.o
                0x0000f044                test()
 .text._Z4compv
                0x0000f0fc      0x328 ..\main.o
                0x0000f0fc                comp()
 .text._Z11encoderTestv
                0x0000f424       0xa0 ..\main.o
                0x0000f424                encoderTest()
 .text._Z41__static_initialization_and_destruction_0ii
                0x0000f4c4       0x30 ..\main.o
 .text._GLOBAL__sub_I_button_board
                0x0000f4f4       0x14 ..\main.o
 .text._ZN2IOC2EP5TimerP11ButtonBoardP6FEHLCDP8FEHWONKAP10FEHEncoderS9_P15DigitalInputPinSB_SB_SB_SB_P14AnalogInputPinSD_
                0x0000f508       0xd8 ..\io.o
                0x0000f508                IO::IO(Timer*, ButtonBoard*, FEHLCD*, FEHWONKA*, FEHEncoder*, FEHEncoder*, DigitalInputPin*, DigitalInputPin*, DigitalInputPin*, DigitalInputPin*, DigitalInputPin*, AnalogInputPin*, AnalogInputPin*)
                0x0000f508                IO::IO(Timer*, ButtonBoard*, FEHLCD*, FEHWONKA*, FEHEncoder*, FEHEncoder*, DigitalInputPin*, DigitalInputPin*, DigitalInputPin*, DigitalInputPin*, DigitalInputPin*, AnalogInputPin*, AnalogInputPin*)
 .text._ZN2IO6UpdateEv
                0x0000f5e0       0x84 ..\io.o
                0x0000f5e0                IO::Update()
 .text._ZN2IO26ButtonBoardGetPressedEventENS_6ButtonE
                0x0000f664       0x44 ..\io.o
                0x0000f664                IO::ButtonBoardGetPressedEvent(IO::Button)
 .text._ZN2IO13ResetEncodersEv
                0x0000f6a8       0x24 ..\io.o
                0x0000f6a8                IO::ResetEncoders()
 *fill*         0x0000f6cc        0x4 00
 .text._ZN2IO16GetDistTravelledEv
                0x0000f6d0       0x70 ..\io.o
                0x0000f6d0                IO::GetDistTravelled()
 .text._ZN2IO17WaitForStartLightEv
                0x0000f740       0xcc ..\io.o
                0x0000f740                IO::WaitForStartLight()
 .text._ZN2IO20InitializeScoopLightEv
                0x0000f80c       0x20 ..\io.o
                0x0000f80c                IO::InitializeScoopLight()
 .text._ZN2IO14ReadScoopLightEv
                0x0000f82c       0xec ..\io.o
                0x0000f82c                IO::ReadScoopLight()
 .text._ZN5TimerC2Ef
                0x0000f918       0x34 ..\timer.o
                0x0000f918                Timer::Timer(float)
                0x0000f918                Timer::Timer(float)
 .text._ZN5Timer7GetTimeEv
                0x0000f94c       0x40 ..\timer.o
                0x0000f94c                Timer::GetTime()
 .text._ZN5Timer5ResetEv
                0x0000f98c       0x28 ..\timer.o
                0x0000f98c                Timer::Reset()
 .text._ZN5Timer10SetTimeoutEf
                0x0000f9b4       0x1c ..\timer.o
                0x0000f9b4                Timer::SetTimeout(float)
 .text._ZN5Timer9IsTimeoutEv
                0x0000f9d0       0x48 ..\timer.o
                0x0000f9d0                Timer::IsTimeout()
 .text._ZN5DriveC2EP8FEHMotorS1_P2IO
                0x0000fa18       0x38 ..\drive.o
                0x0000fa18                Drive::Drive(FEHMotor*, FEHMotor*, IO*)
                0x0000fa18                Drive::Drive(FEHMotor*, FEHMotor*, IO*)
 .text._ZN5Drive8SetDriveEii
                0x0000fa50       0x88 ..\drive.o
                0x0000fa50                Drive::SetDrive(int, int)
 .text._ZN5Drive10SetDriveLREii
                0x0000fad8       0x44 ..\drive.o
                0x0000fad8                Drive::SetDriveLR(int, int)
 .text._ZN5Drive12SetDriveTimeEiif
                0x0000fb1c       0x34 ..\drive.o
                0x0000fb1c                Drive::SetDriveTime(int, int, float)
 .text._ZN5Drive10PushButtonEv
                0x0000fb50       0x70 ..\drive.o
                0x0000fb50                Drive::PushButton()
 .text._ZN5Drive10TurnAmountEiNS_4SideE
                0x0000fbc0      0x234 ..\drive.o
                0x0000fbc0                Drive::TurnAmount(int, Drive::Side)
 .text._ZN5Drive9TurnAngleEiNS_4SideES0_
                0x0000fdf4       0xdc ..\drive.o
                0x0000fdf4                Drive::TurnAngle(int, Drive::Side, Drive::Side)
 .text._ZN5Drive19SquareToWallForwardEv
                0x0000fed0       0xf8 ..\drive.o
                0x0000fed0                Drive::SquareToWallForward()
 .text._ZN5Drive20SquareToWallBackwardEv
                0x0000ffc8      0x180 ..\drive.o
                0x0000ffc8                Drive::SquareToWallBackward()
 .text._ZN5Drive9DriveDistEif
                0x00010148      0x108 ..\drive.o
                0x00010148                Drive::DriveDist(int, float)
 .text._ZN5Drive11EncoderTurnEf
                0x00010250      0x260 ..\drive.o
                0x00010250                Drive::EncoderTurn(float)
 .text.zero_fill_bss
                0x000104b0       0x34 Startup\__arm_start.o
 .text.__thumb_startup
                0x000104e4       0x34 Startup\__arm_start.o
                0x000104e4                __thumb_startup
 .text.InitFEHProteus
                0x00010518      0x15c Startup\__arm_start.o
                0x00010518                InitFEHProteus
 .text.pll_init_bl
                0x00010674      0x130 Startup\__arm_start.o
 .text.InitPowerButton
                0x000107a4       0x90 Startup\__arm_start.o
                0x000107a4                InitPowerButton
 .text._ExitProcess
                0x00010834        0xc Startup\__arm_end.o
                0x00010834                _ExitProcess
 .text.Default_Handler
                0x00010840        0xc Startup\kinetis_sysinit.o
                0x00010840                BusFault_Handler()
                0x00010840                HardFault_Handler()
                0x00010840                SysTick_Handler()
                0x00010840                PendSV_Handler()
                0x00010840                DebugMonitor_Handler()
                0x00010840                MemManage_Handler()
                0x00010840                NMI_Handler()
                0x00010840                SVC_Handler()
                0x00010840                Default_Handler
                0x00010840                UsageFault_Handler()
 .text.__init_hardware
                0x0001084c       0x44 Startup\kinetis_sysinit.o
                0x0001084c                __init_hardware
 .text._Z8PortDISRv
                0x00010890       0x5c Startup\kinetis_sysinit.o
                0x00010890                PortDISR()
 .text._ZN8FEHMotorC2ENS_12FEHMotorPortE
                0x000108ec       0x28 Libraries\FEHMotor.o
                0x000108ec                FEHMotor::FEHMotor(FEHMotor::FEHMotorPort)
                0x000108ec                FEHMotor::FEHMotor(FEHMotor::FEHMotorPort)
 *fill*         0x00010914        0x4 00
 .text._ZN8FEHMotor10SetPercentEf
                0x00010918       0xd8 Libraries\FEHMotor.o
                0x00010918                FEHMotor::SetPercent(float)
 .text._Z9uart_initPV11UART_MemMapii
                0x000109f0      0x20c Drivers\uart.o
                0x000109f0                uart_init(UART_MemMap volatile*, int, int)
 .text._Z12uart_getcharPV11UART_MemMap
                0x00010bfc       0x34 Drivers\uart.o
                0x00010bfc                uart_getchar(UART_MemMap volatile*)
 .text._Z12uart_putcharPV11UART_MemMapc
                0x00010c30       0x38 Drivers\uart.o
                0x00010c30                uart_putchar(UART_MemMap volatile*, char)
 .text._Z13time_delay_msm
                0x00010c68       0xa4 Drivers\lptmr.o
                0x00010c68                time_delay_ms(unsigned long)
 .text._Z41__static_initialization_and_destruction_0ii
                0x00010d0c       0x30 FEHProteus.o
 .text._GLOBAL__sub_I_Propeller
                0x00010d3c       0x14 FEHProteus.o
 .text._ZN12FEHPropellerC2Ev
                0x00010d50       0x20 Drivers\FEHPropeller.o
                0x00010d50                FEHPropeller::FEHPropeller()
                0x00010d50                FEHPropeller::FEHPropeller()
 .text._ZN12FEHPropeller10InitializeEv
                0x00010d70       0x94 Drivers\FEHPropeller.o
                0x00010d70                FEHPropeller::Initialize()
 .text._ZN12FEHPropeller12SetMotorRateEhhh
                0x00010e04       0x78 Drivers\FEHPropeller.o
                0x00010e04                FEHPropeller::SetMotorRate(unsigned char, unsigned char, unsigned char)
 .text._ZL5Delaymjj
                0x00010e7c       0xc4 Libraries\FEHUtility.o
 .text._Z5Sleepi
                0x00010f40       0x34 Libraries\FEHUtility.o
                0x00010f40                Sleep(int)
 .text._Z5Sleepf
                0x00010f74       0x48 Libraries\FEHUtility.o
                0x00010f74                Sleep(float)
 *fill*         0x00010fbc        0x4 00
 .text._Z5Sleepd
                0x00010fc0       0x58 Libraries\FEHUtility.o
                0x00010fc0                Sleep(double)
 .text._Z7TimeNowv
                0x00011018       0x70 Libraries\FEHUtility.o
                0x00011018                TimeNow()
 .text._Z11TimeNowMSecv
                0x00011088       0x44 Libraries\FEHUtility.o
                0x00011088                TimeNowMSec()
 .text._ZN15DigitalInputPinC2EN5FEHIO8FEHIOPinE
                0x000110cc       0x24 Libraries\FEHIO.o
                0x000110cc                DigitalInputPin::DigitalInputPin(FEHIO::FEHIOPin)
                0x000110cc                DigitalInputPin::DigitalInputPin(FEHIO::FEHIOPin)
 .text._ZN15DigitalInputPinC2Ev
                0x000110f0       0x18 Libraries\FEHIO.o
                0x000110f0                DigitalInputPin::DigitalInputPin()
                0x000110f0                DigitalInputPin::DigitalInputPin()
 .text._ZN15DigitalInputPin10InitializeEN5FEHIO8FEHIOPinE
                0x00011108      0x224 Libraries\FEHIO.o
                0x00011108                DigitalInputPin::Initialize(FEHIO::FEHIOPin)
 .text._ZN15DigitalInputPin5ValueEv
                0x0001132c      0x148 Libraries\FEHIO.o
                0x0001132c                DigitalInputPin::Value()
 .text._ZN14AnalogInputPinC2EN5FEHIO8FEHIOPinE
                0x00011474       0x20 Libraries\FEHIO.o
                0x00011474                AnalogInputPin::AnalogInputPin(FEHIO::FEHIOPin)
                0x00011474                AnalogInputPin::AnalogInputPin(FEHIO::FEHIOPin)
 *fill*         0x00011494        0x4 00
 .text._ZN14AnalogInputPin5ValueEv
                0x00011498      0x1c0 Libraries\FEHIO.o
                0x00011498                AnalogInputPin::Value()
 .text._ZN10FEHEncoder12EncoderValueEv
                0x00011658       0xe4 Libraries\FEHIO.o
                0x00011658                FEHEncoder::EncoderValue()
 .text._ZN14AnalogInputPin8InitADCsEv
                0x0001173c      0x120 Libraries\FEHIO.o
                0x0001173c                AnalogInputPin::InitADCs()
 .text._Z8pit0_isrv
                0x0001185c       0x34 Libraries\FEHIO.o
                0x0001185c                pit0_isr()
 .text._ZN10FEHEncoder4InitEv
                0x00011890       0x64 Libraries\FEHIO.o
                0x00011890                FEHEncoder::Init()
 .text._ZN10FEHEncoder14SetCounterInitEj
                0x000118f4       0x20 Libraries\FEHIO.o
                0x000118f4                FEHEncoder::SetCounterInit(unsigned int)
 .text._ZN10FEHEncoderC2EN5FEHIO8FEHIOPinE
                0x00011914      0x194 Libraries\FEHIO.o
                0x00011914                FEHEncoder::FEHEncoder(FEHIO::FEHIOPin)
                0x00011914                FEHEncoder::FEHEncoder(FEHIO::FEHIOPin)
 .text._ZN10FEHEncoder10ProcessIntEv
                0x00011aa8       0x80 Libraries\FEHIO.o
                0x00011aa8                FEHEncoder::ProcessInt()
 .text._ZN10FEHEncoder14ProcessIntSelfEv
                0x00011b28       0x80 Libraries\FEHIO.o
                0x00011b28                FEHEncoder::ProcessIntSelf()
 .text._ZN10FEHEncoder6CountsEv
                0x00011ba8       0x18 Libraries\FEHIO.o
                0x00011ba8                FEHEncoder::Counts()
 .text._ZN10FEHEncoder11ResetCountsEv
                0x00011bc0       0x1c Libraries\FEHIO.o
                0x00011bc0                FEHEncoder::ResetCounts()
 .text._ZN11ButtonBoardC2EN5FEHIO9FEHIOPortE
                0x00011bdc      0x10c Libraries\FEHIO.o
                0x00011bdc                ButtonBoard::ButtonBoard(FEHIO::FEHIOPort)
                0x00011bdc                ButtonBoard::ButtonBoard(FEHIO::FEHIOPort)
 .text._ZN11ButtonBoard11LeftPressedEv
                0x00011ce8       0x24 Libraries\FEHIO.o
                0x00011ce8                ButtonBoard::LeftPressed()
 .text._ZN11ButtonBoard13MiddlePressedEv
                0x00011d0c       0x28 Libraries\FEHIO.o
                0x00011d0c                ButtonBoard::MiddlePressed()
 .text._ZN11ButtonBoard12RightPressedEv
                0x00011d34       0x28 Libraries\FEHIO.o
                0x00011d34                ButtonBoard::RightPressed()
 .text._Z7ADC_CalPV10ADC_MemMap
                0x00011d5c      0x14c Drivers\adc16.o
                0x00011d5c                ADC_Cal(ADC_MemMap volatile*)
 .text._Z14ADC_Config_AltPV10ADC_MemMapP7adc_cfg
                0x00011ea8       0x6c Drivers\adc16.o
                0x00011ea8                ADC_Config_Alt(ADC_MemMap volatile*, adc_cfg*)
 .text._ZN9FEHBuzzerC2Ev
                0x00011f14       0x18 Libraries\FEHBuzzer.o
                0x00011f14                FEHBuzzer::FEHBuzzer()
                0x00011f14                FEHBuzzer::FEHBuzzer()
 .text._Z41__static_initialization_and_destruction_0ii
                0x00011f2c       0x30 Libraries\FEHBuzzer.o
 .text._GLOBAL__sub_I_Buzzer
                0x00011f5c       0x14 Libraries\FEHBuzzer.o
 .text._ZN8FEHServoC2ENS_12FEHServoPortE
                0x00011f70       0x3c Libraries\FEHServo.o
                0x00011f70                FEHServo::FEHServo(FEHServo::FEHServoPort)
                0x00011f70                FEHServo::FEHServo(FEHServo::FEHServoPort)
 .text._ZN8FEHServo6SetMinEi
                0x00011fac       0x3c Libraries\FEHServo.o
                0x00011fac                FEHServo::SetMin(int)
 .text._ZN8FEHServo6SetMaxEi
                0x00011fe8       0x3c Libraries\FEHServo.o
                0x00011fe8                FEHServo::SetMax(int)
 *fill*         0x00012024        0x4 00
 .text._ZN8FEHServo9SetDegreeEf
                0x00012028      0x148 Libraries\FEHServo.o
                0x00012028                FEHServo::SetDegree(float)
 .text._ZN8FEHServo9DigitalOnEv
                0x00012170       0x64 Libraries\FEHServo.o
                0x00012170                FEHServo::DigitalOn()
 .text._ZN6FEHLCD11_InitializeEv
                0x000121d4      0x5c0 Libraries\FEHLCD.o
                0x000121d4                FEHLCD::_Initialize()
 .text._ZN6FEHLCDC2Ev
                0x00012794       0x64 Libraries\FEHLCD.o
                0x00012794                FEHLCD::FEHLCD()
                0x00012794                FEHLCD::FEHLCD()
 .text._ZN6FEHLCD10InitializeEv
                0x000127f8       0x38 Libraries\FEHLCD.o
                0x000127f8                FEHLCD::Initialize()
 .text._ZN6FEHLCD10PrintImageEii
                0x00012830       0xf4 Libraries\FEHLCD.o
                0x00012830                FEHLCD::PrintImage(int, int)
 .text._ZN6FEHLCD22ConvertFEHColorTo24BitENS_11FEHLCDColorE
                0x00012924       0x80 Libraries\FEHLCD.o
                0x00012924                FEHLCD::ConvertFEHColorTo24Bit(FEHLCD::FEHLCDColor)
 .text._ZN6FEHLCD24Convert24BitColorTo16BitEj
                0x000129a4       0x40 Libraries\FEHLCD.o
                0x000129a4                FEHLCD::Convert24BitColorTo16Bit(unsigned int)
 .text._ZN6FEHLCD22ConvertRGBColorTo16BitEhhh
                0x000129e4       0x44 Libraries\FEHLCD.o
                0x000129e4                FEHLCD::ConvertRGBColorTo16Bit(unsigned char, unsigned char, unsigned char)
 .text._ZN6FEHLCD5ClearENS_11FEHLCDColorE
                0x00012a28       0x28 Libraries\FEHLCD.o
                0x00012a28                FEHLCD::Clear(FEHLCD::FEHLCDColor)
 .text._ZN6FEHLCD5ClearEj
                0x00012a50       0x2c Libraries\FEHLCD.o
                0x00012a50                FEHLCD::Clear(unsigned int)
 .text._ZN6FEHLCD5ClearEv
                0x00012a7c       0x18 Libraries\FEHLCD.o
                0x00012a7c                FEHLCD::Clear()
 .text._ZN6FEHLCD18SetBackgroundColorENS_11FEHLCDColorE
                0x00012a94       0x28 Libraries\FEHLCD.o
                0x00012a94                FEHLCD::SetBackgroundColor(FEHLCD::FEHLCDColor)
 .text._ZN6FEHLCD18SetBackgroundColorEj
                0x00012abc       0x28 Libraries\FEHLCD.o
                0x00012abc                FEHLCD::SetBackgroundColor(unsigned int)
 .text._ZN6FEHLCD12SetFontColorENS_11FEHLCDColorE
                0x00012ae4       0x28 Libraries\FEHLCD.o
                0x00012ae4                FEHLCD::SetFontColor(FEHLCD::FEHLCDColor)
 .text._ZN6FEHLCD12SetFontColorEj
                0x00012b0c       0x28 Libraries\FEHLCD.o
                0x00012b0c                FEHLCD::SetFontColor(unsigned int)
 .text._ZN6FEHLCD7WriteAtEPKcii
                0x00012b34       0x58 Libraries\FEHLCD.o
                0x00012b34                FEHLCD::WriteAt(char const*, int, int)
 .text._ZN6FEHLCD5WriteEPKc
                0x00012b8c       0x5c Libraries\FEHLCD.o
                0x00012b8c                FEHLCD::Write(char const*)
 .text._ZN6FEHLCD5WriteEi
                0x00012be8       0x34 Libraries\FEHLCD.o
                0x00012be8                FEHLCD::Write(int)
 .text._ZN6FEHLCD5WriteEf
                0x00012c1c       0xdc Libraries\FEHLCD.o
                0x00012c1c                FEHLCD::Write(float)
 .text._ZN6FEHLCD5WriteEb
                0x00012cf8       0x38 Libraries\FEHLCD.o
                0x00012cf8                FEHLCD::Write(bool)
 .text._ZN6FEHLCD5WriteEc
                0x00012d30       0x30 Libraries\FEHLCD.o
                0x00012d30                FEHLCD::Write(char)
 .text._ZN6FEHLCD9WriteLineEPKc
                0x00012d60       0x28 Libraries\FEHLCD.o
                0x00012d60                FEHLCD::WriteLine(char const*)
 .text._ZN6FEHLCD9WriteLineEf
                0x00012d88       0x28 Libraries\FEHLCD.o
                0x00012d88                FEHLCD::WriteLine(float)
 .text._ZN6FEHLCD9WriteLineEb
                0x00012db0       0x2c Libraries\FEHLCD.o
                0x00012db0                FEHLCD::WriteLine(bool)
 .text._ZN6FEHLCD9WriteLineEc
                0x00012ddc       0x2c Libraries\FEHLCD.o
                0x00012ddc                FEHLCD::WriteLine(char)
 .text._ZN6FEHLCD10WriteIndexEh
                0x00012e08      0x288 Libraries\FEHLCD.o
                0x00012e08                FEHLCD::WriteIndex(unsigned char)
 .text._ZN6FEHLCD14WriteParameterEh
                0x00013090      0x254 Libraries\FEHLCD.o
                0x00013090                FEHLCD::WriteParameter(unsigned char)
 .text._ZN6FEHLCD6_ClearEv
                0x000132e4      0x228 Libraries\FEHLCD.o
                0x000132e4                FEHLCD::_Clear()
 .text._ZN6FEHLCD8NextLineEv
                0x0001350c       0x30 Libraries\FEHLCD.o
                0x0001350c                FEHLCD::NextLine()
 .text._ZN6FEHLCD9CheckLineEv
                0x0001353c       0x2c Libraries\FEHLCD.o
                0x0001353c                FEHLCD::CheckLine()
 .text._ZN6FEHLCD8NextCharEv
                0x00013568       0x34 Libraries\FEHLCD.o
                0x00013568                FEHLCD::NextChar()
 .text._ZN6FEHLCD13SetDrawRegionEiiii
                0x0001359c      0x10c Libraries\FEHLCD.o
                0x0001359c                FEHLCD::SetDrawRegion(int, int, int, int)
 .text._ZN6FEHLCD9WriteCharEiic
                0x000136a8       0x40 Libraries\FEHLCD.o
                0x000136a8                FEHLCD::WriteChar(int, int, char)
 .text._ZN6FEHLCD11WriteCharAtEiic
                0x000136e8      0x278 Libraries\FEHLCD.o
                0x000136e8                FEHLCD::WriteCharAt(int, int, char)
 .text._ZN6FEHLCD11RepeatColorEv
                0x00013960       0xbc Libraries\FEHLCD.o
                0x00013960                FEHLCD::RepeatColor()
 .text._ZN6FEHLCD10_ForePixelEv
                0x00013a1c      0x160 Libraries\FEHLCD.o
                0x00013a1c                FEHLCD::_ForePixel()
 .text._ZN6FEHLCD10_BackPixelEv
                0x00013b7c      0x160 Libraries\FEHLCD.o
                0x00013b7c                FEHLCD::_BackPixel()
 .text._ZN6FEHLCD22SetRegisterColorValuesEv
                0x00013cdc      0x4c0 Libraries\FEHLCD.o
                0x00013cdc                FEHLCD::SetRegisterColorValues()
 .text._Z41__static_initialization_and_destruction_0ii
                0x0001419c       0x30 Libraries\FEHLCD.o
 .text._GLOBAL__sub_I_image
                0x000141cc       0x14 Libraries\FEHLCD.o
 .text._ZN10FEHBatteryC2EN5FEHIO8FEHIOPinE
                0x000141e0       0x24 Libraries\FEHBattery.o
                0x000141e0                FEHBattery::FEHBattery(FEHIO::FEHIOPin)
                0x000141e0                FEHBattery::FEHBattery(FEHIO::FEHIOPin)
 .text._Z41__static_initialization_and_destruction_0ii
                0x00014204       0x34 Libraries\FEHBattery.o
 .text._GLOBAL__sub_I_Battery
                0x00014238       0x14 Libraries\FEHBattery.o
 .text._ZN7FEHXBeeC2Ev
                0x0001424c       0x20 Drivers\FEHXBee.o
                0x0001424c                FEHXBee::FEHXBee()
                0x0001424c                FEHXBee::FEHXBee()
 .text._ZN7FEHXBee10InitializeEv
                0x0001426c      0x148 Drivers\FEHXBee.o
                0x0001426c                FEHXBee::Initialize()
 .text._ZN7FEHXBee13IsInitializedEv
                0x000143b4       0x18 Drivers\FEHXBee.o
                0x000143b4                FEHXBee::IsInitialized()
 .text._ZN7FEHXBee17ReceiveDataSearchEPcjh
                0x000143cc       0xb4 Drivers\FEHXBee.o
                0x000143cc                FEHXBee::ReceiveDataSearch(char*, unsigned int, unsigned char)
 .text._ZN7FEHXBee8SendDataEPcj
                0x00014480       0x50 Drivers\FEHXBee.o
                0x00014480                FEHXBee::SendData(char*, unsigned int)
 .text._ZN7FEHXBee17SetPacketCallBackEPFvPhhE
                0x000144d0       0x20 Drivers\FEHXBee.o
                0x000144d0                FEHXBee::SetPacketCallBack(void (*)(unsigned char*, unsigned char))
 .text._Z9UART0_ISRv
                0x000144f0      0x174 Drivers\FEHXBee.o
                0x000144f0                UART0_ISR()
 .text._ZN8FEHWONKAC2Ev
                0x00014664       0x88 Libraries\FEHWONKA.o
                0x00014664                FEHWONKA::FEHWONKA()
                0x00014664                FEHWONKA::FEHWONKA()
 .text._ZN8FEHWONKA14InitializeMenuEv
                0x000146ec      0x1e8 Libraries\FEHWONKA.o
                0x000146ec                FEHWONKA::InitializeMenu()
 .text._ZN8FEHWONKA10InitializeEi
                0x000148d4      0x740 Libraries\FEHWONKA.o
                0x000148d4                FEHWONKA::Initialize(int)
 .text._ZN8FEHWONKA10InitializeEc
                0x00015014       0x4c Libraries\FEHWONKA.o
                0x00015014                FEHWONKA::Initialize(char)
 .text._ZN8FEHWONKA6EnableEv
                0x00015060       0x58 Libraries\FEHWONKA.o
                0x00015060                FEHWONKA::Enable()
 .text._ZN8FEHWONKA19CurrentRegionLetterEv
                0x000150b8       0x20 Libraries\FEHWONKA.o
                0x000150b8                FEHWONKA::CurrentRegionLetter()
 .text._ZN8FEHWONKA4OvenEv
                0x000150d8       0x24 Libraries\FEHWONKA.o
                0x000150d8                FEHWONKA::Oven()
 .text._ZN8FEHWONKA13WaitForPacketEv
                0x000150fc       0x7c Libraries\FEHWONKA.o
                0x000150fc                FEHWONKA::WaitForPacket()
 .text._ZN8FEHWONKA7HeadingEv
                0x00015178       0x20 Libraries\FEHWONKA.o
                0x00015178                FEHWONKA::Heading()
 .text._Z16WONKADataProcessPhh
                0x00015198      0x12c Libraries\FEHWONKA.o
                0x00015198                WONKADataProcess(unsigned char*, unsigned char)
 .text._Z41__static_initialization_and_destruction_0ii
                0x000152c4       0x40 Libraries\FEHWONKA.o
 .text._GLOBAL__sub_I_WONKA
                0x00015304       0x14 Libraries\FEHWONKA.o
 .text.sprintf  0x00015318       0x1c C:\fehqt\Proteus/EWL/lib/armv7e-m\libc.a(sprintf.o)
                0x00015318                sprintf
 .text.__StringWrite
                0x00015334       0x28 C:\fehqt\Proteus/EWL/lib/armv7e-m\libc.a(vsnprintf.o)
                0x00015334                __StringWrite
 .text.vsnprintf
                0x0001535c       0x34 C:\fehqt\Proteus/EWL/lib/armv7e-m\libc.a(vsnprintf.o)
                0x0001535c                vsnprintf
 .text.exit     0x00015390       0x38 C:\fehqt\Proteus/EWL/lib/armv7e-m\libc.a(exit.o)
                0x00015390                exit
 .text.memcpy   0x000153c8       0x12 C:\fehqt\Proteus/EWL/lib/armv7e-m\libc.a(memcpy.o)
                0x000153c8                memcpy
 .text.memset   0x000153da        0xc C:\fehqt\Proteus/EWL/lib/armv7e-m\libc.a(memset.o)
                0x000153da                memset
 .text.long2str.isra.0
                0x000153e6      0x196 C:\fehqt\Proteus/EWL/lib/armv7e-m\libc.a(printformat_.o)
 .text.__pformatter_
                0x0001557c      0x3f8 C:\fehqt\Proteus/EWL/lib/armv7e-m\libc.a(printformat_.o)
                0x0001557c                __pformatter_
 .text.__sformatter
                0x00015974      0x74e C:\fehqt\Proteus/EWL/lib/armv7e-m\libc.a(scanformat_.o)
                0x00015974                __sformatter
 *fill*         0x000160c2        0x2 00
 .text.isalpha  0x000160c4       0x1c C:\fehqt\Proteus/EWL/lib/armv7e-m\libc.a(ctype_aeabi.o)
                0x000160c4                isalpha
 .text.isspace  0x000160e0       0x1c C:\fehqt\Proteus/EWL/lib/armv7e-m\libc.a(ctype_aeabi.o)
                0x000160e0                isspace
 .text.toupper  0x000160fc        0xc C:\fehqt\Proteus/EWL/lib/armv7e-m\libc.a(ctype_aeabi.o)
                0x000160fc                toupper
 .text.__strtoul
                0x00016108      0x1dc C:\fehqt\Proteus/EWL/lib/armv7e-m\libc.a(__strtoul.o)
                0x00016108                __strtoul
 .text.__fill_mem
                0x000162e4       0x76 C:\fehqt\Proteus/EWL/lib/armv7e-m\libc.a(__filll_mem.o)
                0x000162e4                __fill_mem
 .text.memchr   0x0001635a       0x1a C:\fehqt\Proteus/EWL/lib/armv7e-m\libc.a(memchr.o)
                0x0001635a                memchr
 .text.strchr   0x00016374       0x1c C:\fehqt\Proteus/EWL/lib/armv7e-m\libc.a(strchr.o)
                0x00016374                strchr
 .text.strlen   0x00016390       0x10 C:\fehqt\Proteus/EWL/lib/armv7e-m\libc.a(strlen.o)
                0x00016390                strlen
 .text.__init_cpp
                0x000163a0       0x4c C:\fehqt\Proteus/EWL/lib/armv7e-m\librt.a(gcc_ctor_dtor.o)
                0x000163a0                __init_cpp
 .text.__fini_cpp
                0x000163ec       0x34 C:\fehqt\Proteus/EWL/lib/armv7e-m\librt.a(gcc_ctor_dtor.o)
                0x000163ec                __fini_cpp
 .text.__copy_rom_section
                0x00016420       0x44 C:\fehqt\Proteus/EWL/lib/armv7e-m\librt.a(ROMCopy.o)
                0x00016420                __copy_rom_section
 .text.__copy_rom_sections_to_ram
                0x00016464       0x34 C:\fehqt\Proteus/EWL/lib/armv7e-m\librt.a(ROMCopy.o)
                0x00016464                __copy_rom_sections_to_ram
 .text.__destroy_global_chain
                0x00016498       0x1c C:\fehqt\Proteus/EWL/lib/armv7e-m\librt.a(__arm_eabi_init.o)
                0x00016498                __destroy_global_chain
 .text.__init_registers
                0x000164b4       0x20 C:\fehqt\Proteus/EWL/lib/armv7e-m\librt.a(__arm_eabi_init.o)
                0x000164b4                __init_registers
 .text.__init_user
                0x000164d4        0x4 C:\fehqt\Proteus/EWL/lib/armv7e-m\librt.a(__arm_eabi_init.o)
                0x000164d4                __init_user
 .text._ZNSt9bad_allocD2Ev
                0x000164d8        0xc C:\fehqt\Proteus/EWL/lib/armv7e-m\librt.a(New.o)
                0x000164d8                std::bad_alloc::~bad_alloc()
                0x000164d8                std::bad_alloc::~bad_alloc()
 .text._ZNKSt9bad_alloc4whatEv
                0x000164e4        0x8 C:\fehqt\Proteus/EWL/lib/armv7e-m\librt.a(New.o)
                0x000164e4                std::bad_alloc::what() const
 .text._Znwj    0x000164ec       0x4c C:\fehqt\Proteus/EWL/lib/armv7e-m\librt.a(New.o)
                0x000164ec                operator new(unsigned int)
 .text._ZdlPv   0x00016538        0x8 C:\fehqt\Proteus/EWL/lib/armv7e-m\librt.a(New.o)
                0x00016538                operator delete(void*)
 .text._ZNSt9bad_allocD0Ev
                0x00016540       0x14 C:\fehqt\Proteus/EWL/lib/armv7e-m\librt.a(New.o)
                0x00016540                std::bad_alloc::~bad_alloc()
 .text._Znaj    0x00016554       0x14 C:\fehqt\Proteus/EWL/lib/armv7e-m\librt.a(New.o)
                0x00016554                operator new[](unsigned int)
 .text._ZNK10__cxxabiv117__class_type_info11__do_upcastEPKS0_PPv
                0x00016568       0x38 c:/fehqt/proteus/gcc/bin/../lib/gcc/arm-none-eabi/4.6.2/../../../../arm-none-eabi/lib/armv7e-m\libsupc++.a(class_type_info.o)
                0x00016568                __cxxabiv1::__class_type_info::__do_upcast(__cxxabiv1::__class_type_info const*, void**) const
 .text._ZNK10__cxxabiv117__class_type_info20__do_find_public_srcEiPKvPKS0_S2_
                0x000165a0        0xc c:/fehqt/proteus/gcc/bin/../lib/gcc/arm-none-eabi/4.6.2/../../../../arm-none-eabi/lib/armv7e-m\libsupc++.a(class_type_info.o)
                0x000165a0                __cxxabiv1::__class_type_info::__do_find_public_src(int, void const*, __cxxabiv1::__class_type_info const*, void const*) const
 .text._ZNK10__cxxabiv117__class_type_info11__do_upcastEPKS0_PKvRNS0_15__upcast_resultE
                0x000165ac       0x1c c:/fehqt/proteus/gcc/bin/../lib/gcc/arm-none-eabi/4.6.2/../../../../arm-none-eabi/lib/armv7e-m\libsupc++.a(class_type_info.o)
                0x000165ac                __cxxabiv1::__class_type_info::__do_upcast(__cxxabiv1::__class_type_info const*, void const*, __cxxabiv1::__class_type_info::__upcast_result&) const
 .text._ZN10__cxxabiv117__class_type_infoD2Ev
                0x000165c8       0x14 c:/fehqt/proteus/gcc/bin/../lib/gcc/arm-none-eabi/4.6.2/../../../../arm-none-eabi/lib/armv7e-m\libsupc++.a(class_type_info.o)
                0x000165c8                __cxxabiv1::__class_type_info::~__class_type_info()
                0x000165c8                __cxxabiv1::__class_type_info::~__class_type_info()
 .text._ZN10__cxxabiv117__class_type_infoD0Ev
                0x000165dc       0x1c c:/fehqt/proteus/gcc/bin/../lib/gcc/arm-none-eabi/4.6.2/../../../../arm-none-eabi/lib/armv7e-m\libsupc++.a(class_type_info.o)
                0x000165dc                __cxxabiv1::__class_type_info::~__class_type_info()
 .text._ZNK10__cxxabiv117__class_type_info12__do_dyncastEiNS0_10__sub_kindEPKS0_PKvS3_S5_RNS0_16__dyncast_resultE
                0x000165f8       0x3c c:/fehqt/proteus/gcc/bin/../lib/gcc/arm-none-eabi/4.6.2/../../../../arm-none-eabi/lib/armv7e-m\libsupc++.a(class_type_info.o)
                0x000165f8                __cxxabiv1::__class_type_info::__do_dyncast(int, __cxxabiv1::__class_type_info::__sub_kind, __cxxabiv1::__class_type_info const*, void const*, __cxxabiv1::__class_type_info const*, void const*, __cxxabiv1::__class_type_info::__dyncast_result&) const
 .text._ZNK10__cxxabiv117__class_type_info10__do_catchEPKSt9type_infoPPvj
                0x00016634       0x28 c:/fehqt/proteus/gcc/bin/../lib/gcc/arm-none-eabi/4.6.2/../../../../arm-none-eabi/lib/armv7e-m\libsupc++.a(class_type_info.o)
                0x00016634                __cxxabiv1::__class_type_info::__do_catch(std::type_info const*, void**, unsigned int) const
 .text.__cxa_allocate_exception
                0x0001665c       0x70 c:/fehqt/proteus/gcc/bin/../lib/gcc/arm-none-eabi/4.6.2/../../../../arm-none-eabi/lib/armv7e-m\libsupc++.a(eh_alloc.o)
                0x0001665c                __cxa_allocate_exception
 .text.__cxa_free_exception
                0x000166cc       0x34 c:/fehqt/proteus/gcc/bin/../lib/gcc/arm-none-eabi/4.6.2/../../../../arm-none-eabi/lib/armv7e-m\libsupc++.a(eh_alloc.o)
                0x000166cc                __cxa_free_exception
 .text.__cxa_end_cleanup
                0x00016700        0xc c:/fehqt/proteus/gcc/bin/../lib/gcc/arm-none-eabi/4.6.2/../../../../arm-none-eabi/lib/armv7e-m\libsupc++.a(eh_arm.o)
                0x00016700                __cxa_end_cleanup
 .text.__cxa_type_match
                0x0001670c       0xec c:/fehqt/proteus/gcc/bin/../lib/gcc/arm-none-eabi/4.6.2/../../../../arm-none-eabi/lib/armv7e-m\libsupc++.a(eh_arm.o)
                0x0001670c                __cxa_type_match
 .text.__cxa_begin_cleanup
                0x000167f8       0x78 c:/fehqt/proteus/gcc/bin/../lib/gcc/arm-none-eabi/4.6.2/../../../../arm-none-eabi/lib/armv7e-m\libsupc++.a(eh_arm.o)
                0x000167f8                __cxa_begin_cleanup
 .text.__gnu_end_cleanup
                0x00016870       0x7c c:/fehqt/proteus/gcc/bin/../lib/gcc/arm-none-eabi/4.6.2/../../../../arm-none-eabi/lib/armv7e-m\libsupc++.a(eh_arm.o)
                0x00016870                __gnu_end_cleanup
 .text.__cxa_bad_typeid
                0x000168ec       0x24 c:/fehqt/proteus/gcc/bin/../lib/gcc/arm-none-eabi/4.6.2/../../../../arm-none-eabi/lib/armv7e-m\libsupc++.a(eh_aux_runtime.o)
                0x000168ec                __cxa_bad_typeid
 .text.__cxa_call_terminate
                0x00016910       0x50 c:/fehqt/proteus/gcc/bin/../lib/gcc/arm-none-eabi/4.6.2/../../../../arm-none-eabi/lib/armv7e-m\libsupc++.a(eh_call.o)
                0x00016910                __cxa_call_terminate
 .text.__cxa_call_unexpected
                0x00016960      0x120 c:/fehqt/proteus/gcc/bin/../lib/gcc/arm-none-eabi/4.6.2/../../../../arm-none-eabi/lib/armv7e-m\libsupc++.a(eh_call.o)
                0x00016960                __cxa_call_unexpected
 .text.__cxa_begin_catch
                0x00016a80       0x98 c:/fehqt/proteus/gcc/bin/../lib/gcc/arm-none-eabi/4.6.2/../../../../arm-none-eabi/lib/armv7e-m\libsupc++.a(eh_catch.o)
                0x00016a80                __cxa_begin_catch
 .text.__cxa_end_catch
                0x00016b18       0x98 c:/fehqt/proteus/gcc/bin/../lib/gcc/arm-none-eabi/4.6.2/../../../../arm-none-eabi/lib/armv7e-m\libsupc++.a(eh_catch.o)
                0x00016b18                __cxa_end_catch
 .text._ZNSt9exceptionD2Ev
                0x00016bb0        0xc c:/fehqt/proteus/gcc/bin/../lib/gcc/arm-none-eabi/4.6.2/../../../../arm-none-eabi/lib/armv7e-m\libsupc++.a(eh_exception.o)
                0x00016bb0                std::exception::~exception()
                0x00016bb0                std::exception::~exception()
 .text._ZNSt13bad_exceptionD2Ev
                0x00016bbc        0xc c:/fehqt/proteus/gcc/bin/../lib/gcc/arm-none-eabi/4.6.2/../../../../arm-none-eabi/lib/armv7e-m\libsupc++.a(eh_exception.o)
                0x00016bbc                std::bad_exception::~bad_exception()
                0x00016bbc                std::bad_exception::~bad_exception()
 .text._ZNKSt9exception4whatEv
                0x00016bc8        0xc c:/fehqt/proteus/gcc/bin/../lib/gcc/arm-none-eabi/4.6.2/../../../../arm-none-eabi/lib/armv7e-m\libsupc++.a(eh_exception.o)
                0x00016bc8                std::exception::what() const
 .text._ZNKSt13bad_exception4whatEv
                0x00016bd4        0xc c:/fehqt/proteus/gcc/bin/../lib/gcc/arm-none-eabi/4.6.2/../../../../arm-none-eabi/lib/armv7e-m\libsupc++.a(eh_exception.o)
                0x00016bd4                std::bad_exception::what() const
 .text._ZNSt13bad_exceptionD0Ev
                0x00016be0       0x14 c:/fehqt/proteus/gcc/bin/../lib/gcc/arm-none-eabi/4.6.2/../../../../arm-none-eabi/lib/armv7e-m\libsupc++.a(eh_exception.o)
                0x00016be0                std::bad_exception::~bad_exception()
 .text._ZNSt9exceptionD0Ev
                0x00016bf4       0x14 c:/fehqt/proteus/gcc/bin/../lib/gcc/arm-none-eabi/4.6.2/../../../../arm-none-eabi/lib/armv7e-m\libsupc++.a(eh_exception.o)
                0x00016bf4                std::exception::~exception()
 .text.__cxa_get_globals_fast
                0x00016c08        0xc c:/fehqt/proteus/gcc/bin/../lib/gcc/arm-none-eabi/4.6.2/../../../../arm-none-eabi/lib/armv7e-m\libsupc++.a(eh_globals.o)
                0x00016c08                __cxa_get_globals_fast
 .text.__cxa_get_globals
                0x00016c14        0xc c:/fehqt/proteus/gcc/bin/../lib/gcc/arm-none-eabi/4.6.2/../../../../arm-none-eabi/lib/armv7e-m\libsupc++.a(eh_globals.o)
                0x00016c14                __cxa_get_globals
 .text._ZL12read_sleb128PKhPl
                0x00016c20       0x3c c:/fehqt/proteus/gcc/bin/../lib/gcc/arm-none-eabi/4.6.2/../../../../arm-none-eabi/lib/armv7e-m\libsupc++.a(eh_personality.o)
 .text._ZL28read_encoded_value_with_basehjPKhPj
                0x00016c5c       0xa4 c:/fehqt/proteus/gcc/bin/../lib/gcc/arm-none-eabi/4.6.2/../../../../arm-none-eabi/lib/armv7e-m\libsupc++.a(eh_personality.o)
 .text._ZL21base_of_encoded_valuehP15_Unwind_Context
                0x00016d00       0x4c c:/fehqt/proteus/gcc/bin/../lib/gcc/arm-none-eabi/4.6.2/../../../../arm-none-eabi/lib/armv7e-m\libsupc++.a(eh_personality.o)
 .text._ZL17parse_lsda_headerP15_Unwind_ContextPKhP16lsda_header_info.constprop.1
                0x00016d4c       0x90 c:/fehqt/proteus/gcc/bin/../lib/gcc/arm-none-eabi/4.6.2/../../../../arm-none-eabi/lib/armv7e-m\libsupc++.a(eh_personality.o)
 .text.__gxx_personality_v0
                0x00016ddc      0x3bc c:/fehqt/proteus/gcc/bin/../lib/gcc/arm-none-eabi/4.6.2/../../../../arm-none-eabi/lib/armv7e-m\libsupc++.a(eh_personality.o)
                0x00016ddc                __gxx_personality_v0
 .text._ZN10__cxxabiv111__terminateEPFvvE
                0x00017198       0x28 c:/fehqt/proteus/gcc/bin/../lib/gcc/arm-none-eabi/4.6.2/../../../../arm-none-eabi/lib/armv7e-m\libsupc++.a(eh_terminate.o)
                0x00017198                __cxxabiv1::__terminate(void (*)())
 .text._ZSt9terminatev
                0x000171c0       0x10 c:/fehqt/proteus/gcc/bin/../lib/gcc/arm-none-eabi/4.6.2/../../../../arm-none-eabi/lib/armv7e-m\libsupc++.a(eh_terminate.o)
                0x000171c0                std::terminate()
 .text._ZN10__cxxabiv112__unexpectedEPFvvE
                0x000171d0        0x8 c:/fehqt/proteus/gcc/bin/../lib/gcc/arm-none-eabi/4.6.2/../../../../arm-none-eabi/lib/armv7e-m\libsupc++.a(eh_terminate.o)
                0x000171d0                __cxxabiv1::__unexpected(void (*)())
 .text._ZSt10unexpectedv
                0x000171d8       0x14 c:/fehqt/proteus/gcc/bin/../lib/gcc/arm-none-eabi/4.6.2/../../../../arm-none-eabi/lib/armv7e-m\libsupc++.a(eh_terminate.o)
                0x000171d8                std::unexpected()
 .text._ZL23__gxx_exception_cleanup19_Unwind_Reason_CodeP21_Unwind_Control_Block
                0x000171ec       0x4c c:/fehqt/proteus/gcc/bin/../lib/gcc/arm-none-eabi/4.6.2/../../../../arm-none-eabi/lib/armv7e-m\libsupc++.a(eh_throw.o)
 .text.__cxa_throw
                0x00017238       0x80 c:/fehqt/proteus/gcc/bin/../lib/gcc/arm-none-eabi/4.6.2/../../../../arm-none-eabi/lib/armv7e-m\libsupc++.a(eh_throw.o)
                0x00017238                __cxa_throw
 .text.__cxa_rethrow
                0x000172b8       0x78 c:/fehqt/proteus/gcc/bin/../lib/gcc/arm-none-eabi/4.6.2/../../../../arm-none-eabi/lib/armv7e-m\libsupc++.a(eh_throw.o)
                0x000172b8                __cxa_rethrow
 .text._ZN10__cxxabiv123__fundamental_type_infoD2Ev
                0x00017330       0x14 c:/fehqt/proteus/gcc/bin/../lib/gcc/arm-none-eabi/4.6.2/../../../../arm-none-eabi/lib/armv7e-m\libsupc++.a(fundamental_type_info.o)
                0x00017330                __cxxabiv1::__fundamental_type_info::~__fundamental_type_info()
                0x00017330                __cxxabiv1::__fundamental_type_info::~__fundamental_type_info()
 .text._ZN10__cxxabiv123__fundamental_type_infoD0Ev
                0x00017344       0x1c c:/fehqt/proteus/gcc/bin/../lib/gcc/arm-none-eabi/4.6.2/../../../../arm-none-eabi/lib/armv7e-m\libsupc++.a(fundamental_type_info.o)
                0x00017344                __cxxabiv1::__fundamental_type_info::~__fundamental_type_info()
 .text._ZNK10__cxxabiv119__pointer_type_info14__is_pointer_pEv
                0x00017360        0x4 c:/fehqt/proteus/gcc/bin/../lib/gcc/arm-none-eabi/4.6.2/../../../../arm-none-eabi/lib/armv7e-m\libsupc++.a(pointer_type_info.o)
                0x00017360                __cxxabiv1::__pointer_type_info::__is_pointer_p() const
 .text._ZN10__cxxabiv119__pointer_type_infoD2Ev
                0x00017364       0x14 c:/fehqt/proteus/gcc/bin/../lib/gcc/arm-none-eabi/4.6.2/../../../../arm-none-eabi/lib/armv7e-m\libsupc++.a(pointer_type_info.o)
                0x00017364                __cxxabiv1::__pointer_type_info::~__pointer_type_info()
                0x00017364                __cxxabiv1::__pointer_type_info::~__pointer_type_info()
 .text._ZN10__cxxabiv119__pointer_type_infoD0Ev
                0x00017378       0x1c c:/fehqt/proteus/gcc/bin/../lib/gcc/arm-none-eabi/4.6.2/../../../../arm-none-eabi/lib/armv7e-m\libsupc++.a(pointer_type_info.o)
                0x00017378                __cxxabiv1::__pointer_type_info::~__pointer_type_info()
 .text._ZNK10__cxxabiv119__pointer_type_info15__pointer_catchEPKNS_17__pbase_type_infoEPPvj
                0x00017394       0x44 c:/fehqt/proteus/gcc/bin/../lib/gcc/arm-none-eabi/4.6.2/../../../../arm-none-eabi/lib/armv7e-m\libsupc++.a(pointer_type_info.o)
                0x00017394                __cxxabiv1::__pointer_type_info::__pointer_catch(__cxxabiv1::__pbase_type_info const*, void**, unsigned int) const
 .text._ZN10__cxxabiv120__si_class_type_infoD2Ev
                0x000173d8       0x14 c:/fehqt/proteus/gcc/bin/../lib/gcc/arm-none-eabi/4.6.2/../../../../arm-none-eabi/lib/armv7e-m\libsupc++.a(si_class_type_info.o)
                0x000173d8                __cxxabiv1::__si_class_type_info::~__si_class_type_info()
                0x000173d8                __cxxabiv1::__si_class_type_info::~__si_class_type_info()
 .text._ZN10__cxxabiv120__si_class_type_infoD0Ev
                0x000173ec       0x1c c:/fehqt/proteus/gcc/bin/../lib/gcc/arm-none-eabi/4.6.2/../../../../arm-none-eabi/lib/armv7e-m\libsupc++.a(si_class_type_info.o)
                0x000173ec                __cxxabiv1::__si_class_type_info::~__si_class_type_info()
 .text._ZNK10__cxxabiv120__si_class_type_info11__do_upcastEPKNS_17__class_type_infoEPKvRNS1_15__upcast_resultE
                0x00017408       0x24 c:/fehqt/proteus/gcc/bin/../lib/gcc/arm-none-eabi/4.6.2/../../../../arm-none-eabi/lib/armv7e-m\libsupc++.a(si_class_type_info.o)
                0x00017408                __cxxabiv1::__si_class_type_info::__do_upcast(__cxxabiv1::__class_type_info const*, void const*, __cxxabiv1::__class_type_info::__upcast_result&) const
 .text._ZNK10__cxxabiv120__si_class_type_info12__do_dyncastEiNS_17__class_type_info10__sub_kindEPKS1_PKvS4_S6_RNS1_16__dyncast_resultE
                0x0001742c       0x94 c:/fehqt/proteus/gcc/bin/../lib/gcc/arm-none-eabi/4.6.2/../../../../arm-none-eabi/lib/armv7e-m\libsupc++.a(si_class_type_info.o)
                0x0001742c                __cxxabiv1::__si_class_type_info::__do_dyncast(int, __cxxabiv1::__class_type_info::__sub_kind, __cxxabiv1::__class_type_info const*, void const*, __cxxabiv1::__class_type_info const*, void const*, __cxxabiv1::__class_type_info::__dyncast_result&) const
 .text._ZNK10__cxxabiv120__si_class_type_info20__do_find_public_srcEiPKvPKNS_17__class_type_infoES2_
                0x000174c0       0x34 c:/fehqt/proteus/gcc/bin/../lib/gcc/arm-none-eabi/4.6.2/../../../../arm-none-eabi/lib/armv7e-m\libsupc++.a(si_class_type_info.o)
                0x000174c0                __cxxabiv1::__si_class_type_info::__do_find_public_src(int, void const*, __cxxabiv1::__class_type_info const*, void const*) const
 .text._ZNSt9type_infoD2Ev
                0x000174f4        0xc c:/fehqt/proteus/gcc/bin/../lib/gcc/arm-none-eabi/4.6.2/../../../../arm-none-eabi/lib/armv7e-m\libsupc++.a(tinfo.o)
                0x000174f4                std::type_info::~type_info()
                0x000174f4                std::type_info::~type_info()
 .text._ZNKSt9type_info14__is_pointer_pEv
                0x00017500        0x4 c:/fehqt/proteus/gcc/bin/../lib/gcc/arm-none-eabi/4.6.2/../../../../arm-none-eabi/lib/armv7e-m\libsupc++.a(tinfo.o)
                0x00017500                std::type_info::__is_pointer_p() const
 .text._ZNKSt9type_info15__is_function_pEv
                0x00017504        0x4 c:/fehqt/proteus/gcc/bin/../lib/gcc/arm-none-eabi/4.6.2/../../../../arm-none-eabi/lib/armv7e-m\libsupc++.a(tinfo.o)
                0x00017504                std::type_info::__is_function_p() const
 .text._ZNKSt9type_info11__do_upcastEPKN10__cxxabiv117__class_type_infoEPPv
                0x00017508        0x4 c:/fehqt/proteus/gcc/bin/../lib/gcc/arm-none-eabi/4.6.2/../../../../arm-none-eabi/lib/armv7e-m\libsupc++.a(tinfo.o)
                0x00017508                std::type_info::__do_upcast(__cxxabiv1::__class_type_info const*, void**) const
 .text._ZNSt9type_infoD0Ev
                0x0001750c       0x14 c:/fehqt/proteus/gcc/bin/../lib/gcc/arm-none-eabi/4.6.2/../../../../arm-none-eabi/lib/armv7e-m\libsupc++.a(tinfo.o)
                0x0001750c                std::type_info::~type_info()
 .text._ZNKSt9type_infoeqERKS_
                0x00017520       0x30 c:/fehqt/proteus/gcc/bin/../lib/gcc/arm-none-eabi/4.6.2/../../../../arm-none-eabi/lib/armv7e-m\libsupc++.a(tinfo.o)
                0x00017520                std::type_info::operator==(std::type_info const&) const
 .text._ZNKSt9type_info10__do_catchEPKS_PPvj
                0x00017550        0x4 c:/fehqt/proteus/gcc/bin/../lib/gcc/arm-none-eabi/4.6.2/../../../../arm-none-eabi/lib/armv7e-m\libsupc++.a(tinfo.o)
                0x00017550                std::type_info::__do_catch(std::type_info const*, void**, unsigned int) const
 .text._ZNKSt10bad_typeid4whatEv
                0x00017554        0xc c:/fehqt/proteus/gcc/bin/../lib/gcc/arm-none-eabi/4.6.2/../../../../arm-none-eabi/lib/armv7e-m\libsupc++.a(bad_typeid.o)
                0x00017554                std::bad_typeid::what() const
 .text._ZNSt10bad_typeidD2Ev
                0x00017560       0x14 c:/fehqt/proteus/gcc/bin/../lib/gcc/arm-none-eabi/4.6.2/../../../../arm-none-eabi/lib/armv7e-m\libsupc++.a(bad_typeid.o)
                0x00017560                std::bad_typeid::~bad_typeid()
                0x00017560                std::bad_typeid::~bad_typeid()
 .text._ZNSt10bad_typeidD0Ev
                0x00017574       0x1c c:/fehqt/proteus/gcc/bin/../lib/gcc/arm-none-eabi/4.6.2/../../../../arm-none-eabi/lib/armv7e-m\libsupc++.a(bad_typeid.o)
                0x00017574                std::bad_typeid::~bad_typeid()
 .text._ZNK10__cxxabiv117__pbase_type_info15__pointer_catchEPKS0_PPvj
                0x00017590       0x10 c:/fehqt/proteus/gcc/bin/../lib/gcc/arm-none-eabi/4.6.2/../../../../arm-none-eabi/lib/armv7e-m\libsupc++.a(pbase_type_info.o)
                0x00017590                __cxxabiv1::__pbase_type_info::__pointer_catch(__cxxabiv1::__pbase_type_info const*, void**, unsigned int) const
 .text._ZN10__cxxabiv117__pbase_type_infoD2Ev
                0x000175a0       0x14 c:/fehqt/proteus/gcc/bin/../lib/gcc/arm-none-eabi/4.6.2/../../../../arm-none-eabi/lib/armv7e-m\libsupc++.a(pbase_type_info.o)
                0x000175a0                __cxxabiv1::__pbase_type_info::~__pbase_type_info()
                0x000175a0                __cxxabiv1::__pbase_type_info::~__pbase_type_info()
 .text._ZN10__cxxabiv117__pbase_type_infoD0Ev
                0x000175b4       0x1c c:/fehqt/proteus/gcc/bin/../lib/gcc/arm-none-eabi/4.6.2/../../../../arm-none-eabi/lib/armv7e-m\libsupc++.a(pbase_type_info.o)
                0x000175b4                __cxxabiv1::__pbase_type_info::~__pbase_type_info()
 .text._ZNK10__cxxabiv117__pbase_type_info10__do_catchEPKSt9type_infoPPvj
                0x000175d0       0x68 c:/fehqt/proteus/gcc/bin/../lib/gcc/arm-none-eabi/4.6.2/../../../../arm-none-eabi/lib/armv7e-m\libsupc++.a(pbase_type_info.o)
                0x000175d0                __cxxabiv1::__pbase_type_info::__do_catch(std::type_info const*, void**, unsigned int) const
 .text.abort    0x00017638       0x24 C:\fehqt\Proteus/EWL/lib/armv7e-m\libc.a(abort.o)
                0x00017638                abort
 .text.sbrk     0x0001765c       0x28 C:\fehqt\Proteus/EWL/lib/armv7e-m\libc.a(alloc.o)
                0x0001765c                sbrk
 .text.malloc   0x00017684      0x110 C:\fehqt\Proteus/EWL/lib/armv7e-m\libc.a(alloc.o)
                0x00017684                malloc
 .text.free     0x00017794       0x10 C:\fehqt\Proteus/EWL/lib/armv7e-m\libc.a(alloc.o)
                0x00017794                free
 .text.strcmp   0x000177a4       0x18 C:\fehqt\Proteus/EWL/lib/armv7e-m\libc.a(strcmp.o)
                0x000177a4                strcmp
 .text.raise    0x000177bc       0x3c C:\fehqt\Proteus/EWL/lib/armv7e-m\libc.a(raise.o)
                0x000177bc                raise
 *(.rodata)
 .rodata        0x000177f8       0xa8 ..\main.o
 .rodata        0x000178a0       0x2c ..\io.o
 .rodata        0x000178cc       0x28 ..\drive.o
 .rodata        0x000178f4       0x34 Libraries\FEHLCD.o
 .rodata        0x00017928      0x16c Libraries\FEHWONKA.o
 *(.rodata*)
 .rodata._ZL9GPIOPorts
                0x00017a94       0x20 Libraries\FEHIO.o
 .rodata._ZL10ADCNumbers
                0x00017ab4       0x24 Libraries\FEHIO.o
 .rodata._ZL14GPIOPinNumbers
                0x00017ad8       0x80 Libraries\FEHIO.o
 .rodata._ZL16AnalogPinNumbers
                0x00017b58       0x84 Libraries\FEHIO.o
 .rodata.str1.1
                0x00000000        0x0 C:\fehqt\Proteus/EWL/lib/armv7e-m\libc.a(printformat_.o)
                                  0x1 (size before relaxing)
 .rodata.__aeabi_ctype_table_C
                0x00017bdc      0x101 C:\fehqt\Proteus/EWL/lib/armv7e-m\libc.a(ctype_aeabi.o)
                0x00017bdc                __aeabi_ctype_table_C
 *fill*         0x00017cdd        0x3 00
 .rodata._ZTVSt9bad_alloc
                0x00017ce0       0x18 C:\fehqt\Proteus/EWL/lib/armv7e-m\librt.a(New.o)
                0x00017ce0                vtable for std::bad_alloc
 .rodata._ZTISt9bad_alloc
                0x00017cf8        0xc C:\fehqt\Proteus/EWL/lib/armv7e-m\librt.a(New.o)
                0x00017cf8                typeinfo for std::bad_alloc
 .rodata._ZTSSt9bad_alloc
                0x00017d04        0xd C:\fehqt\Proteus/EWL/lib/armv7e-m\librt.a(New.o)
                0x00017d04                typeinfo name for std::bad_alloc
 .rodata.str1.1
                0x00017d11       0x14 C:\fehqt\Proteus/EWL/lib/armv7e-m\librt.a(New.o)
 *fill*         0x00017d25        0x3 00
 .rodata._ZTVN10__cxxabiv117__class_type_infoE
                0x00017d28       0x30 c:/fehqt/proteus/gcc/bin/../lib/gcc/arm-none-eabi/4.6.2/../../../../arm-none-eabi/lib/armv7e-m\libsupc++.a(class_type_info.o)
                0x00017d28                vtable for __cxxabiv1::__class_type_info
 .rodata._ZTIN10__cxxabiv117__class_type_infoE
                0x00017d58        0xc c:/fehqt/proteus/gcc/bin/../lib/gcc/arm-none-eabi/4.6.2/../../../../arm-none-eabi/lib/armv7e-m\libsupc++.a(class_type_info.o)
                0x00017d58                typeinfo for __cxxabiv1::__class_type_info
 .rodata._ZTSN10__cxxabiv117__class_type_infoE
                0x00017d64       0x24 c:/fehqt/proteus/gcc/bin/../lib/gcc/arm-none-eabi/4.6.2/../../../../arm-none-eabi/lib/armv7e-m\libsupc++.a(class_type_info.o)
                0x00017d64                typeinfo name for __cxxabiv1::__class_type_info
 .rodata._ZTVSt9exception
                0x00017d88       0x18 c:/fehqt/proteus/gcc/bin/../lib/gcc/arm-none-eabi/4.6.2/../../../../arm-none-eabi/lib/armv7e-m\libsupc++.a(eh_exception.o)
                0x00017d88                vtable for std::exception
 .rodata._ZTIN10__cxxabiv115__forced_unwindE
                0x00017da0        0x8 c:/fehqt/proteus/gcc/bin/../lib/gcc/arm-none-eabi/4.6.2/../../../../arm-none-eabi/lib/armv7e-m\libsupc++.a(eh_exception.o)
                0x00017da0                typeinfo for __cxxabiv1::__forced_unwind
 .rodata._ZTISt9exception
                0x00017da8        0x8 c:/fehqt/proteus/gcc/bin/../lib/gcc/arm-none-eabi/4.6.2/../../../../arm-none-eabi/lib/armv7e-m\libsupc++.a(eh_exception.o)
                0x00017da8                typeinfo for std::exception
 .rodata._ZTSSt13bad_exception
                0x00017db0       0x14 c:/fehqt/proteus/gcc/bin/../lib/gcc/arm-none-eabi/4.6.2/../../../../arm-none-eabi/lib/armv7e-m\libsupc++.a(eh_exception.o)
                0x00017db0                typeinfo name for std::bad_exception
 .rodata.str1.4
                0x00017dc4       0x23 c:/fehqt/proteus/gcc/bin/../lib/gcc/arm-none-eabi/4.6.2/../../../../arm-none-eabi/lib/armv7e-m\libsupc++.a(eh_exception.o)
                                 0x24 (size before relaxing)
 *fill*         0x00017de7        0x1 00
 .rodata._ZTSN10__cxxabiv119__foreign_exceptionE
                0x00017de8       0x24 c:/fehqt/proteus/gcc/bin/../lib/gcc/arm-none-eabi/4.6.2/../../../../arm-none-eabi/lib/armv7e-m\libsupc++.a(eh_exception.o)
                0x00017de8                typeinfo name for __cxxabiv1::__foreign_exception
 .rodata._ZTIN10__cxxabiv119__foreign_exceptionE
                0x00017e0c        0x8 c:/fehqt/proteus/gcc/bin/../lib/gcc/arm-none-eabi/4.6.2/../../../../arm-none-eabi/lib/armv7e-m\libsupc++.a(eh_exception.o)
                0x00017e0c                typeinfo for __cxxabiv1::__foreign_exception
 *fill*         0x00017e14        0x4 00
 .rodata._ZTVSt13bad_exception
                0x00017e18       0x18 c:/fehqt/proteus/gcc/bin/../lib/gcc/arm-none-eabi/4.6.2/../../../../arm-none-eabi/lib/armv7e-m\libsupc++.a(eh_exception.o)
                0x00017e18                vtable for std::bad_exception
 .rodata._ZTSSt9exception
                0x00017e30       0x10 c:/fehqt/proteus/gcc/bin/../lib/gcc/arm-none-eabi/4.6.2/../../../../arm-none-eabi/lib/armv7e-m\libsupc++.a(eh_exception.o)
                0x00017e30                typeinfo name for std::exception
 .rodata._ZTSN10__cxxabiv115__forced_unwindE
                0x00017e40       0x20 c:/fehqt/proteus/gcc/bin/../lib/gcc/arm-none-eabi/4.6.2/../../../../arm-none-eabi/lib/armv7e-m\libsupc++.a(eh_exception.o)
                0x00017e40                typeinfo name for __cxxabiv1::__forced_unwind
 .rodata._ZTISt13bad_exception
                0x00017e60        0xc c:/fehqt/proteus/gcc/bin/../lib/gcc/arm-none-eabi/4.6.2/../../../../arm-none-eabi/lib/armv7e-m\libsupc++.a(eh_exception.o)
                0x00017e60                typeinfo for std::bad_exception
 .rodata._ZTIPv
                0x00017e6c       0x10 c:/fehqt/proteus/gcc/bin/../lib/gcc/arm-none-eabi/4.6.2/../../../../arm-none-eabi/lib/armv7e-m\libsupc++.a(fundamental_type_info.o)
                0x00017e6c                typeinfo for void*
 .rodata._ZTIv  0x00017e7c        0x8 c:/fehqt/proteus/gcc/bin/../lib/gcc/arm-none-eabi/4.6.2/../../../../arm-none-eabi/lib/armv7e-m\libsupc++.a(fundamental_type_info.o)
                0x00017e7c                typeinfo for void
 .rodata._ZTSPv
                0x00017e84        0x4 c:/fehqt/proteus/gcc/bin/../lib/gcc/arm-none-eabi/4.6.2/../../../../arm-none-eabi/lib/armv7e-m\libsupc++.a(fundamental_type_info.o)
                0x00017e84                typeinfo name for void*
 .rodata._ZTSv  0x00017e88        0x4 c:/fehqt/proteus/gcc/bin/../lib/gcc/arm-none-eabi/4.6.2/../../../../arm-none-eabi/lib/armv7e-m\libsupc++.a(fundamental_type_info.o)
                0x00017e88                typeinfo name for void
 .rodata._ZTIN10__cxxabiv123__fundamental_type_infoE
                0x00017e8c        0xc c:/fehqt/proteus/gcc/bin/../lib/gcc/arm-none-eabi/4.6.2/../../../../arm-none-eabi/lib/armv7e-m\libsupc++.a(fundamental_type_info.o)
                0x00017e8c                typeinfo for __cxxabiv1::__fundamental_type_info
 .rodata._ZTSN10__cxxabiv123__fundamental_type_infoE
                0x00017e98       0x28 c:/fehqt/proteus/gcc/bin/../lib/gcc/arm-none-eabi/4.6.2/../../../../arm-none-eabi/lib/armv7e-m\libsupc++.a(fundamental_type_info.o)
                0x00017e98                typeinfo name for __cxxabiv1::__fundamental_type_info
 .rodata._ZTVN10__cxxabiv123__fundamental_type_infoE
                0x00017ec0       0x20 c:/fehqt/proteus/gcc/bin/../lib/gcc/arm-none-eabi/4.6.2/../../../../arm-none-eabi/lib/armv7e-m\libsupc++.a(fundamental_type_info.o)
                0x00017ec0                vtable for __cxxabiv1::__fundamental_type_info
 .rodata._ZTSN10__cxxabiv119__pointer_type_infoE
                0x00017ee0       0x24 c:/fehqt/proteus/gcc/bin/../lib/gcc/arm-none-eabi/4.6.2/../../../../arm-none-eabi/lib/armv7e-m\libsupc++.a(pointer_type_info.o)
                0x00017ee0                typeinfo name for __cxxabiv1::__pointer_type_info
 .rodata._ZTIN10__cxxabiv119__pointer_type_infoE
                0x00017f04        0xc c:/fehqt/proteus/gcc/bin/../lib/gcc/arm-none-eabi/4.6.2/../../../../arm-none-eabi/lib/armv7e-m\libsupc++.a(pointer_type_info.o)
                0x00017f04                typeinfo for __cxxabiv1::__pointer_type_info
 .rodata._ZTVN10__cxxabiv119__pointer_type_infoE
                0x00017f10       0x28 c:/fehqt/proteus/gcc/bin/../lib/gcc/arm-none-eabi/4.6.2/../../../../arm-none-eabi/lib/armv7e-m\libsupc++.a(pointer_type_info.o)
                0x00017f10                vtable for __cxxabiv1::__pointer_type_info
 .rodata._ZTVN10__cxxabiv120__si_class_type_infoE
                0x00017f38       0x30 c:/fehqt/proteus/gcc/bin/../lib/gcc/arm-none-eabi/4.6.2/../../../../arm-none-eabi/lib/armv7e-m\libsupc++.a(si_class_type_info.o)
                0x00017f38                vtable for __cxxabiv1::__si_class_type_info
 .rodata._ZTIN10__cxxabiv120__si_class_type_infoE
                0x00017f68        0xc c:/fehqt/proteus/gcc/bin/../lib/gcc/arm-none-eabi/4.6.2/../../../../arm-none-eabi/lib/armv7e-m\libsupc++.a(si_class_type_info.o)
                0x00017f68                typeinfo for __cxxabiv1::__si_class_type_info
 .rodata._ZTSN10__cxxabiv120__si_class_type_infoE
                0x00017f74       0x28 c:/fehqt/proteus/gcc/bin/../lib/gcc/arm-none-eabi/4.6.2/../../../../arm-none-eabi/lib/armv7e-m\libsupc++.a(si_class_type_info.o)
                0x00017f74                typeinfo name for __cxxabiv1::__si_class_type_info
 .rodata._ZTISt9type_info
                0x00017f9c        0x8 c:/fehqt/proteus/gcc/bin/../lib/gcc/arm-none-eabi/4.6.2/../../../../arm-none-eabi/lib/armv7e-m\libsupc++.a(tinfo.o)
                0x00017f9c                typeinfo for std::type_info
 .rodata._ZTSSt9type_info
                0x00017fa4       0x10 c:/fehqt/proteus/gcc/bin/../lib/gcc/arm-none-eabi/4.6.2/../../../../arm-none-eabi/lib/armv7e-m\libsupc++.a(tinfo.o)
                0x00017fa4                typeinfo name for std::type_info
 *fill*         0x00017fb4        0x4 00
 .rodata._ZTVSt9type_info
                0x00017fb8       0x20 c:/fehqt/proteus/gcc/bin/../lib/gcc/arm-none-eabi/4.6.2/../../../../arm-none-eabi/lib/armv7e-m\libsupc++.a(tinfo.o)
                0x00017fb8                vtable for std::type_info
 .rodata._ZTVSt10bad_typeid
                0x00017fd8       0x18 c:/fehqt/proteus/gcc/bin/../lib/gcc/arm-none-eabi/4.6.2/../../../../arm-none-eabi/lib/armv7e-m\libsupc++.a(bad_typeid.o)
                0x00017fd8                vtable for std::bad_typeid
 .rodata._ZTISt10bad_typeid
                0x00017ff0        0xc c:/fehqt/proteus/gcc/bin/../lib/gcc/arm-none-eabi/4.6.2/../../../../arm-none-eabi/lib/armv7e-m\libsupc++.a(bad_typeid.o)
                0x00017ff0                typeinfo for std::bad_typeid
 .rodata.str1.4
                0x00017ffc       0x10 c:/fehqt/proteus/gcc/bin/../lib/gcc/arm-none-eabi/4.6.2/../../../../arm-none-eabi/lib/armv7e-m\libsupc++.a(bad_typeid.o)
 .rodata._ZTSSt10bad_typeid
                0x0001800c       0x10 c:/fehqt/proteus/gcc/bin/../lib/gcc/arm-none-eabi/4.6.2/../../../../arm-none-eabi/lib/armv7e-m\libsupc++.a(bad_typeid.o)
                0x0001800c                typeinfo name for std::bad_typeid
 .rodata._ZTIN10__cxxabiv117__pbase_type_infoE
                0x0001801c        0xc c:/fehqt/proteus/gcc/bin/../lib/gcc/arm-none-eabi/4.6.2/../../../../arm-none-eabi/lib/armv7e-m\libsupc++.a(pbase_type_info.o)
                0x0001801c                typeinfo for __cxxabiv1::__pbase_type_info
 .rodata._ZTSN10__cxxabiv117__pbase_type_infoE
                0x00018028       0x24 c:/fehqt/proteus/gcc/bin/../lib/gcc/arm-none-eabi/4.6.2/../../../../arm-none-eabi/lib/armv7e-m\libsupc++.a(pbase_type_info.o)
                0x00018028                typeinfo name for __cxxabiv1::__pbase_type_info
 *fill*         0x0001804c        0x4 00
 .rodata._ZTVN10__cxxabiv117__pbase_type_infoE
                0x00018050       0x28 c:/fehqt/proteus/gcc/bin/../lib/gcc/arm-none-eabi/4.6.2/../../../../arm-none-eabi/lib/armv7e-m\libsupc++.a(pbase_type_info.o)
                0x00018050                vtable for __cxxabiv1::__pbase_type_info
 *(.glue_7)
 .glue_7        0x00000000        0x0 linker stubs
 *(.glue_7t)
 .glue_7t       0x00000000        0x0 linker stubs
 *(.eh_frame)
 *(.init)
 *(.fini)
                0x00018078                . = ALIGN (0x4)
                0x00018078                _etext = .

.vfp11_veneer   0x00018078        0x0
 .vfp11_veneer  0x00000000        0x0 linker stubs

.v4_bx          0x00018078        0x0
 .v4_bx         0x00000000        0x0 linker stubs

.ARM.extab      0x00018078      0x138
 *(.ARM.extab* .gnu.linkonce.armextab.*)
 .ARM.extab.text._ZNSt9bad_allocD2Ev
                0x00018078        0x0 C:\fehqt\Proteus/EWL/lib/armv7e-m\librt.a(New.o)
 .ARM.extab.text._ZNKSt9bad_alloc4whatEv
                0x00018078        0x0 C:\fehqt\Proteus/EWL/lib/armv7e-m\librt.a(New.o)
 .ARM.extab.text._Znwj
                0x00018078       0x20 C:\fehqt\Proteus/EWL/lib/armv7e-m\librt.a(New.o)
 .ARM.extab.text._ZNSt9bad_allocD0Ev
                0x00018098        0x0 C:\fehqt\Proteus/EWL/lib/armv7e-m\librt.a(New.o)
 .ARM.extab.text._Znaj
                0x00018098       0x24 C:\fehqt\Proteus/EWL/lib/armv7e-m\librt.a(New.o)
 .ARM.extab.text.__cxa_bad_typeid
                0x000180bc        0xc c:/fehqt/proteus/gcc/bin/../lib/gcc/arm-none-eabi/4.6.2/../../../../arm-none-eabi/lib/armv7e-m\libsupc++.a(eh_aux_runtime.o)
 .ARM.extab.text.__cxa_call_unexpected
                0x000180c8       0x28 c:/fehqt/proteus/gcc/bin/../lib/gcc/arm-none-eabi/4.6.2/../../../../arm-none-eabi/lib/armv7e-m\libsupc++.a(eh_call.o)
 .ARM.extab.text.__cxa_begin_catch
                0x000180f0       0x20 c:/fehqt/proteus/gcc/bin/../lib/gcc/arm-none-eabi/4.6.2/../../../../arm-none-eabi/lib/armv7e-m\libsupc++.a(eh_catch.o)
 .ARM.extab.text._ZL21base_of_encoded_valuehP15_Unwind_Context
                0x00018110        0xc c:/fehqt/proteus/gcc/bin/../lib/gcc/arm-none-eabi/4.6.2/../../../../arm-none-eabi/lib/armv7e-m\libsupc++.a(eh_personality.o)
 .ARM.extab.text.__gxx_personality_v0
                0x0001811c       0x20 c:/fehqt/proteus/gcc/bin/../lib/gcc/arm-none-eabi/4.6.2/../../../../arm-none-eabi/lib/armv7e-m\libsupc++.a(eh_personality.o)
 .ARM.extab.text._ZN10__cxxabiv111__terminateEPFvvE
                0x0001813c       0x2c c:/fehqt/proteus/gcc/bin/../lib/gcc/arm-none-eabi/4.6.2/../../../../arm-none-eabi/lib/armv7e-m\libsupc++.a(eh_terminate.o)
 .ARM.extab.text._ZN10__cxxabiv112__unexpectedEPFvvE
                0x00018168        0xc c:/fehqt/proteus/gcc/bin/../lib/gcc/arm-none-eabi/4.6.2/../../../../arm-none-eabi/lib/armv7e-m\libsupc++.a(eh_terminate.o)
 .ARM.extab.text._ZSt10unexpectedv
                0x00018174        0xc c:/fehqt/proteus/gcc/bin/../lib/gcc/arm-none-eabi/4.6.2/../../../../arm-none-eabi/lib/armv7e-m\libsupc++.a(eh_terminate.o)
 .ARM.extab.text._ZNK10__cxxabiv117__pbase_type_info15__pointer_catchEPKS0_PPvj
                0x00018180        0x0 c:/fehqt/proteus/gcc/bin/../lib/gcc/arm-none-eabi/4.6.2/../../../../arm-none-eabi/lib/armv7e-m\libsupc++.a(pbase_type_info.o)
 .ARM.extab     0x00018180       0x18 c:/fehqt/proteus/gcc/bin/../lib/gcc/arm-none-eabi/4.6.2/armv7e-m\libgcc.a(unwind-arm.o)
 .ARM.extab     0x00018198       0x18 c:/fehqt/proteus/gcc/bin/../lib/gcc/arm-none-eabi/4.6.2/armv7e-m\libgcc.a(pr-support.o)

.ARM            0x000181b0      0x1f8
                0x000181b0                __exidx_start = .
 *(.ARM.exidx*)
 .ARM.exidx.text._ZNSt9bad_allocD2Ev
                0x00018270        0x0 C:\fehqt\Proteus/EWL/lib/armv7e-m\librt.a(New.o)
                                  0x8 (size before relaxing)
 .ARM.exidx.text._ZNKSt9bad_alloc4whatEv
                0x00018270        0x0 C:\fehqt\Proteus/EWL/lib/armv7e-m\librt.a(New.o)
                                  0x8 (size before relaxing)
 .ARM.exidx.text._Znwj
                0x00018270        0x8 C:\fehqt\Proteus/EWL/lib/armv7e-m\librt.a(New.o)
 .ARM.exidx.text._ZdlPv
                0x00018278        0x8 C:\fehqt\Proteus/EWL/lib/armv7e-m\librt.a(New.o)
 .ARM.exidx.text._ZNSt9bad_allocD0Ev
                0x00018280        0x0 C:\fehqt\Proteus/EWL/lib/armv7e-m\librt.a(New.o)
                                  0x8 (size before relaxing)
 .ARM.exidx.text._Znaj
                0x00018280        0x8 C:\fehqt\Proteus/EWL/lib/armv7e-m\librt.a(New.o)
 .ARM.exidx.text._ZNK10__cxxabiv117__class_type_info11__do_upcastEPKS0_PPv
                0x00018288        0x8 c:/fehqt/proteus/gcc/bin/../lib/gcc/arm-none-eabi/4.6.2/../../../../arm-none-eabi/lib/armv7e-m\libsupc++.a(class_type_info.o)
 .ARM.exidx.text._ZNK10__cxxabiv117__class_type_info20__do_find_public_srcEiPKvPKS0_S2_
                0x00018290        0x8 c:/fehqt/proteus/gcc/bin/../lib/gcc/arm-none-eabi/4.6.2/../../../../arm-none-eabi/lib/armv7e-m\libsupc++.a(class_type_info.o)
 .ARM.exidx.text._ZNK10__cxxabiv117__class_type_info11__do_upcastEPKS0_PKvRNS0_15__upcast_resultE
                0x00018298        0x8 c:/fehqt/proteus/gcc/bin/../lib/gcc/arm-none-eabi/4.6.2/../../../../arm-none-eabi/lib/armv7e-m\libsupc++.a(class_type_info.o)
 .ARM.exidx.text._ZN10__cxxabiv117__class_type_infoD2Ev
                0x000182a0        0x8 c:/fehqt/proteus/gcc/bin/../lib/gcc/arm-none-eabi/4.6.2/../../../../arm-none-eabi/lib/armv7e-m\libsupc++.a(class_type_info.o)
 .ARM.exidx.text._ZN10__cxxabiv117__class_type_infoD0Ev
                0x000182a8        0x0 c:/fehqt/proteus/gcc/bin/../lib/gcc/arm-none-eabi/4.6.2/../../../../arm-none-eabi/lib/armv7e-m\libsupc++.a(class_type_info.o)
                                  0x8 (size before relaxing)
 .ARM.exidx.text._ZNK10__cxxabiv117__class_type_info12__do_dyncastEiNS0_10__sub_kindEPKS0_PKvS3_S5_RNS0_16__dyncast_resultE
                0x000182a8        0x8 c:/fehqt/proteus/gcc/bin/../lib/gcc/arm-none-eabi/4.6.2/../../../../arm-none-eabi/lib/armv7e-m\libsupc++.a(class_type_info.o)
 .ARM.exidx.text._ZNK10__cxxabiv117__class_type_info10__do_catchEPKSt9type_infoPPvj
                0x000182b0        0x8 c:/fehqt/proteus/gcc/bin/../lib/gcc/arm-none-eabi/4.6.2/../../../../arm-none-eabi/lib/armv7e-m\libsupc++.a(class_type_info.o)
 .ARM.exidx.text.__cxa_allocate_exception
                0x000182b8        0x8 c:/fehqt/proteus/gcc/bin/../lib/gcc/arm-none-eabi/4.6.2/../../../../arm-none-eabi/lib/armv7e-m\libsupc++.a(eh_alloc.o)
 .ARM.exidx.text.__cxa_free_exception
                0x000182c0        0x0 c:/fehqt/proteus/gcc/bin/../lib/gcc/arm-none-eabi/4.6.2/../../../../arm-none-eabi/lib/armv7e-m\libsupc++.a(eh_alloc.o)
                                  0x8 (size before relaxing)
 .ARM.exidx.text.__cxa_type_match
                0x000182c0        0x8 c:/fehqt/proteus/gcc/bin/../lib/gcc/arm-none-eabi/4.6.2/../../../../arm-none-eabi/lib/armv7e-m\libsupc++.a(eh_arm.o)
 .ARM.exidx.text.__cxa_begin_cleanup
                0x000182c8        0x8 c:/fehqt/proteus/gcc/bin/../lib/gcc/arm-none-eabi/4.6.2/../../../../arm-none-eabi/lib/armv7e-m\libsupc++.a(eh_arm.o)
 .ARM.exidx.text.__gnu_end_cleanup
                0x000182d0        0x0 c:/fehqt/proteus/gcc/bin/../lib/gcc/arm-none-eabi/4.6.2/../../../../arm-none-eabi/lib/armv7e-m\libsupc++.a(eh_arm.o)
                                  0x8 (size before relaxing)
 .ARM.exidx.text.__cxa_bad_typeid
                0x000182d0        0x8 c:/fehqt/proteus/gcc/bin/../lib/gcc/arm-none-eabi/4.6.2/../../../../arm-none-eabi/lib/armv7e-m\libsupc++.a(eh_aux_runtime.o)
 .ARM.exidx.text.__cxa_call_terminate
                0x000182d8        0x8 c:/fehqt/proteus/gcc/bin/../lib/gcc/arm-none-eabi/4.6.2/../../../../arm-none-eabi/lib/armv7e-m\libsupc++.a(eh_call.o)
 .ARM.exidx.text.__cxa_call_unexpected
                0x000182e0        0x8 c:/fehqt/proteus/gcc/bin/../lib/gcc/arm-none-eabi/4.6.2/../../../../arm-none-eabi/lib/armv7e-m\libsupc++.a(eh_call.o)
 .ARM.exidx.text.__cxa_begin_catch
                0x000182e8        0x8 c:/fehqt/proteus/gcc/bin/../lib/gcc/arm-none-eabi/4.6.2/../../../../arm-none-eabi/lib/armv7e-m\libsupc++.a(eh_catch.o)
 .ARM.exidx.text.__cxa_end_catch
                0x000182f0        0x8 c:/fehqt/proteus/gcc/bin/../lib/gcc/arm-none-eabi/4.6.2/../../../../arm-none-eabi/lib/armv7e-m\libsupc++.a(eh_catch.o)
 .ARM.exidx.text._ZNSt9exceptionD2Ev
                0x000182f8        0x0 c:/fehqt/proteus/gcc/bin/../lib/gcc/arm-none-eabi/4.6.2/../../../../arm-none-eabi/lib/armv7e-m\libsupc++.a(eh_exception.o)
                                  0x8 (size before relaxing)
 .ARM.exidx.text._ZNSt13bad_exceptionD2Ev
                0x000182f8        0x0 c:/fehqt/proteus/gcc/bin/../lib/gcc/arm-none-eabi/4.6.2/../../../../arm-none-eabi/lib/armv7e-m\libsupc++.a(eh_exception.o)
                                  0x8 (size before relaxing)
 .ARM.exidx.text._ZNKSt9exception4whatEv
                0x000182f8        0x0 c:/fehqt/proteus/gcc/bin/../lib/gcc/arm-none-eabi/4.6.2/../../../../arm-none-eabi/lib/armv7e-m\libsupc++.a(eh_exception.o)
                                  0x8 (size before relaxing)
 .ARM.exidx.text._ZNKSt13bad_exception4whatEv
                0x000182f8        0x0 c:/fehqt/proteus/gcc/bin/../lib/gcc/arm-none-eabi/4.6.2/../../../../arm-none-eabi/lib/armv7e-m\libsupc++.a(eh_exception.o)
                                  0x8 (size before relaxing)
 .ARM.exidx.text._ZNSt13bad_exceptionD0Ev
                0x000182f8        0x0 c:/fehqt/proteus/gcc/bin/../lib/gcc/arm-none-eabi/4.6.2/../../../../arm-none-eabi/lib/armv7e-m\libsupc++.a(eh_exception.o)
                                  0x8 (size before relaxing)
 .ARM.exidx.text._ZNSt9exceptionD0Ev
                0x000182f8        0x0 c:/fehqt/proteus/gcc/bin/../lib/gcc/arm-none-eabi/4.6.2/../../../../arm-none-eabi/lib/armv7e-m\libsupc++.a(eh_exception.o)
                                  0x8 (size before relaxing)
 .ARM.exidx.text.__cxa_get_globals_fast
                0x000182f8        0x0 c:/fehqt/proteus/gcc/bin/../lib/gcc/arm-none-eabi/4.6.2/../../../../arm-none-eabi/lib/armv7e-m\libsupc++.a(eh_globals.o)
                                  0x8 (size before relaxing)
 .ARM.exidx.text.__cxa_get_globals
                0x000182f8        0x0 c:/fehqt/proteus/gcc/bin/../lib/gcc/arm-none-eabi/4.6.2/../../../../arm-none-eabi/lib/armv7e-m\libsupc++.a(eh_globals.o)
                                  0x8 (size before relaxing)
 .ARM.exidx.text._ZL12read_sleb128PKhPl
                0x000182f8        0x0 c:/fehqt/proteus/gcc/bin/../lib/gcc/arm-none-eabi/4.6.2/../../../../arm-none-eabi/lib/armv7e-m\libsupc++.a(eh_personality.o)
                                  0x8 (size before relaxing)
 .ARM.exidx.text._ZL28read_encoded_value_with_basehjPKhPj
                0x000182f8        0x8 c:/fehqt/proteus/gcc/bin/../lib/gcc/arm-none-eabi/4.6.2/../../../../arm-none-eabi/lib/armv7e-m\libsupc++.a(eh_personality.o)
 .ARM.exidx.text._ZL21base_of_encoded_valuehP15_Unwind_Context
                0x00018300        0x8 c:/fehqt/proteus/gcc/bin/../lib/gcc/arm-none-eabi/4.6.2/../../../../arm-none-eabi/lib/armv7e-m\libsupc++.a(eh_personality.o)
 .ARM.exidx.text._ZL17parse_lsda_headerP15_Unwind_ContextPKhP16lsda_header_info.constprop.1
                0x00018308        0x8 c:/fehqt/proteus/gcc/bin/../lib/gcc/arm-none-eabi/4.6.2/../../../../arm-none-eabi/lib/armv7e-m\libsupc++.a(eh_personality.o)
 .ARM.exidx.text.__gxx_personality_v0
                0x00018310        0x8 c:/fehqt/proteus/gcc/bin/../lib/gcc/arm-none-eabi/4.6.2/../../../../arm-none-eabi/lib/armv7e-m\libsupc++.a(eh_personality.o)
 .ARM.exidx.text._ZN10__cxxabiv111__terminateEPFvvE
                0x00018318        0x8 c:/fehqt/proteus/gcc/bin/../lib/gcc/arm-none-eabi/4.6.2/../../../../arm-none-eabi/lib/armv7e-m\libsupc++.a(eh_terminate.o)
 .ARM.exidx.text._ZSt9terminatev
                0x00018320        0x8 c:/fehqt/proteus/gcc/bin/../lib/gcc/arm-none-eabi/4.6.2/../../../../arm-none-eabi/lib/armv7e-m\libsupc++.a(eh_terminate.o)
 .ARM.exidx.text._ZN10__cxxabiv112__unexpectedEPFvvE
                0x00018328        0x8 c:/fehqt/proteus/gcc/bin/../lib/gcc/arm-none-eabi/4.6.2/../../../../arm-none-eabi/lib/armv7e-m\libsupc++.a(eh_terminate.o)
 .ARM.exidx.text._ZSt10unexpectedv
                0x00018330        0x8 c:/fehqt/proteus/gcc/bin/../lib/gcc/arm-none-eabi/4.6.2/../../../../arm-none-eabi/lib/armv7e-m\libsupc++.a(eh_terminate.o)
 .ARM.exidx.text._ZL23__gxx_exception_cleanup19_Unwind_Reason_CodeP21_Unwind_Control_Block
                0x00018338        0x8 c:/fehqt/proteus/gcc/bin/../lib/gcc/arm-none-eabi/4.6.2/../../../../arm-none-eabi/lib/armv7e-m\libsupc++.a(eh_throw.o)
 .ARM.exidx.text.__cxa_throw
                0x00018340        0x8 c:/fehqt/proteus/gcc/bin/../lib/gcc/arm-none-eabi/4.6.2/../../../../arm-none-eabi/lib/armv7e-m\libsupc++.a(eh_throw.o)
 .ARM.exidx.text.__cxa_rethrow
                0x00018348        0x8 c:/fehqt/proteus/gcc/bin/../lib/gcc/arm-none-eabi/4.6.2/../../../../arm-none-eabi/lib/armv7e-m\libsupc++.a(eh_throw.o)
 .ARM.exidx.text._ZN10__cxxabiv123__fundamental_type_infoD2Ev
                0x00018350        0x0 c:/fehqt/proteus/gcc/bin/../lib/gcc/arm-none-eabi/4.6.2/../../../../arm-none-eabi/lib/armv7e-m\libsupc++.a(fundamental_type_info.o)
                                  0x8 (size before relaxing)
 .ARM.exidx.text._ZN10__cxxabiv123__fundamental_type_infoD0Ev
                0x00018350        0x0 c:/fehqt/proteus/gcc/bin/../lib/gcc/arm-none-eabi/4.6.2/../../../../arm-none-eabi/lib/armv7e-m\libsupc++.a(fundamental_type_info.o)
                                  0x8 (size before relaxing)
 .ARM.exidx.text._ZNK10__cxxabiv119__pointer_type_info14__is_pointer_pEv
                0x00018350        0x8 c:/fehqt/proteus/gcc/bin/../lib/gcc/arm-none-eabi/4.6.2/../../../../arm-none-eabi/lib/armv7e-m\libsupc++.a(pointer_type_info.o)
 .ARM.exidx.text._ZN10__cxxabiv119__pointer_type_infoD2Ev
                0x00018358        0x8 c:/fehqt/proteus/gcc/bin/../lib/gcc/arm-none-eabi/4.6.2/../../../../arm-none-eabi/lib/armv7e-m\libsupc++.a(pointer_type_info.o)
 .ARM.exidx.text._ZN10__cxxabiv119__pointer_type_infoD0Ev
                0x00018360        0x0 c:/fehqt/proteus/gcc/bin/../lib/gcc/arm-none-eabi/4.6.2/../../../../arm-none-eabi/lib/armv7e-m\libsupc++.a(pointer_type_info.o)
                                  0x8 (size before relaxing)
 .ARM.exidx.text._ZNK10__cxxabiv119__pointer_type_info15__pointer_catchEPKNS_17__pbase_type_infoEPPvj
                0x00018360        0x8 c:/fehqt/proteus/gcc/bin/../lib/gcc/arm-none-eabi/4.6.2/../../../../arm-none-eabi/lib/armv7e-m\libsupc++.a(pointer_type_info.o)
 .ARM.exidx.text._ZN10__cxxabiv120__si_class_type_infoD2Ev
                0x00018368        0x8 c:/fehqt/proteus/gcc/bin/../lib/gcc/arm-none-eabi/4.6.2/../../../../arm-none-eabi/lib/armv7e-m\libsupc++.a(si_class_type_info.o)
 .ARM.exidx.text._ZN10__cxxabiv120__si_class_type_infoD0Ev
                0x00018370        0x0 c:/fehqt/proteus/gcc/bin/../lib/gcc/arm-none-eabi/4.6.2/../../../../arm-none-eabi/lib/armv7e-m\libsupc++.a(si_class_type_info.o)
                                  0x8 (size before relaxing)
 .ARM.exidx.text._ZNK10__cxxabiv120__si_class_type_info11__do_upcastEPKNS_17__class_type_infoEPKvRNS1_15__upcast_resultE
                0x00018370        0x8 c:/fehqt/proteus/gcc/bin/../lib/gcc/arm-none-eabi/4.6.2/../../../../arm-none-eabi/lib/armv7e-m\libsupc++.a(si_class_type_info.o)
 .ARM.exidx.text._ZNK10__cxxabiv120__si_class_type_info12__do_dyncastEiNS_17__class_type_info10__sub_kindEPKS1_PKvS4_S6_RNS1_16__dyncast_resultE
                0x00018378        0x8 c:/fehqt/proteus/gcc/bin/../lib/gcc/arm-none-eabi/4.6.2/../../../../arm-none-eabi/lib/armv7e-m\libsupc++.a(si_class_type_info.o)
 .ARM.exidx.text._ZNK10__cxxabiv120__si_class_type_info20__do_find_public_srcEiPKvPKNS_17__class_type_infoES2_
                0x00018380        0x8 c:/fehqt/proteus/gcc/bin/../lib/gcc/arm-none-eabi/4.6.2/../../../../arm-none-eabi/lib/armv7e-m\libsupc++.a(si_class_type_info.o)
 .ARM.exidx.text._ZNSt9type_infoD2Ev
                0x00018388        0x8 c:/fehqt/proteus/gcc/bin/../lib/gcc/arm-none-eabi/4.6.2/../../../../arm-none-eabi/lib/armv7e-m\libsupc++.a(tinfo.o)
 .ARM.exidx.text._ZNKSt9type_info14__is_pointer_pEv
                0x00018390        0x0 c:/fehqt/proteus/gcc/bin/../lib/gcc/arm-none-eabi/4.6.2/../../../../arm-none-eabi/lib/armv7e-m\libsupc++.a(tinfo.o)
                                  0x8 (size before relaxing)
 .ARM.exidx.text._ZNKSt9type_info15__is_function_pEv
                0x00018390        0x0 c:/fehqt/proteus/gcc/bin/../lib/gcc/arm-none-eabi/4.6.2/../../../../arm-none-eabi/lib/armv7e-m\libsupc++.a(tinfo.o)
                                  0x8 (size before relaxing)
 .ARM.exidx.text._ZNKSt9type_info11__do_upcastEPKN10__cxxabiv117__class_type_infoEPPv
                0x00018390        0x0 c:/fehqt/proteus/gcc/bin/../lib/gcc/arm-none-eabi/4.6.2/../../../../arm-none-eabi/lib/armv7e-m\libsupc++.a(tinfo.o)
                                  0x8 (size before relaxing)
 .ARM.exidx.text._ZNSt9type_infoD0Ev
                0x00018390        0x0 c:/fehqt/proteus/gcc/bin/../lib/gcc/arm-none-eabi/4.6.2/../../../../arm-none-eabi/lib/armv7e-m\libsupc++.a(tinfo.o)
                                  0x8 (size before relaxing)
 .ARM.exidx.text._ZNKSt9type_infoeqERKS_
                0x00018390        0x0 c:/fehqt/proteus/gcc/bin/../lib/gcc/arm-none-eabi/4.6.2/../../../../arm-none-eabi/lib/armv7e-m\libsupc++.a(tinfo.o)
                                  0x8 (size before relaxing)
 .ARM.exidx.text._ZNKSt9type_info10__do_catchEPKS_PPvj
                0x00018390        0x0 c:/fehqt/proteus/gcc/bin/../lib/gcc/arm-none-eabi/4.6.2/../../../../arm-none-eabi/lib/armv7e-m\libsupc++.a(tinfo.o)
                                  0x8 (size before relaxing)
 .ARM.exidx.text._ZNKSt10bad_typeid4whatEv
                0x00018390        0x0 c:/fehqt/proteus/gcc/bin/../lib/gcc/arm-none-eabi/4.6.2/../../../../arm-none-eabi/lib/armv7e-m\libsupc++.a(bad_typeid.o)
                                  0x8 (size before relaxing)
 .ARM.exidx.text._ZNSt10bad_typeidD2Ev
                0x00018390        0x0 c:/fehqt/proteus/gcc/bin/../lib/gcc/arm-none-eabi/4.6.2/../../../../arm-none-eabi/lib/armv7e-m\libsupc++.a(bad_typeid.o)
                                  0x8 (size before relaxing)
 .ARM.exidx.text._ZNSt10bad_typeidD0Ev
                0x00018390        0x0 c:/fehqt/proteus/gcc/bin/../lib/gcc/arm-none-eabi/4.6.2/../../../../arm-none-eabi/lib/armv7e-m\libsupc++.a(bad_typeid.o)
                                  0x8 (size before relaxing)
 .ARM.exidx.text._ZNK10__cxxabiv117__pbase_type_info15__pointer_catchEPKS0_PPvj
                0x00018390        0x8 c:/fehqt/proteus/gcc/bin/../lib/gcc/arm-none-eabi/4.6.2/../../../../arm-none-eabi/lib/armv7e-m\libsupc++.a(pbase_type_info.o)
 .ARM.exidx.text._ZN10__cxxabiv117__pbase_type_infoD2Ev
                0x00018398        0x0 c:/fehqt/proteus/gcc/bin/../lib/gcc/arm-none-eabi/4.6.2/../../../../arm-none-eabi/lib/armv7e-m\libsupc++.a(pbase_type_info.o)
                                  0x8 (size before relaxing)
 .ARM.exidx.text._ZN10__cxxabiv117__pbase_type_infoD0Ev
                0x00018398        0x0 c:/fehqt/proteus/gcc/bin/../lib/gcc/arm-none-eabi/4.6.2/../../../../arm-none-eabi/lib/armv7e-m\libsupc++.a(pbase_type_info.o)
                                  0x8 (size before relaxing)
 .ARM.exidx.text._ZNK10__cxxabiv117__pbase_type_info10__do_catchEPKSt9type_infoPPvj
                0x00018398       0x10 c:/fehqt/proteus/gcc/bin/../lib/gcc/arm-none-eabi/4.6.2/../../../../arm-none-eabi/lib/armv7e-m\libsupc++.a(pbase_type_info.o)
                                  0x8 (size before relaxing)
 .ARM.exidx     0x000181b0       0x88 c:/fehqt/proteus/gcc/bin/../lib/gcc/arm-none-eabi/4.6.2/armv7e-m\libgcc.a(unwind-arm.o)
                                 0xc0 (size before relaxing)
 .ARM.exidx     0x00018238       0x38 c:/fehqt/proteus/gcc/bin/../lib/gcc/arm-none-eabi/4.6.2/armv7e-m\libgcc.a(pr-support.o)
                                 0x48 (size before relaxing)
                0x000183a8                __exidx_end = .

.ctors          0x000183a8        0x0
                0x000183a8                __CTOR_LIST__ = .
 *crtbegin.o(.ctors)
 *(EXCLUDE_FILE(*crtend.o) .ctors)
 *(SORT(.ctors.*))
 *(.ctors)
                0x000183a8                __CTOR_END__ = .

.dtors          0x000183a8        0x0
                0x000183a8                __DTOR_LIST__ = .
 *crtbegin.o(.dtors)
 *(EXCLUDE_FILE(*crtend.o) .dtors)
 *(SORT(.dtors.*))
 *(.dtors)
                0x000183a8                __DTOR_END__ = .

.preinit_array  0x000183a8        0x0
                0x000183a8                PROVIDE (__preinit_array_start, .)
 *(.preinit_array*)
                0x000183a8                PROVIDE (__preinit_array_end, .)

.init_array     0x000183a8       0x18
                0x000183a8                PROVIDE (__init_array_start, .)
 *(SORT(.init_array.*))
 *(.init_array*)
 .init_array    0x000183a8        0x4 ..\main.o
 .init_array    0x000183ac        0x4 FEHProteus.o
 .init_array    0x000183b0        0x4 Libraries\FEHBuzzer.o
 .init_array    0x000183b4        0x4 Libraries\FEHLCD.o
 .init_array    0x000183b8        0x4 Libraries\FEHBattery.o
 .init_array    0x000183bc        0x4 Libraries\FEHWONKA.o
                0x000183c0                PROVIDE (__init_array_end, .)

.fini_array     0x000183c0        0x0
                0x000183c0                PROVIDE (__fini_array_start, .)
 *(SORT(.fini_array.*))
 *(.fini_array*)
                0x000183c0                PROVIDE (__fini_array_end, .)