Archive member included because of file (symbol)

C:\fehqt\Proteus/EWL/lib/armv7e-m\libc.a(sprintf.o)
                              Libraries\FEHLCD.o (sprintf)
C:\fehqt\Proteus/EWL/lib/armv7e-m\libc.a(vsnprintf.o)
                              C:\fehqt\Proteus/EWL/lib/armv7e-m\libc.a(sprintf.o) (vsnprintf)
C:\fehqt\Proteus/EWL/lib/armv7e-m\libc.a(exit.o)
                              Startup\__arm_start.o (exit)
C:\fehqt\Proteus/EWL/lib/armv7e-m\libc.a(memcpy.o)
                              C:\fehqt\Proteus/EWL/lib/armv7e-m\libc.a(vsnprintf.o) (memcpy)
C:\fehqt\Proteus/EWL/lib/armv7e-m\libc.a(memset.o)
                              Startup\__arm_start.o (memset)
C:\fehqt\Proteus/EWL/lib/armv7e-m\libc.a(printformat_.o)
                              (__pformatter_)
C:\fehqt\Proteus/EWL/lib/armv7e-m\libc.a(scanformat_.o)
                              (__sformatter)
C:\fehqt\Proteus/EWL/lib/armv7e-m\libc.a(ctype_aeabi.o)
                              C:\fehqt\Proteus/EWL/lib/armv7e-m\libc.a(scanformat_.o) (isspace)
C:\fehqt\Proteus/EWL/lib/armv7e-m\libc.a(__strtoul.o)
                              C:\fehqt\Proteus/EWL/lib/armv7e-m\libc.a(scanformat_.o) (__strtoul)
C:\fehqt\Proteus/EWL/lib/armv7e-m\libc.a(__filll_mem.o)
                              C:\fehqt\Proteus/EWL/lib/armv7e-m\libc.a(memset.o) (__fill_mem)
C:\fehqt\Proteus/EWL/lib/armv7e-m\libc.a(memchr.o)
                              C:\fehqt\Proteus/EWL/lib/armv7e-m\libc.a(printformat_.o) (memchr)
C:\fehqt\Proteus/EWL/lib/armv7e-m\libc.a(strchr.o)
                              C:\fehqt\Proteus/EWL/lib/armv7e-m\libc.a(printformat_.o) (strchr)
C:\fehqt\Proteus/EWL/lib/armv7e-m\libc.a(strlen.o)
                              C:\fehqt\Proteus/EWL/lib/armv7e-m\libc.a(printformat_.o) (strlen)
c:/fehqt/proteus/gcc/bin/../lib/gcc/arm-none-eabi/4.6.2/armv7e-m\libgcc.a(_arm_addsubdf3.o)
                              ..\util/timer.o (__aeabi_dsub)
c:/fehqt/proteus/gcc/bin/../lib/gcc/arm-none-eabi/4.6.2/armv7e-m\libgcc.a(_arm_muldivdf3.o)
                              ..\commands/drivedistcommand.o (__aeabi_dmul)
c:/fehqt/proteus/gcc/bin/../lib/gcc/arm-none-eabi/4.6.2/armv7e-m\libgcc.a(_arm_fixdfsi.o)
                              Libraries\FEHMotor.o (__aeabi_d2iz)
c:/fehqt/proteus/gcc/bin/../lib/gcc/arm-none-eabi/4.6.2/armv7e-m\libgcc.a(_arm_fixunsdfsi.o)
                              Libraries\FEHUtility.o (__aeabi_d2uiz)
c:/fehqt/proteus/gcc/bin/../lib/gcc/arm-none-eabi/4.6.2/armv7e-m\libgcc.a(_arm_truncdfsf2.o)
                              ..\io.o (__aeabi_d2f)
c:/fehqt/proteus/gcc/bin/../lib/gcc/arm-none-eabi/4.6.2/armv7e-m\libgcc.a(_arm_addsubsf3.o)
                              ..\util/timer.o (__aeabi_fsub)
c:/fehqt/proteus/gcc/bin/../lib/gcc/arm-none-eabi/4.6.2/armv7e-m\libgcc.a(_arm_muldivsf3.o)
                              ..\commands/turnamountcommand.o (__aeabi_fmul)
c:/fehqt/proteus/gcc/bin/../lib/gcc/arm-none-eabi/4.6.2/armv7e-m\libgcc.a(_arm_cmpsf2.o)
                              Libraries\FEHServo.o (__aeabi_fcmpeq)
c:/fehqt/proteus/gcc/bin/../lib/gcc/arm-none-eabi/4.6.2/armv7e-m\libgcc.a(_arm_fixsfsi.o)
                              ..\commands/turnamountcommand.o (__aeabi_f2iz)
c:/fehqt/proteus/gcc/bin/../lib/gcc/arm-none-eabi/4.6.2/armv7e-m\libgcc.a(_arm_fixunssfsi.o)
                              Drivers\mcg.o (__aeabi_f2uiz)
C:\fehqt\Proteus/EWL/lib/armv7e-m\librt.a(gcc_ctor_dtor.o)
                              Startup\__arm_start.o (__init_cpp)
C:\fehqt\Proteus/EWL/lib/armv7e-m\librt.a(ROMCopy.o)
                              Startup\__arm_start.o (__copy_rom_sections_to_ram)
C:\fehqt\Proteus/EWL/lib/armv7e-m\librt.a(__arm_eabi_init.o)
                              C:\fehqt\Proteus/EWL/lib/armv7e-m\libc.a(exit.o) (__destroy_global_chain)
C:\fehqt\Proteus/EWL/lib/armv7e-m\librt.a(New.o)
                              ..\main.o (operator new(unsigned int))
c:/fehqt/proteus/gcc/bin/../lib/gcc/arm-none-eabi/4.6.2/../../../../arm-none-eabi/lib/armv7e-m\libsupc++.a(class_type_info.o)
                              ..\printcommand.o (vtable for __cxxabiv1::__class_type_info)
c:/fehqt/proteus/gcc/bin/../lib/gcc/arm-none-eabi/4.6.2/../../../../arm-none-eabi/lib/armv7e-m\libsupc++.a(eh_alloc.o)
                              C:\fehqt\Proteus/EWL/lib/armv7e-m\librt.a(New.o) (__cxa_allocate_exception)
c:/fehqt/proteus/gcc/bin/../lib/gcc/arm-none-eabi/4.6.2/../../../../arm-none-eabi/lib/armv7e-m\libsupc++.a(eh_arm.o)
                              C:\fehqt\Proteus/EWL/lib/armv7e-m\librt.a(New.o) (__cxa_end_cleanup)
c:/fehqt/proteus/gcc/bin/../lib/gcc/arm-none-eabi/4.6.2/../../../../arm-none-eabi/lib/armv7e-m\libsupc++.a(eh_aux_runtime.o)
                              c:/fehqt/proteus/gcc/bin/../lib/gcc/arm-none-eabi/4.6.2/../../../../arm-none-eabi/lib/armv7e-m\libsupc++.a(eh_arm.o) (__cxa_bad_typeid)
c:/fehqt/proteus/gcc/bin/../lib/gcc/arm-none-eabi/4.6.2/../../../../arm-none-eabi/lib/armv7e-m\libsupc++.a(eh_call.o)
[...]
Memory Configuration

Name             Origin             Length             Attributes
m_interrupts     0x0000c000         0x00000400         xr
m_cfmprotrom     0x0000c400         0x00000010         xr
m_text           0x0000c410         0x00073bf0         xr
m_data           0x1fff0400         0x0000fc00         xrw
m_data2          0x20000000         0x00010000         xrw
*default*        0x00000000         0xffffffff

Linker script and memory map

LOAD ..\main.o
LOAD ..\printcommand.o
LOAD ..\command.o
LOAD ..\util/script.o
LOAD ..\io.o
LOAD ..\util/timer.o
LOAD ..\drive.o
LOAD ..\commands/divecommand.o
LOAD ..\commands/turnamountcommand.o
LOAD ..\commands/turntoanglecommand.o
LOAD ..\commands/drivedistcommand.o
LOAD ..\commands/setarmcommand.o
LOAD Startup\__arm_start.o
LOAD Startup\__arm_end.o
LOAD Startup\kinetis_sysinit.o
LOAD Libraries\FEHMotor.o
LOAD Drivers\mcg.o
LOAD Drivers\uart.o
LOAD Drivers\lptmr.o
LOAD FEHProteus.o
LOAD Drivers\FEHPropeller.o
LOAD Libraries\FEHUtility.o
LOAD Libraries\FEHIO.o
LOAD Drivers\adc16.o
LOAD Libraries\FEHBuzzer.o
LOAD Libraries\FEHServo.o
LOAD Libraries\FEHLCD.o
LOAD Libraries\FEHBattery.o
LOAD Drivers\FEHXBee.o
LOAD Libraries\FEHWONKA.o
                0x00015158                __pformatter = __pformatter_
                [0x00015550]                __sformatter = __sformatter
LOAD C:\fehqt\Proteus/EWL/lib/armv7e-m\libstdc++.a
LOAD C:\fehqt\Proteus/EWL/lib/armv7e-m\libm.a
START GROUP
LOAD C:\fehqt\Proteus/EWL/lib/armv7e-m\libc.a
LOAD C:\fehqt\Proteus/EWL/lib/armv7e-m\libc++.a
LOAD C:\fehqt\Proteus/EWL/lib/armv7e-m\libm.a
LOAD c:/fehqt/proteus/gcc/bin/../lib/gcc/arm-none-eabi/4.6.2/armv7e-m\libgcc.a
LOAD C:\fehqt\Proteus/EWL/lib/armv7e-m\librt.a
LOAD c:/fehqt/proteus/gcc/bin/../lib/gcc/arm-none-eabi/4.6.2/../../../../arm-none-eabi/lib/armv7e-m\libsupc++.a
END GROUP
                0x20000000                _estack = 0x20000000
                0x20000000                __SP_INIT = _estack
                0x00000800                __heap_size = 0x800
                0x00000800                __stack_size = 0x800

.interrupts     0x0000c000      0x1e0
                0x0000c000                __vector_table = .
                0x0000c000                . = ALIGN (0x4)
 *(.vectortable)
 .vectortable   0x0000c000      0x1e0 Startup\kinetis_sysinit.o
                0x0000c1e0                . = ALIGN (0x4)

.cfmprotect     0x0000c400        0x0
                0x0000c400                . = ALIGN (0x4)
 *(.cfmconfig)
                0x0000c400                . = ALIGN (0x4)

.text           0x0000c410     0xbb10
                0x0000c410                . = ALIGN (0x4)
 *(.text)
 .text          0x0000c410      0x370 c:/fehqt/proteus/gcc/bin/../lib/gcc/arm-none-eabi/4.6.2/armv7e-m\libgcc.a(_arm_addsubdf3.o)
                0x0000c410                __aeabi_drsub
                0x0000c418                __aeabi_dsub
                0x0000c418                __subdf3
                0x0000c41c                __aeabi_dadd
                0x0000c41c                __adddf3
                0x0000c694                __floatunsidf
                0x0000c694                __aeabi_ui2d
                0x0000c6b4                __floatsidf
                0x0000c6b4                __aeabi_i2d
                0x0000c6d8                __aeabi_f2d
                0x0000c6d8                __extendsfdf2
                0x0000c714                __floatundidf
                0x0000c714                __aeabi_ul2d
                0x0000c724                __floatdidf
                0x0000c724                __aeabi_l2d
 .text          0x0000c780      0x424 c:/fehqt/proteus/gcc/bin/../lib/gcc/arm-none-eabi/4.6.2/armv7e-m\libgcc.a(_arm_muldivdf3.o)
                0x0000c780                __aeabi_dmul
                0x0000c780                __muldf3
                0x0000c9d4                __divdf3
                0x0000c9d4                __aeabi_ddiv
 .text          0x0000cba4       0x50 c:/fehqt/proteus/gcc/bin/../lib/gcc/arm-none-eabi/4.6.2/armv7e-m\libgcc.a(_arm_fixdfsi.o)
                0x0000cba4                __aeabi_d2iz
                0x0000cba4                __fixdfsi
 .text          0x0000cbf4       0x40 c:/fehqt/proteus/gcc/bin/../lib/gcc/arm-none-eabi/4.6.2/armv7e-m\libgcc.a(_arm_fixunsdfsi.o)
                0x0000cbf4                __aeabi_d2uiz
                0x0000cbf4                __fixunsdfsi
 .text          0x0000cc34       0xa0 c:/fehqt/proteus/gcc/bin/../lib/gcc/arm-none-eabi/4.6.2/armv7e-m\libgcc.a(_arm_truncdfsf2.o)
                0x0000cc34                __truncdfsf2
                0x0000cc34                __aeabi_d2f
 .text          0x0000ccd4      0x21c c:/fehqt/proteus/gcc/bin/../lib/gcc/arm-none-eabi/4.6.2/armv7e-m\libgcc.a(_arm_addsubsf3.o)
                0x0000ccd4                __aeabi_frsub
                0x0000ccdc                __subsf3
                0x0000ccdc                __aeabi_fsub
                0x0000cce0                __aeabi_fadd
                0x0000cce0                __addsf3
                0x0000ce40                __aeabi_ui2f
                0x0000ce40                __floatunsisf
                0x0000ce48                __aeabi_i2f
                0x0000ce48                __floatsisf
                0x0000ce64                __aeabi_ul2f
                0x0000ce64                __floatundisf
                0x0000ce74                __aeabi_l2f
                0x0000ce74                __floatdisf
 .text          0x0000cef0      0x2a0 c:/fehqt/proteus/gcc/bin/../lib/gcc/arm-none-eabi/4.6.2/armv7e-m\libgcc.a(_arm_muldivsf3.o)
                0x0000cef0                __mulsf3
                0x0000cef0                __aeabi_fmul
                0x0000d058                __aeabi_fdiv
                0x0000d058                __divsf3
 .text          0x0000d190       0xec c:/fehqt/proteus/gcc/bin/../lib/gcc/arm-none-eabi/4.6.2/armv7e-m\libgcc.a(_arm_cmpsf2.o)
                0x0000d190                __gesf2
                0x0000d190                __gtsf2
                0x0000d198                __lesf2
                0x0000d198                __ltsf2
                0x0000d1a0                __nesf2
                0x0000d1a0                __eqsf2
                0x0000d1a0                __cmpsf2
                0x0000d200                __aeabi_cfrcmple
                0x0000d208                __aeabi_cfcmpeq
                0x0000d208                __aeabi_cfcmple
                0x0000d218                __aeabi_fcmpeq
                0x0000d22c                __aeabi_fcmplt
                0x0000d240                __aeabi_fcmple
                0x0000d254                __aeabi_fcmpge
                0x0000d268                __aeabi_fcmpgt
 .text          0x0000d27c       0x4c c:/fehqt/proteus/gcc/bin/../lib/gcc/arm-none-eabi/4.6.2/armv7e-m\libgcc.a(_arm_fixsfsi.o)
                0x0000d27c                __aeabi_f2iz
                0x0000d27c                __fixsfsi
 .text          0x0000d2c8       0x40 c:/fehqt/proteus/gcc/bin/../lib/gcc/arm-none-eabi/4.6.2/armv7e-m\libgcc.a(_arm_fixunssfsi.o)
                0x0000d2c8                __fixunssfsi
                0x0000d2c8                __aeabi_f2uiz
 .text          0x0000d308      0xb54 c:/fehqt/proteus/gcc/bin/../lib/gcc/arm-none-eabi/4.6.2/armv7e-m\libgcc.a(unwind-arm.o)
                0x0000d5b0                _Unwind_VRS_Get
                0x0000d5f0                _Unwind_VRS_Set
                0x0000d950                __aeabi_unwind_cpp_pr2
                0x0000d954                __aeabi_unwind_cpp_pr1
                0x0000d958                __aeabi_unwind_cpp_pr0
                0x0000d95c                _Unwind_VRS_Pop
                0x0000dd10                _Unwind_GetCFA
                0x0000dd14                __gnu_Unwind_RaiseException
                0x0000dd74                __gnu_Unwind_ForcedUnwind
                0x0000dd88                __gnu_Unwind_Resume
                0x0000ddc4                __gnu_Unwind_Resume_or_Rethrow
                0x0000ddd4                _Unwind_Complete
                0x0000ddd8                _Unwind_DeleteException
                0x0000dde8                __gnu_Unwind_Backtrace
 .text          0x0000de5c      0x1ac c:/fehqt/proteus/gcc/bin/../lib/gcc/arm-none-eabi/4.6.2/armv7e-m\libgcc.a(libunwind.o)
                0x0000de5c                __restore_core_regs
                0x0000de5c                restore_core_regs
                0x0000de74                __gnu_Unwind_Restore_VFP
                0x0000de7c                __gnu_Unwind_Save_VFP
                0x0000de84                __gnu_Unwind_Restore_VFP_D
                0x0000de8c                __gnu_Unwind_Save_VFP_D
                0x0000de94                __gnu_Unwind_Restore_VFP_D_16_to_31
                0x0000de9c                __gnu_Unwind_Save_VFP_D_16_to_31
                0x0000dea4                __gnu_Unwind_Restore_WMMXD
                0x0000dee8                __gnu_Unwind_Save_WMMXD
                0x0000df2c                __gnu_Unwind_Restore_WMMXC
                0x0000df40                __gnu_Unwind_Save_WMMXC
                0x0000df54                ___Unwind_RaiseException
                0x0000df54                _Unwind_RaiseException
                0x0000df78                _Unwind_Resume
                0x0000df78                ___Unwind_Resume
                0x0000df9c                _Unwind_Resume_or_Rethrow
                0x0000df9c                ___Unwind_Resume_or_Rethrow
                0x0000dfc0                _Unwind_ForcedUnwind
                0x0000dfc0                ___Unwind_ForcedUnwind
                0x0000dfe4                ___Unwind_Backtrace
                0x0000dfe4                _Unwind_Backtrace
 .text          0x0000e008      0x374 c:/fehqt/proteus/gcc/bin/../lib/gcc/arm-none-eabi/4.6.2/armv7e-m\libgcc.a(pr-support.o)
                0x0000e05c                __gnu_unwind_execute
                0x0000e324                __gnu_unwind_frame
                0x0000e34c                _Unwind_GetRegionStart
                0x0000e358                _Unwind_GetLanguageSpecificData
                0x0000e36c                _Unwind_GetDataRelBase
                0x0000e374                _Unwind_GetTextRelBase
 *(.text*)
 .text._ZN2IOC2EP11ButtonBoardP8FEHWONKAP10FEHEncoderS5_
                0x0000e37c       0x94 ..\main.o
                0x0000e37c                IO::IO(ButtonBoard*, FEHWONKA*, FEHEncoder*, FEHEncoder*)
                0x0000e37c                IO::IO(ButtonBoard*, FEHWONKA*, FEHEncoder*, FEHEncoder*)
 .text._ZN12PrintCommandC2EPc
                0x0000e410       0x3c ..\main.o
                0x0000e410                PrintCommand::PrintCommand(char*)
                0x0000e410                PrintCommand::PrintCommand(char*)
 .text._ZN12DriveCommandC2Eiif
                0x0000e44c       0x4c ..\main.o
                0x0000e44c                DriveCommand::DriveCommand(int, int, float)
                0x0000e44c                DriveCommand::DriveCommand(int, int, float)
 .text._ZN18TurnToAngleCommandC2EiN5Drive4SideES1_
                0x0000e498       0x4c ..\main.o
                0x0000e498                TurnToAngleCommand::TurnToAngleCommand(int, Drive::Side, Drive::Side)
                0x0000e498                TurnToAngleCommand::TurnToAngleCommand(int, Drive::Side, Drive::Side)
 .text._ZN16DriveDistCommandC2Eif
                0x0000e4e4       0x44 ..\main.o
                0x0000e4e4                DriveDistCommand::DriveDistCommand(int, float)
                0x0000e4e4                DriveDistCommand::DriveDistCommand(int, float)
 .text._ZN13SetArmCommandC2Eif
                0x0000e528       0x44 ..\main.o
                0x0000e528                SetArmCommand::SetArmCommand(int, float)
                0x0000e528                SetArmCommand::SetArmCommand(int, float)
 .text.main     0x0000e56c      0x784 ..\main.o
                0x0000e56c                main
 .text._Z11InitScriptsv
                0x0000ecf0      0x2b4 ..\main.o
                0x0000ecf0                InitScripts()
 .text._ZN6ScriptI7CommandE17GetCurrentCommandEv
                0x0000efa4       0x24 ..\main.o
                0x0000efa4                Script<Command>::GetCurrentCommand()
 .text._ZN6ScriptI7CommandE11NextCommandEv
                0x0000efc8       0xb0 ..\main.o
                0x0000efc8                Script<Command>::NextCommand()
 .text._ZN6ScriptI7CommandEC2Ev
                0x0000f078       0x64 ..\main.o
                0x0000f078                Script<Command>::Script()
                0x0000f078                Script<Command>::Script()
 .text._ZN6ScriptI7CommandE7SetNameEPc
                0x0000f0dc       0x1c ..\main.o
                0x0000f0dc                Script<Command>::SetName(char*)
 .text._ZN6ScriptI7CommandE13AddSequentialEPS0_
                0x0000f0f8       0x34 ..\main.o
                0x0000f0f8                Script<Command>::AddSequential(Command*)
 .text._ZN6ScriptI7CommandE10MergeQueueEv
                0x0000f12c       0xfc ..\main.o
                0x0000f12c                Script<Command>::MergeQueue()
 .text._Z41__static_initialization_and_destruction_0ii
                0x0000f228       0x30 ..\main.o
 .text._GLOBAL__sub_I_lcd
                0x0000f258       0x14 ..\main.o
 .text._ZN12PrintCommand4InitEv
                0x0000f26c       0x2c ..\printcommand.o
                0x0000f26c                PrintCommand::Init()
 .text._ZN12PrintCommand3RunEv
                0x0000f298       0x14 ..\printcommand.o
                0x0000f298                PrintCommand::Run()
 .text._ZN12PrintCommand12EndConditionEv
                0x0000f2ac       0x20 ..\printcommand.o
                0x0000f2ac                PrintCommand::EndCondition()
 .text._ZN12PrintCommand6FinishEv
                0x0000f2cc       0x14 ..\printcommand.o
                0x0000f2cc                PrintCommand::Finish()
 .text._ZN12PrintCommand15FailedConditionEv
                0x0000f2e0       0x18 ..\printcommand.o
                0x0000f2e0                PrintCommand::FailedCondition()
 .text._ZN12PrintCommand7FailureEv
                0x0000f2f8       0x14 ..\printcommand.o
                0x0000f2f8                PrintCommand::Failure()
 .text._ZN12PrintCommand11PrintStatusEv
                0x0000f30c       0x5c ..\printcommand.o
                0x0000f30c                PrintCommand::PrintStatus()
 .text._ZN7CommandC2Ev
                0x0000f368       0x4c ..\command.o
                0x0000f368                Command::Command()
                0x0000f368                Command::Command()
 .text._ZN7Command4InitEP6FEHLCDP5DriveP2IOP8FEHServo
                0x0000f3b4       0x48 ..\command.o
                0x0000f3b4                Command::Init(FEHLCD*, Drive*, IO*, FEHServo*)
 .text._ZN7Command9SetScriptEP6ScriptIS_E
                0x0000f3fc       0x20 ..\command.o
                0x0000f3fc                Command::SetScript(Script<Command>*)
 .text._ZN2IO6UpdateEv
                0x0000f41c       0x84 ..\io.o
                0x0000f41c                IO::Update()
 .text._ZN2IO26ButtonBoardGetPressedEventENS_6ButtonE
                0x0000f4a0       0x44 ..\io.o
                0x0000f4a0                IO::ButtonBoardGetPressedEvent(IO::Button)
 .text._ZN2IO16GetDistTravelledEv
                0x0000f4e4       0x74 ..\io.o
                0x0000f4e4                IO::GetDistTravelled()
 .text._ZN5TimerC2Ef
                0x0000f558       0x34 ..\util/timer.o
                0x0000f558                Timer::Timer(float)
                0x0000f558                Timer::Timer(float)
 .text._ZN5Timer7GetTimeEv
                0x0000f58c       0x40 ..\util/timer.o
                0x0000f58c                Timer::GetTime()
 .text._ZN5Timer11GetTimeLeftEv
                0x0000f5cc       0x28 ..\util/timer.o
                0x0000f5cc                Timer::GetTimeLeft()
 .text._ZN5Timer5ResetEv
                0x0000f5f4       0x28 ..\util/timer.o
                0x0000f5f4                Timer::Reset()
 .text._ZN5Timer10SetTimeoutEf
                0x0000f61c       0x1c ..\util/timer.o
                0x0000f61c                Timer::SetTimeout(float)
 .text._ZN5Timer9IsTimeoutEv
                0x0000f638       0x3c ..\util/timer.o
                0x0000f638                Timer::IsTimeout()
 .text._ZN5DriveC2EP8FEHMotorS1_
                0x0000f674       0x3c ..\drive.o
                0x0000f674                Drive::Drive(FEHMotor*, FEHMotor*)
                0x0000f674                Drive::Drive(FEHMotor*, FEHMotor*)
 .text._ZN5Drive8SetDriveEii
                0x0000f6b0       0x88 ..\drive.o
                0x0000f6b0                Drive::SetDrive(int, int)
 .text._ZN5Drive10SetDriveLREii
                0x0000f738       0x3c ..\drive.o
                0x0000f738                Drive::SetDriveLR(int, int)
 .text._ZN12DriveCommand4InitEv
                0x0000f774       0x48 ..\commands/divecommand.o
                0x0000f774                DriveCommand::Init()
 .text._ZN12DriveCommand3RunEv
                0x0000f7bc       0x14 ..\commands/divecommand.o
                0x0000f7bc                DriveCommand::Run()
 .text._ZN12DriveCommand12EndConditionEv
                0x0000f7d0       0x20 ..\commands/divecommand.o
                0x0000f7d0                DriveCommand::EndCondition()
 .text._ZN12DriveCommand6FinishEv
                0x0000f7f0       0x28 ..\commands/divecommand.o
                0x0000f7f0                DriveCommand::Finish()
 .text._ZN12DriveCommand15FailedConditionEv
                0x0000f818       0x18 ..\commands/divecommand.o
                0x0000f818                DriveCommand::FailedCondition()
 .text._ZN12DriveCommand7FailureEv
                0x0000f830       0x14 ..\commands/divecommand.o
                0x0000f830                DriveCommand::Failure()
 .text._ZN12DriveCommand11PrintStatusEv
                0x0000f844       0xa4 ..\commands/divecommand.o
                0x0000f844                DriveCommand::PrintStatus()
 .text._ZN17TurnAmountCommand4InitEv
                0x0000f8e8       0xdc ..\commands/turnamountcommand.o
                0x0000f8e8                TurnAmountCommand::Init()
 .text._ZN17TurnAmountCommand3RunEv
                0x0000f9c4      0x214 ..\commands/turnamountcommand.o
                0x0000f9c4                TurnAmountCommand::Run()
 .text._ZN17TurnAmountCommand12EndConditionEv
                0x0000fbd8       0x70 ..\commands/turnamountcommand.o
                0x0000fbd8                TurnAmountCommand::EndCondition()
 .text._ZN17TurnAmountCommand6FinishEv
                0x0000fc48       0x28 ..\commands/turnamountcommand.o
                0x0000fc48                TurnAmountCommand::Finish()
 .text._ZN17TurnAmountCommand15FailedConditionEv
                0x0000fc70       0x20 ..\commands/turnamountcommand.o
                0x0000fc70                TurnAmountCommand::FailedCondition()
 .text._ZN17TurnAmountCommand7FailureEv
                0x0000fc90       0x8c ..\commands/turnamountcommand.o
                0x0000fc90                TurnAmountCommand::Failure()
 .text._ZN17TurnAmountCommand11PrintStatusEv
                0x0000fd1c       0x14 ..\commands/turnamountcommand.o
                0x0000fd1c                TurnAmountCommand::PrintStatus()
 .text._ZN17TurnAmountCommandC2EiN5Drive4SideE
                0x0000fd30       0x44 ..\commands/turntoanglecommand.o
                0x0000fd30                TurnAmountCommand::TurnAmountCommand(int, Drive::Side)
                0x0000fd30                TurnAmountCommand::TurnAmountCommand(int, Drive::Side)
 .text._ZN18TurnToAngleCommand4InitEv
                0x0000fd74      0x15c ..\commands/turntoanglecommand.o
                0x0000fd74                TurnToAngleCommand::Init()
 .text._ZN18TurnToAngleCommand3RunEv
                0x0000fed0       0x14 ..\commands/turntoanglecommand.o
                0x0000fed0                TurnToAngleCommand::Run()
 .text._ZN18TurnToAngleCommand6FinishEv
                0x0000fee4       0x28 ..\commands/turntoanglecommand.o
                0x0000fee4                TurnToAngleCommand::Finish()
 .text._ZN18TurnToAngleCommand12EndConditionEv
                0x0000ff0c       0x18 ..\commands/turntoanglecommand.o
                0x0000ff0c                TurnToAngleCommand::EndCondition()
 .text._ZN18TurnToAngleCommand15FailedConditionEv
                0x0000ff24       0x18 ..\commands/turntoanglecommand.o
                0x0000ff24                TurnToAngleCommand::FailedCondition()
 .text._ZN18TurnToAngleCommand7FailureEv
                0x0000ff3c       0x14 ..\commands/turntoanglecommand.o
                0x0000ff3c                TurnToAngleCommand::Failure()
 .text._ZN18TurnToAngleCommand11PrintStatusEv
                0x0000ff50       0x14 ..\commands/turntoanglecommand.o
                0x0000ff50                TurnToAngleCommand::PrintStatus()
 *fill*         0x0000ff64        0x4 00
 .text._ZN16DriveDistCommand4InitEv
                0x0000ff68       0xb0 ..\commands/drivedistcommand.o
                0x0000ff68                DriveDistCommand::Init()
 .text._ZN16DriveDistCommand3RunEv
                0x00010018       0x14 ..\commands/drivedistcommand.o
                0x00010018                DriveDistCommand::Run()
 .text._ZN16DriveDistCommand12EndConditionEv
                0x0001002c       0x44 ..\commands/drivedistcommand.o
                0x0001002c                DriveDistCommand::EndCondition()
 .text._ZN16DriveDistCommand6FinishEv
                0x00010070       0x28 ..\commands/drivedistcommand.o
                0x00010070                DriveDistCommand::Finish()
 .text._ZN16DriveDistCommand15FailedConditionEv
                0x00010098       0x20 ..\commands/drivedistcommand.o
                0x00010098                DriveDistCommand::FailedCondition()
 .text._ZN16DriveDistCommand7FailureEv
                0x000100b8       0x4c ..\commands/drivedistcommand.o
                0x000100b8                DriveDistCommand::Failure()
 .text._ZN16DriveDistCommand11PrintStatusEv
                0x00010104       0xf0 ..\commands/drivedistcommand.o
                0x00010104                DriveDistCommand::PrintStatus()
 .text._ZN13SetArmCommand4InitEv
                0x000101f4       0x64 ..\commands/setarmcommand.o
                0x000101f4                SetArmCommand::Init()
 .text._ZN13SetArmCommand3RunEv
                0x00010258       0x14 ..\commands/setarmcommand.o
                0x00010258                SetArmCommand::Run()
 .text._ZN13SetArmCommand12EndConditionEv
                0x0001026c       0x20 ..\commands/setarmcommand.o
                0x0001026c                SetArmCommand::EndCondition()
 .text._ZN13SetArmCommand6FinishEv
                0x0001028c       0x14 ..\commands/setarmcommand.o
                0x0001028c                SetArmCommand::Finish()
 .text._ZN13SetArmCommand15FailedConditionEv
                0x000102a0       0x18 ..\commands/setarmcommand.o
                0x000102a0                SetArmCommand::FailedCondition()
 .text._ZN13SetArmCommand7FailureEv
                0x000102b8       0x14 ..\commands/setarmcommand.o
                0x000102b8                SetArmCommand::Failure()
 .text._ZN13SetArmCommand11PrintStatusEv
                0x000102cc       0x74 ..\commands/setarmcommand.o
                0x000102cc                SetArmCommand::PrintStatus()
 .text.zero_fill_bss
                0x00010340       0x34 Startup\__arm_start.o
 .text.__thumb_startup
                0x00010374       0x34 Startup\__arm_start.o
                0x00010374                __thumb_startup
 .text.InitFEHProteus
                0x000103a8      0x15c Startup\__arm_start.o
                0x000103a8                InitFEHProteus
 .text.pll_init_bl
                0x00010504      0x130 Startup\__arm_start.o
 .text.InitPowerButton
                0x00010634       0x90 Startup\__arm_start.o
                0x00010634                InitPowerButton
 .text._ExitProcess
                0x000106c4        0xc Startup\__arm_end.o
                0x000106c4                _ExitProcess
 .text.Default_Handler
                0x000106d0        0xc Startup\kinetis_sysinit.o
                0x000106d0                BusFault_Handler()
                0x000106d0                HardFault_Handler()
                0x000106d0                SysTick_Handler()
                0x000106d0                PendSV_Handler()
                0x000106d0                DebugMonitor_Handler()
                0x000106d0                MemManage_Handler()
                0x000106d0                NMI_Handler()
                0x000106d0                SVC_Handler()
                0x000106d0                Default_Handler
                0x000106d0                UsageFault_Handler()
 .text.__init_hardware
                0x000106dc       0x44 Startup\kinetis_sysinit.o
                0x000106dc                __init_hardware
 .text._Z8PortDISRv
                0x00010720       0x5c Startup\kinetis_sysinit.o
                0x00010720                PortDISR()
 .text._ZN8FEHMotorC2ENS_12FEHMotorPortE
                0x0001077c       0x28 Libraries\FEHMotor.o
                0x0001077c                FEHMotor::FEHMotor(FEHMotor::FEHMotorPort)
                0x0001077c                FEHMotor::FEHMotor(FEHMotor::FEHMotorPort)
 *fill*         0x000107a4        0x4 00
 .text._ZN8FEHMotor10SetPercentEf
                0x000107a8       0xd8 Libraries\FEHMotor.o
                0x000107a8                FEHMotor::SetPercent(float)
 .text._Z9uart_initPV11UART_MemMapii
                0x00010880      0x20c Drivers\uart.o
                0x00010880                uart_init(UART_MemMap volatile*, int, int)
 .text._Z12uart_getcharPV11UART_MemMap
                0x00010a8c       0x34 Drivers\uart.o
                0x00010a8c                uart_getchar(UART_MemMap volatile*)
 .text._Z12uart_putcharPV11UART_MemMapc
                0x00010ac0       0x38 Drivers\uart.o
                0x00010ac0                uart_putchar(UART_MemMap volatile*, char)
 .text._Z13time_delay_msm
                0x00010af8       0xa4 Drivers\lptmr.o
                0x00010af8                time_delay_ms(unsigned long)
 .text._Z41__static_initialization_and_destruction_0ii
                0x00010b9c       0x30 FEHProteus.o
 .text._GLOBAL__sub_I_Propeller
                0x00010bcc       0x14 FEHProteus.o
 .text._ZN12FEHPropellerC2Ev
                0x00010be0       0x20 Drivers\FEHPropeller.o
                0x00010be0                FEHPropeller::FEHPropeller()
                0x00010be0                FEHPropeller::FEHPropeller()
 .text._ZN12FEHPropeller10InitializeEv
                0x00010c00       0x94 Drivers\FEHPropeller.o
                0x00010c00                FEHPropeller::Initialize()
 .text._ZN12FEHPropeller12SetMotorRateEhhh
                0x00010c94       0x78 Drivers\FEHPropeller.o
                0x00010c94                FEHPropeller::SetMotorRate(unsigned char, unsigned char, unsigned char)
 .text._ZL5Delaymjj
                0x00010d0c       0xc4 Libraries\FEHUtility.o
 .text._Z5Sleepi
                0x00010dd0       0x34 Libraries\FEHUtility.o
                0x00010dd0                Sleep(int)
 .text._Z5Sleepf
                0x00010e04       0x48 Libraries\FEHUtility.o
                0x00010e04                Sleep(float)
 .text._Z7TimeNowv
                0x00010e4c       0x70 Libraries\FEHUtility.o
                0x00010e4c                TimeNow()
 .text._Z11TimeNowMSecv
                0x00010ebc       0x44 Libraries\FEHUtility.o
                0x00010ebc                TimeNowMSec()
 .text._ZN15DigitalInputPinC2Ev
                0x00010f00       0x18 Libraries\FEHIO.o
                0x00010f00                DigitalInputPin::DigitalInputPin()
                0x00010f00                DigitalInputPin::DigitalInputPin()
 .text._ZN15DigitalInputPin10InitializeEN5FEHIO8FEHIOPinE
                0x00010f18      0x224 Libraries\FEHIO.o
                0x00010f18                DigitalInputPin::Initialize(FEHIO::FEHIOPin)
 .text._ZN15DigitalInputPin5ValueEv
                0x0001113c      0x148 Libraries\FEHIO.o
                0x0001113c                DigitalInputPin::Value()
 .text._ZN14AnalogInputPinC2EN5FEHIO8FEHIOPinE
                0x00011284       0x20 Libraries\FEHIO.o
                0x00011284                AnalogInputPin::AnalogInputPin(FEHIO::FEHIOPin)
                0x00011284                AnalogInputPin::AnalogInputPin(FEHIO::FEHIOPin)
 .text._ZN10FEHEncoder12EncoderValueEv
                0x000112a4       0xe4 Libraries\FEHIO.o
                0x000112a4                FEHEncoder::EncoderValue()
 .text._ZN14AnalogInputPin8InitADCsEv
                0x00011388      0x120 Libraries\FEHIO.o
                0x00011388                AnalogInputPin::InitADCs()
 .text._Z8pit0_isrv
                0x000114a8       0x34 Libraries\FEHIO.o
                0x000114a8                pit0_isr()
 .text._ZN10FEHEncoder4InitEv
                0x000114dc       0x64 Libraries\FEHIO.o
                0x000114dc                FEHEncoder::Init()
 .text._ZN10FEHEncoder14SetCounterInitEj
                0x00011540       0x20 Libraries\FEHIO.o
                0x00011540                FEHEncoder::SetCounterInit(unsigned int)
 .text._ZN10FEHEncoderC2EN5FEHIO8FEHIOPinE
                0x00011560      0x194 Libraries\FEHIO.o
                0x00011560                FEHEncoder::FEHEncoder(FEHIO::FEHIOPin)
                0x00011560                FEHEncoder::FEHEncoder(FEHIO::FEHIOPin)
 .text._ZN10FEHEncoder10ProcessIntEv
                0x000116f4       0x80 Libraries\FEHIO.o
                0x000116f4                FEHEncoder::ProcessInt()
 .text._ZN10FEHEncoder14ProcessIntSelfEv
                0x00011774       0x80 Libraries\FEHIO.o
                0x00011774                FEHEncoder::ProcessIntSelf()
 .text._ZN10FEHEncoder6CountsEv
                0x000117f4       0x18 Libraries\FEHIO.o
                0x000117f4                FEHEncoder::Counts()
 .text._ZN10FEHEncoder11ResetCountsEv
                0x0001180c       0x1c Libraries\FEHIO.o
                0x0001180c                FEHEncoder::ResetCounts()
 .text._ZN11ButtonBoardC2EN5FEHIO9FEHIOPortE
                0x00011828      0x10c Libraries\FEHIO.o
                0x00011828                ButtonBoard::ButtonBoard(FEHIO::FEHIOPort)
                0x00011828                ButtonBoard::ButtonBoard(FEHIO::FEHIOPort)
 .text._ZN11ButtonBoard11LeftPressedEv
                0x00011934       0x24 Libraries\FEHIO.o
                0x00011934                ButtonBoard::LeftPressed()
 .text._ZN11ButtonBoard13MiddlePressedEv
                0x00011958       0x28 Libraries\FEHIO.o
                0x00011958                ButtonBoard::MiddlePressed()
 .text._ZN11ButtonBoard12RightPressedEv
                0x00011980       0x28 Libraries\FEHIO.o
                0x00011980                ButtonBoard::RightPressed()
 .text._Z7ADC_CalPV10ADC_MemMap
                0x000119a8      0x14c Drivers\adc16.o
                0x000119a8                ADC_Cal(ADC_MemMap volatile*)
 .text._Z14ADC_Config_AltPV10ADC_MemMapP7adc_cfg
                0x00011af4       0x6c Drivers\adc16.o
                0x00011af4                ADC_Config_Alt(ADC_MemMap volatile*, adc_cfg*)
 .text._ZN9FEHBuzzerC2Ev
                0x00011b60       0x18 Libraries\FEHBuzzer.o
                0x00011b60                FEHBuzzer::FEHBuzzer()
                0x00011b60                FEHBuzzer::FEHBuzzer()
 .text._Z41__static_initialization_and_destruction_0ii
                0x00011b78       0x30 Libraries\FEHBuzzer.o
 .text._GLOBAL__sub_I_Buzzer
                0x00011ba8       0x14 Libraries\FEHBuzzer.o
 .text._ZN8FEHServoC2ENS_12FEHServoPortE
                0x00011bbc       0x3c Libraries\FEHServo.o
                0x00011bbc                FEHServo::FEHServo(FEHServo::FEHServoPort)
                0x00011bbc                FEHServo::FEHServo(FEHServo::FEHServoPort)
 .text._ZN8FEHServo9SetDegreeEf
                0x00011bf8      0x148 Libraries\FEHServo.o
                0x00011bf8                FEHServo::SetDegree(float)
 .text._ZN8FEHServo9DigitalOnEv
                0x00011d40       0x64 Libraries\FEHServo.o
                0x00011d40                FEHServo::DigitalOn()
 .text._ZN8FEHServo3OffEv
                0x00011da4       0x84 Libraries\FEHServo.o
                0x00011da4                FEHServo::Off()
 .text._ZN6FEHLCD11_InitializeEv
                0x00011e28      0x5c0 Libraries\FEHLCD.o
                0x00011e28                FEHLCD::_Initialize()
 .text._ZN6FEHLCDC2Ev
                0x000123e8       0x64 Libraries\FEHLCD.o
                0x000123e8                FEHLCD::FEHLCD()
                0x000123e8                FEHLCD::FEHLCD()
 .text._ZN6FEHLCD10InitializeEv
                0x0001244c       0x38 Libraries\FEHLCD.o
                0x0001244c                FEHLCD::Initialize()
 .text._ZN6FEHLCD10PrintImageEii
                0x00012484       0xf4 Libraries\FEHLCD.o
                0x00012484                FEHLCD::PrintImage(int, int)
 .text._ZN6FEHLCD22ConvertFEHColorTo24BitENS_11FEHLCDColorE
                0x00012578       0x80 Libraries\FEHLCD.o
                0x00012578                FEHLCD::ConvertFEHColorTo24Bit(FEHLCD::FEHLCDColor)
 .text._ZN6FEHLCD24Convert24BitColorTo16BitEj
                0x000125f8       0x40 Libraries\FEHLCD.o
                0x000125f8                FEHLCD::Convert24BitColorTo16Bit(unsigned int)
 .text._ZN6FEHLCD22ConvertRGBColorTo16BitEhhh
                0x00012638       0x44 Libraries\FEHLCD.o
                0x00012638                FEHLCD::ConvertRGBColorTo16Bit(unsigned char, unsigned char, unsigned char)
 .text._ZN6FEHLCD5ClearENS_11FEHLCDColorE
                0x0001267c       0x28 Libraries\FEHLCD.o
                0x0001267c                FEHLCD::Clear(FEHLCD::FEHLCDColor)
 .text._ZN6FEHLCD5ClearEj
                0x000126a4       0x2c Libraries\FEHLCD.o
                0x000126a4                FEHLCD::Clear(unsigned int)
 .text._ZN6FEHLCD5ClearEv
                0x000126d0       0x18 Libraries\FEHLCD.o
                0x000126d0                FEHLCD::Clear()
 .text._ZN6FEHLCD18SetBackgroundColorENS_11FEHLCDColorE
                0x000126e8       0x28 Libraries\FEHLCD.o
                0x000126e8                FEHLCD::SetBackgroundColor(FEHLCD::FEHLCDColor)
 .text._ZN6FEHLCD18SetBackgroundColorEj
                0x00012710       0x28 Libraries\FEHLCD.o
                0x00012710                FEHLCD::SetBackgroundColor(unsigned int)
 .text._ZN6FEHLCD12SetFontColorENS_11FEHLCDColorE
                0x00012738       0x28 Libraries\FEHLCD.o
                0x00012738                FEHLCD::SetFontColor(FEHLCD::FEHLCDColor)
 .text._ZN6FEHLCD12SetFontColorEj
                0x00012760       0x28 Libraries\FEHLCD.o
                0x00012760                FEHLCD::SetFontColor(unsigned int)
 .text._ZN6FEHLCD7WriteAtEPKcii
                0x00012788       0x58 Libraries\FEHLCD.o
                0x00012788                FEHLCD::WriteAt(char const*, int, int)
 .text._ZN6FEHLCD5WriteEPKc
                0x000127e0       0x5c Libraries\FEHLCD.o
                0x000127e0                FEHLCD::Write(char const*)
 .text._ZN6FEHLCD5WriteEi
                0x0001283c       0x34 Libraries\FEHLCD.o
                0x0001283c                FEHLCD::Write(int)
 .text._ZN6FEHLCD5WriteEf
                0x00012870       0xdc Libraries\FEHLCD.o
                0x00012870                FEHLCD::Write(float)
 .text._ZN6FEHLCD5WriteEc
                0x0001294c       0x30 Libraries\FEHLCD.o
                0x0001294c                FEHLCD::Write(char)
 .text._ZN6FEHLCD9WriteLineEPKc
                0x0001297c       0x28 Libraries\FEHLCD.o
                0x0001297c                FEHLCD::WriteLine(char const*)
 .text._ZN6FEHLCD9WriteLineEi
                0x000129a4       0x28 Libraries\FEHLCD.o
                0x000129a4                FEHLCD::WriteLine(int)
 .text._ZN6FEHLCD9WriteLineEf
                0x000129cc       0x28 Libraries\FEHLCD.o
                0x000129cc                FEHLCD::WriteLine(float)
 .text._ZN6FEHLCD9WriteLineEc
                0x000129f4       0x2c Libraries\FEHLCD.o
                0x000129f4                FEHLCD::WriteLine(char)
 .text._ZN6FEHLCD10WriteIndexEh
                0x00012a20      0x288 Libraries\FEHLCD.o
                0x00012a20                FEHLCD::WriteIndex(unsigned char)
 .text._ZN6FEHLCD14WriteParameterEh
                0x00012ca8      0x254 Libraries\FEHLCD.o
                0x00012ca8                FEHLCD::WriteParameter(unsigned char)
 .text._ZN6FEHLCD6_ClearEv
                0x00012efc      0x228 Libraries\FEHLCD.o
                0x00012efc                FEHLCD::_Clear()
 .text._ZN6FEHLCD8NextLineEv
                0x00013124       0x30 Libraries\FEHLCD.o
                0x00013124                FEHLCD::NextLine()
 .text._ZN6FEHLCD9CheckLineEv
                0x00013154       0x2c Libraries\FEHLCD.o
                0x00013154                FEHLCD::CheckLine()
 .text._ZN6FEHLCD8NextCharEv
                0x00013180       0x34 Libraries\FEHLCD.o
                0x00013180                FEHLCD::NextChar()
 .text._ZN6FEHLCD13SetDrawRegionEiiii
                0x000131b4      0x10c Libraries\FEHLCD.o
                0x000131b4                FEHLCD::SetDrawRegion(int, int, int, int)
 .text._ZN6FEHLCD9WriteCharEiic
                0x000132c0       0x40 Libraries\FEHLCD.o
                0x000132c0                FEHLCD::WriteChar(int, int, char)
 .text._ZN6FEHLCD11WriteCharAtEiic
                0x00013300      0x278 Libraries\FEHLCD.o
                0x00013300                FEHLCD::WriteCharAt(int, int, char)
 .text._ZN6FEHLCD11RepeatColorEv
                0x00013578       0xbc Libraries\FEHLCD.o
                0x00013578                FEHLCD::RepeatColor()
 .text._ZN6FEHLCD10_ForePixelEv
                0x00013634      0x160 Libraries\FEHLCD.o
                0x00013634                FEHLCD::_ForePixel()
 .text._ZN6FEHLCD10_BackPixelEv
                0x00013794      0x160 Libraries\FEHLCD.o
                0x00013794                FEHLCD::_BackPixel()
 .text._ZN6FEHLCD22SetRegisterColorValuesEv
                0x000138f4      0x4c0 Libraries\FEHLCD.o
                0x000138f4                FEHLCD::SetRegisterColorValues()
 .text._Z41__static_initialization_and_destruction_0ii
                0x00013db4       0x30 Libraries\FEHLCD.o
 .text._GLOBAL__sub_I_image
                0x00013de4       0x14 Libraries\FEHLCD.o
 .text._ZN10FEHBatteryC2EN5FEHIO8FEHIOPinE
                0x00013df8       0x24 Libraries\FEHBattery.o
                0x00013df8                FEHBattery::FEHBattery(FEHIO::FEHIOPin)
                0x00013df8                FEHBattery::FEHBattery(FEHIO::FEHIOPin)
 .text._Z41__static_initialization_and_destruction_0ii
                0x00013e1c       0x34 Libraries\FEHBattery.o
 .text._GLOBAL__sub_I_Battery
                0x00013e50       0x14 Libraries\FEHBattery.o
 .text._ZN7FEHXBeeC2Ev
                0x00013e64       0x20 Drivers\FEHXBee.o
                0x00013e64                FEHXBee::FEHXBee()
                0x00013e64                FEHXBee::FEHXBee()
 .text._ZN7FEHXBee10InitializeEv
                0x00013e84      0x148 Drivers\FEHXBee.o
                0x00013e84                FEHXBee::Initialize()
 .text._ZN7FEHXBee13IsInitializedEv
                0x00013fcc       0x18 Drivers\FEHXBee.o
                0x00013fcc                FEHXBee::IsInitialized()
 .text._ZN7FEHXBee17ReceiveDataSearchEPcjh
                0x00013fe4       0xb4 Drivers\FEHXBee.o
                0x00013fe4                FEHXBee::ReceiveDataSearch(char*, unsigned int, unsigned char)
 .text._ZN7FEHXBee8SendDataEPcj
                0x00014098       0x50 Drivers\FEHXBee.o
                0x00014098                FEHXBee::SendData(char*, unsigned int)
 .text._ZN7FEHXBee17SetPacketCallBackEPFvPhhE
                0x000140e8       0x20 Drivers\FEHXBee.o
                0x000140e8                FEHXBee::SetPacketCallBack(void (*)(unsigned char*, unsigned char))
 .text._Z9UART0_ISRv
                0x00014108      0x174 Drivers\FEHXBee.o
                0x00014108                UART0_ISR()
 .text._ZN8FEHWONKAC2Ev
                0x0001427c       0x88 Libraries\FEHWONKA.o
                0x0001427c                FEHWONKA::FEHWONKA()
                0x0001427c                FEHWONKA::FEHWONKA()
 .text._ZN8FEHWONKA14InitializeMenuEv
                0x00014304      0x1e8 Libraries\FEHWONKA.o
                0x00014304                FEHWONKA::InitializeMenu()
 .text._ZN8FEHWONKA10InitializeEi
                0x000144ec      0x740 Libraries\FEHWONKA.o
                0x000144ec                FEHWONKA::Initialize(int)
 .text._ZN8FEHWONKA10InitializeEc
                0x00014c2c       0x4c Libraries\FEHWONKA.o
                0x00014c2c                FEHWONKA::Initialize(char)
 .text._ZN8FEHWONKA6EnableEv
                0x00014c78       0x44 Libraries\FEHWONKA.o
                0x00014c78                FEHWONKA::Enable()
 .text._ZN8FEHWONKA19CurrentRegionLetterEv
                0x00014cbc       0x20 Libraries\FEHWONKA.o
                0x00014cbc                FEHWONKA::CurrentRegionLetter()
 .text._ZN8FEHWONKA13WaitForPacketEv
                0x00014cdc       0x7c Libraries\FEHWONKA.o
                0x00014cdc                FEHWONKA::WaitForPacket()
 .text._ZN8FEHWONKA7HeadingEv
                0x00014d58       0x20 Libraries\FEHWONKA.o
                0x00014d58                FEHWONKA::Heading()
 .text._Z16WONKADataProcessPhh
                0x00014d78      0x128 Libraries\FEHWONKA.o
                0x00014d78                WONKADataProcess(unsigned char*, unsigned char)
 .text._Z41__static_initialization_and_destruction_0ii
                0x00014ea0       0x40 Libraries\FEHWONKA.o
 .text._GLOBAL__sub_I_WONKA
                0x00014ee0       0x14 Libraries\FEHWONKA.o
 .text.sprintf  0x00014ef4       0x1c C:\fehqt\Proteus/EWL/lib/armv7e-m\libc.a(sprintf.o)
                0x00014ef4                sprintf
 .text.__StringWrite
                0x00014f10       0x28 C:\fehqt\Proteus/EWL/lib/armv7e-m\libc.a(vsnprintf.o)
                0x00014f10                __StringWrite
 .text.vsnprintf
                0x00014f38       0x34 C:\fehqt\Proteus/EWL/lib/armv7e-m\libc.a(vsnprintf.o)
                0x00014f38                vsnprintf
 .text.exit     0x00014f6c       0x38 C:\fehqt\Proteus/EWL/lib/armv7e-m\libc.a(exit.o)
                0x00014f6c                exit
 .text.memcpy   0x00014fa4       0x12 C:\fehqt\Proteus/EWL/lib/armv7e-m\libc.a(memcpy.o)
                0x00014fa4                memcpy
 .text.memset   0x00014fb6        0xc C:\fehqt\Proteus/EWL/lib/armv7e-m\libc.a(memset.o)
                0x00014fb6                memset
 .text.long2str.isra.0
                0x00014fc2      0x196 C:\fehqt\Proteus/EWL/lib/armv7e-m\libc.a(printformat_.o)
 .text.__pformatter_
                0x00015158      0x3f8 C:\fehqt\Proteus/EWL/lib/armv7e-m\libc.a(printformat_.o)
                0x00015158                __pformatter_
 .text.__sformatter
                0x00015550      0x74e C:\fehqt\Proteus/EWL/lib/armv7e-m\libc.a(scanformat_.o)
                0x00015550                __sformatter
 *fill*         0x00015c9e        0x2 00
 .text.isalpha  0x00015ca0       0x1c C:\fehqt\Proteus/EWL/lib/armv7e-m\libc.a(ctype_aeabi.o)
                0x00015ca0                isalpha
 .text.isspace  0x00015cbc       0x1c C:\fehqt\Proteus/EWL/lib/armv7e-m\libc.a(ctype_aeabi.o)
                0x00015cbc                isspace
 .text.toupper  0x00015cd8        0xc C:\fehqt\Proteus/EWL/lib/armv7e-m\libc.a(ctype_aeabi.o)
                0x00015cd8                toupper
 .text.__strtoul
                0x00015ce4      0x1dc C:\fehqt\Proteus/EWL/lib/armv7e-m\libc.a(__strtoul.o)
                0x00015ce4                __strtoul
 .text.__fill_mem
                0x00015ec0       0x76 C:\fehqt\Proteus/EWL/lib/armv7e-m\libc.a(__filll_mem.o)
                0x00015ec0                __fill_mem
 .text.memchr   0x00015f36       0x1a C:\fehqt\Proteus/EWL/lib/armv7e-m\libc.a(memchr.o)
                0x00015f36                memchr
 .text.strchr   0x00015f50       0x1c C:\fehqt\Proteus/EWL/lib/armv7e-m\libc.a(strchr.o)
                0x00015f50                strchr
 .text.strlen   0x00015f6c       0x10 C:\fehqt\Proteus/EWL/lib/armv7e-m\libc.a(strlen.o)
                0x00015f6c                strlen
 .text.__init_cpp
                0x00015f7c       0x4c C:\fehqt\Proteus/EWL/lib/armv7e-m\librt.a(gcc_ctor_dtor.o)
                0x00015f7c                __init_cpp
 .text.__fini_cpp
                0x00015fc8       0x34 C:\fehqt\Proteus/EWL/lib/armv7e-m\librt.a(gcc_ctor_dtor.o)
                0x00015fc8                __fini_cpp
 .text.__copy_rom_section
                0x00015ffc       0x44 C:\fehqt\Proteus/EWL/lib/armv7e-m\librt.a(ROMCopy.o)
                0x00015ffc                __copy_rom_section
 .text.__copy_rom_sections_to_ram
                0x00016040       0x34 C:\fehqt\Proteus/EWL/lib/armv7e-m\librt.a(ROMCopy.o)
                0x00016040                __copy_rom_sections_to_ram
 .text.__destroy_global_chain
                0x00016074       0x1c C:\fehqt\Proteus/EWL/lib/armv7e-m\librt.a(__arm_eabi_init.o)
                0x00016074                __destroy_global_chain
 .text.__init_registers
                0x00016090       0x20 C:\fehqt\Proteus/EWL/lib/armv7e-m\librt.a(__arm_eabi_init.o)
                0x00016090                __init_registers
 .text.__init_user
                0x000160b0        0x4 C:\fehqt\Proteus/EWL/lib/armv7e-m\librt.a(__arm_eabi_init.o)
                0x000160b0                __init_user
 .text._ZNSt9bad_allocD2Ev
                0x000160b4        0xc C:\fehqt\Proteus/EWL/lib/armv7e-m\librt.a(New.o)
                0x000160b4                std::bad_alloc::~bad_alloc()
                0x000160b4                std::bad_alloc::~bad_alloc()
 .text._ZNKSt9bad_alloc4whatEv
                0x000160c0        0x8 C:\fehqt\Proteus/EWL/lib/armv7e-m\librt.a(New.o)
                0x000160c0                std::bad_alloc::what() const
 .text._Znwj    0x000160c8       0x4c C:\fehqt\Proteus/EWL/lib/armv7e-m\librt.a(New.o)
                0x000160c8                operator new(unsigned int)
 .text._ZdlPv   0x00016114        0x8 C:\fehqt\Proteus/EWL/lib/armv7e-m\librt.a(New.o)
                0x00016114                operator delete(void*)
 .text._ZNSt9bad_allocD0Ev
                0x0001611c       0x14 C:\fehqt\Proteus/EWL/lib/armv7e-m\librt.a(New.o)
                0x0001611c                std::bad_alloc::~bad_alloc()
 .text._Znaj    0x00016130       0x14 C:\fehqt\Proteus/EWL/lib/armv7e-m\librt.a(New.o)
                0x00016130                operator new[](unsigned int)
 .text._ZNK10__cxxabiv117__class_type_info11__do_upcastEPKS0_PPv
                0x00016144       0x38 c:/fehqt/proteus/gcc/bin/../lib/gcc/arm-none-eabi/4.6.2/../../../../arm-none-eabi/lib/armv7e-m\libsupc++.a(class_type_info.o)
                0x00016144                __cxxabiv1::__class_type_info::__do_upcast(__cxxabiv1::__class_type_info const*, void**) const
 .text._ZNK10__cxxabiv117__class_type_info20__do_find_public_srcEiPKvPKS0_S2_
                0x0001617c        0xc c:/fehqt/proteus/gcc/bin/../lib/gcc/arm-none-eabi/4.6.2/../../../../arm-none-eabi/lib/armv7e-m\libsupc++.a(class_type_info.o)
                0x0001617c                __cxxabiv1::__class_type_info::__do_find_public_src(int, void const*, __cxxabiv1::__class_type_info const*, void const*) const
 .text._ZNK10__cxxabiv117__class_type_info11__do_upcastEPKS0_PKvRNS0_15__upcast_resultE
                0x00016188       0x1c c:/fehqt/proteus/gcc/bin/../lib/gcc/arm-none-eabi/4.6.2/../../../../arm-none-eabi/lib/armv7e-m\libsupc++.a(class_type_info.o)
                0x00016188                __cxxabiv1::__class_type_info::__do_upcast(__cxxabiv1::__class_type_info const*, void const*, __cxxabiv1::__class_type_info::__upcast_result&) const
 .text._ZN10__cxxabiv117__class_type_infoD2Ev
                0x000161a4       0x14 c:/fehqt/proteus/gcc/bin/../lib/gcc/arm-none-eabi/4.6.2/../../../../arm-none-eabi/lib/armv7e-m\libsupc++.a(class_type_info.o)
                0x000161a4                __cxxabiv1::__class_type_info::~__class_type_info()
                0x000161a4                __cxxabiv1::__class_type_info::~__class_type_info()
 .text._ZN10__cxxabiv117__class_type_infoD0Ev
                0x000161b8       0x1c c:/fehqt/proteus/gcc/bin/../lib/gcc/arm-none-eabi/4.6.2/../../../../arm-none-eabi/lib/armv7e-m\libsupc++.a(class_type_info.o)
                0x000161b8                __cxxabiv1::__class_type_info::~__class_type_info()
 .text._ZNK10__cxxabiv117__class_type_info12__do_dyncastEiNS0_10__sub_kindEPKS0_PKvS3_S5_RNS0_16__dyncast_resultE
                0x000161d4       0x3c c:/fehqt/proteus/gcc/bin/../lib/gcc/arm-none-eabi/4.6.2/../../../../arm-none-eabi/lib/armv7e-m\libsupc++.a(class_type_info.o)
                0x000161d4                __cxxabiv1::__class_type_info::__do_dyncast(int, __cxxabiv1::__class_type_info::__sub_kind, __cxxabiv1::__class_type_info const*, void const*, __cxxabiv1::__class_type_info const*, void const*, __cxxabiv1::__class_type_info::__dyncast_result&) const
 .text._ZNK10__cxxabiv117__class_type_info10__do_catchEPKSt9type_infoPPvj
                0x00016210       0x28 c:/fehqt/proteus/gcc/bin/../lib/gcc/arm-none-eabi/4.6.2/../../../../arm-none-eabi/lib/armv7e-m\libsupc++.a(class_type_info.o)
                0x00016210                __cxxabiv1::__class_type_info::__do_catch(std::type_info const*, void**, unsigned int) const
 .text.__cxa_allocate_exception
                0x00016238       0x70 c:/fehqt/proteus/gcc/bin/../lib/gcc/arm-none-eabi/4.6.2/../../../../arm-none-eabi/lib/armv7e-m\libsupc++.a(eh_alloc.o)
                0x00016238                __cxa_allocate_exception
 .text.__cxa_free_exception
                0x000162a8       0x34 c:/fehqt/proteus/gcc/bin/../lib/gcc/arm-none-eabi/4.6.2/../../../../arm-none-eabi/lib/armv7e-m\libsupc++.a(eh_alloc.o)
                0x000162a8                __cxa_free_exception
 .text.__cxa_end_cleanup
                0x000162dc        0xc c:/fehqt/proteus/gcc/bin/../lib/gcc/arm-none-eabi/4.6.2/../../../../arm-none-eabi/lib/armv7e-m\libsupc++.a(eh_arm.o)
                0x000162dc                __cxa_end_cleanup
 .text.__cxa_type_match
                0x000162e8       0xec c:/fehqt/proteus/gcc/bin/../lib/gcc/arm-none-eabi/4.6.2/../../../../arm-none-eabi/lib/armv7e-m\libsupc++.a(eh_arm.o)
                0x000162e8                __cxa_type_match
 .text.__cxa_begin_cleanup
                0x000163d4       0x78 c:/fehqt/proteus/gcc/bin/../lib/gcc/arm-none-eabi/4.6.2/../../../../arm-none-eabi/lib/armv7e-m\libsupc++.a(eh_arm.o)
                0x000163d4                __cxa_begin_cleanup
 .text.__gnu_end_cleanup
                0x0001644c       0x7c c:/fehqt/proteus/gcc/bin/../lib/gcc/arm-none-eabi/4.6.2/../../../../arm-none-eabi/lib/armv7e-m\libsupc++.a(eh_arm.o)
                0x0001644c                __gnu_end_cleanup
 .text.__cxa_bad_typeid
                0x000164c8       0x24 c:/fehqt/proteus/gcc/bin/../lib/gcc/arm-none-eabi/4.6.2/../../../../arm-none-eabi/lib/armv7e-m\libsupc++.a(eh_aux_runtime.o)
                0x000164c8                __cxa_bad_typeid
 .text.__cxa_call_terminate
                0x000164ec       0x50 c:/fehqt/proteus/gcc/bin/../lib/gcc/arm-none-eabi/4.6.2/../../../../arm-none-eabi/lib/armv7e-m\libsupc++.a(eh_call.o)
                0x000164ec                __cxa_call_terminate
 .text.__cxa_call_unexpected
                0x0001653c      0x120 c:/fehqt/proteus/gcc/bin/../lib/gcc/arm-none-eabi/4.6.2/../../../../arm-none-eabi/lib/armv7e-m\libsupc++.a(eh_call.o)
                0x0001653c                __cxa_call_unexpected
 .text.__cxa_begin_catch
                0x0001665c       0x98 c:/fehqt/proteus/gcc/bin/../lib/gcc/arm-none-eabi/4.6.2/../../../../arm-none-eabi/lib/armv7e-m\libsupc++.a(eh_catch.o)
                0x0001665c                __cxa_begin_catch
 .text.__cxa_end_catch
                0x000166f4       0x98 c:/fehqt/proteus/gcc/bin/../lib/gcc/arm-none-eabi/4.6.2/../../../../arm-none-eabi/lib/armv7e-m\libsupc++.a(eh_catch.o)
                0x000166f4                __cxa_end_catch
 .text._ZNSt9exceptionD2Ev
                0x0001678c        0xc c:/fehqt/proteus/gcc/bin/../lib/gcc/arm-none-eabi/4.6.2/../../../../arm-none-eabi/lib/armv7e-m\libsupc++.a(eh_exception.o)
                0x0001678c                std::exception::~exception()
                0x0001678c                std::exception::~exception()
 .text._ZNSt13bad_exceptionD2Ev
                0x00016798        0xc c:/fehqt/proteus/gcc/bin/../lib/gcc/arm-none-eabi/4.6.2/../../../../arm-none-eabi/lib/armv7e-m\libsupc++.a(eh_exception.o)
                0x00016798                std::bad_exception::~bad_exception()
                0x00016798                std::bad_exception::~bad_exception()
 .text._ZNKSt9exception4whatEv
                0x000167a4        0xc c:/fehqt/proteus/gcc/bin/../lib/gcc/arm-none-eabi/4.6.2/../../../../arm-none-eabi/lib/armv7e-m\libsupc++.a(eh_exception.o)
                0x000167a4                std::exception::what() const
 .text._ZNKSt13bad_exception4whatEv
                0x000167b0        0xc c:/fehqt/proteus/gcc/bin/../lib/gcc/arm-none-eabi/4.6.2/../../../../arm-none-eabi/lib/armv7e-m\libsupc++.a(eh_exception.o)
                0x000167b0                std::bad_exception::what() const
 .text._ZNSt13bad_exceptionD0Ev
                0x000167bc       0x14 c:/fehqt/proteus/gcc/bin/../lib/gcc/arm-none-eabi/4.6.2/../../../../arm-none-eabi/lib/armv7e-m\libsupc++.a(eh_exception.o)
                0x000167bc                std::bad_exception::~bad_exception()
 .text._ZNSt9exceptionD0Ev
                0x000167d0       0x14 c:/fehqt/proteus/gcc/bin/../lib/gcc/arm-none-eabi/4.6.2/../../../../arm-none-eabi/lib/armv7e-m\libsupc++.a(eh_exception.o)
                0x000167d0                std::exception::~exception()
 .text.__cxa_get_globals_fast
                0x000167e4        0xc c:/fehqt/proteus/gcc/bin/../lib/gcc/arm-none-eabi/4.6.2/../../../../arm-none-eabi/lib/armv7e-m\libsupc++.a(eh_globals.o)
                0x000167e4                __cxa_get_globals_fast
 .text.__cxa_get_globals
                0x000167f0        0xc c:/fehqt/proteus/gcc/bin/../lib/gcc/arm-none-eabi/4.6.2/../../../../arm-none-eabi/lib/armv7e-m\libsupc++.a(eh_globals.o)
                0x000167f0                __cxa_get_globals
 .text._ZL12read_sleb128PKhPl
                0x000167fc       0x3c c:/fehqt/proteus/gcc/bin/../lib/gcc/arm-none-eabi/4.6.2/../../../../arm-none-eabi/lib/armv7e-m\libsupc++.a(eh_personality.o)
 .text._ZL28read_encoded_value_with_basehjPKhPj
                0x00016838       0xa4 c:/fehqt/proteus/gcc/bin/../lib/gcc/arm-none-eabi/4.6.2/../../../../arm-none-eabi/lib/armv7e-m\libsupc++.a(eh_personality.o)
 .text._ZL21base_of_encoded_valuehP15_Unwind_Context
                0x000168dc       0x4c c:/fehqt/proteus/gcc/bin/../lib/gcc/arm-none-eabi/4.6.2/../../../../arm-none-eabi/lib/armv7e-m\libsupc++.a(eh_personality.o)
 .text._ZL17parse_lsda_headerP15_Unwind_ContextPKhP16lsda_header_info.constprop.1
                0x00016928       0x90 c:/fehqt/proteus/gcc/bin/../lib/gcc/arm-none-eabi/4.6.2/../../../../arm-none-eabi/lib/armv7e-m\libsupc++.a(eh_personality.o)
 .text.__gxx_personality_v0
                0x000169b8      0x3bc c:/fehqt/proteus/gcc/bin/../lib/gcc/arm-none-eabi/4.6.2/../../../../arm-none-eabi/lib/armv7e-m\libsupc++.a(eh_personality.o)
                0x000169b8                __gxx_personality_v0
 .text._ZN10__cxxabiv111__terminateEPFvvE
                0x00016d74       0x28 c:/fehqt/proteus/gcc/bin/../lib/gcc/arm-none-eabi/4.6.2/../../../../arm-none-eabi/lib/armv7e-m\libsupc++.a(eh_terminate.o)
                0x00016d74                __cxxabiv1::__terminate(void (*)())
 .text._ZSt9terminatev
                0x00016d9c       0x10 c:/fehqt/proteus/gcc/bin/../lib/gcc/arm-none-eabi/4.6.2/../../../../arm-none-eabi/lib/armv7e-m\libsupc++.a(eh_terminate.o)
                0x00016d9c                std::terminate()
 .text._ZN10__cxxabiv112__unexpectedEPFvvE
                0x00016dac        0x8 c:/fehqt/proteus/gcc/bin/../lib/gcc/arm-none-eabi/4.6.2/../../../../arm-none-eabi/lib/armv7e-m\libsupc++.a(eh_terminate.o)
                0x00016dac                __cxxabiv1::__unexpected(void (*)())
 .text._ZSt10unexpectedv
                0x00016db4       0x14 c:/fehqt/proteus/gcc/bin/../lib/gcc/arm-none-eabi/4.6.2/../../../../arm-none-eabi/lib/armv7e-m\libsupc++.a(eh_terminate.o)
                0x00016db4                std::unexpected()
 .text._ZL23__gxx_exception_cleanup19_Unwind_Reason_CodeP21_Unwind_Control_Block
                0x00016dc8       0x4c c:/fehqt/proteus/gcc/bin/../lib/gcc/arm-none-eabi/4.6.2/../../../../arm-none-eabi/lib/armv7e-m\libsupc++.a(eh_throw.o)
 .text.__cxa_throw
                0x00016e14       0x80 c:/fehqt/proteus/gcc/bin/../lib/gcc/arm-none-eabi/4.6.2/../../../../arm-none-eabi/lib/armv7e-m\libsupc++.a(eh_throw.o)
                0x00016e14                __cxa_throw
 .text.__cxa_rethrow
                0x00016e94       0x78 c:/fehqt/proteus/gcc/bin/../lib/gcc/arm-none-eabi/4.6.2/../../../../arm-none-eabi/lib/armv7e-m\libsupc++.a(eh_throw.o)
                0x00016e94                __cxa_rethrow
 .text._ZN10__cxxabiv123__fundamental_type_infoD2Ev
                0x00016f0c       0x14 c:/fehqt/proteus/gcc/bin/../lib/gcc/arm-none-eabi/4.6.2/../../../../arm-none-eabi/lib/armv7e-m\libsupc++.a(fundamental_type_info.o)
                0x00016f0c                __cxxabiv1::__fundamental_type_info::~__fundamental_type_info()
                0x00016f0c                __cxxabiv1::__fundamental_type_info::~__fundamental_type_info()
 .text._ZN10__cxxabiv123__fundamental_type_infoD0Ev
                0x00016f20       0x1c c:/fehqt/proteus/gcc/bin/../lib/gcc/arm-none-eabi/4.6.2/../../../../arm-none-eabi/lib/armv7e-m\libsupc++.a(fundamental_type_info.o)
                0x00016f20                __cxxabiv1::__fundamental_type_info::~__fundamental_type_info()
 .text._ZNK10__cxxabiv119__pointer_type_info14__is_pointer_pEv
                0x00016f3c        0x4 c:/fehqt/proteus/gcc/bin/../lib/gcc/arm-none-eabi/4.6.2/../../../../arm-none-eabi/lib/armv7e-m\libsupc++.a(pointer_type_info.o)
                0x00016f3c                __cxxabiv1::__pointer_type_info::__is_pointer_p() const
 .text._ZN10__cxxabiv119__pointer_type_infoD2Ev
                0x00016f40       0x14 c:/fehqt/proteus/gcc/bin/../lib/gcc/arm-none-eabi/4.6.2/../../../../arm-none-eabi/lib/armv7e-m\libsupc++.a(pointer_type_info.o)
                0x00016f40                __cxxabiv1::__pointer_type_info::~__pointer_type_info()
                0x00016f40                __cxxabiv1::__pointer_type_info::~__pointer_type_info()
 .text._ZN10__cxxabiv119__pointer_type_infoD0Ev
                0x00016f54       0x1c c:/fehqt/proteus/gcc/bin/../lib/gcc/arm-none-eabi/4.6.2/../../../../arm-none-eabi/lib/armv7e-m\libsupc++.a(pointer_type_info.o)
                0x00016f54                __cxxabiv1::__pointer_type_info::~__pointer_type_info()
 .text._ZNK10__cxxabiv119__pointer_type_info15__pointer_catchEPKNS_17__pbase_type_infoEPPvj
                0x00016f70       0x44 c:/fehqt/proteus/gcc/bin/../lib/gcc/arm-none-eabi/4.6.2/../../../../arm-none-eabi/lib/armv7e-m\libsupc++.a(pointer_type_info.o)
                0x00016f70                __cxxabiv1::__pointer_type_info::__pointer_catch(__cxxabiv1::__pbase_type_info const*, void**, unsigned int) const
 .text.__cxa_pure_virtual
                0x00016fb4        0x8 c:/fehqt/proteus/gcc/bin/../lib/gcc/arm-none-eabi/4.6.2/../../../../arm-none-eabi/lib/armv7e-m\libsupc++.a(pure.o)
                0x00016fb4                __cxa_pure_virtual
 .text._ZN10__cxxabiv120__si_class_type_infoD2Ev
                0x00016fbc       0x14 c:/fehqt/proteus/gcc/bin/../lib/gcc/arm-none-eabi/4.6.2/../../../../arm-none-eabi/lib/armv7e-m\libsupc++.a(si_class_type_info.o)
                0x00016fbc                __cxxabiv1::__si_class_type_info::~__si_class_type_info()
                0x00016fbc                __cxxabiv1::__si_class_type_info::~__si_class_type_info()
 .text._ZN10__cxxabiv120__si_class_type_infoD0Ev
                0x00016fd0       0x1c c:/fehqt/proteus/gcc/bin/../lib/gcc/arm-none-eabi/4.6.2/../../../../arm-none-eabi/lib/armv7e-m\libsupc++.a(si_class_type_info.o)
                0x00016fd0                __cxxabiv1::__si_class_type_info::~__si_class_type_info()
 .text._ZNK10__cxxabiv120__si_class_type_info11__do_upcastEPKNS_17__class_type_infoEPKvRNS1_15__upcast_resultE
                0x00016fec       0x24 c:/fehqt/proteus/gcc/bin/../lib/gcc/arm-none-eabi/4.6.2/../../../../arm-none-eabi/lib/armv7e-m\libsupc++.a(si_class_type_info.o)
                0x00016fec                __cxxabiv1::__si_class_type_info::__do_upcast(__cxxabiv1::__class_type_info const*, void const*, __cxxabiv1::__class_type_info::__upcast_result&) const
 .text._ZNK10__cxxabiv120__si_class_type_info12__do_dyncastEiNS_17__class_type_info10__sub_kindEPKS1_PKvS4_S6_RNS1_16__dyncast_resultE
                0x00017010       0x94 c:/fehqt/proteus/gcc/bin/../lib/gcc/arm-none-eabi/4.6.2/../../../../arm-none-eabi/lib/armv7e-m\libsupc++.a(si_class_type_info.o)
                0x00017010                __cxxabiv1::__si_class_type_info::__do_dyncast(int, __cxxabiv1::__class_type_info::__sub_kind, __cxxabiv1::__class_type_info const*, void const*, __cxxabiv1::__class_type_info const*, void const*, __cxxabiv1::__class_type_info::__dyncast_result&) const
 .text._ZNK10__cxxabiv120__si_class_type_info20__do_find_public_srcEiPKvPKNS_17__class_type_infoES2_
                0x000170a4       0x34 c:/fehqt/proteus/gcc/bin/../lib/gcc/arm-none-eabi/4.6.2/../../../../arm-none-eabi/lib/armv7e-m\libsupc++.a(si_class_type_info.o)
                0x000170a4                __cxxabiv1::__si_class_type_info::__do_find_public_src(int, void const*, __cxxabiv1::__class_type_info const*, void const*) const
 .text._ZNSt9type_infoD2Ev
                0x000170d8        0xc c:/fehqt/proteus/gcc/bin/../lib/gcc/arm-none-eabi/4.6.2/../../../../arm-none-eabi/lib/armv7e-m\libsupc++.a(tinfo.o)
                0x000170d8                std::type_info::~type_info()
                0x000170d8                std::type_info::~type_info()
 .text._ZNKSt9type_info14__is_pointer_pEv
                0x000170e4        0x4 c:/fehqt/proteus/gcc/bin/../lib/gcc/arm-none-eabi/4.6.2/../../../../arm-none-eabi/lib/armv7e-m\libsupc++.a(tinfo.o)
                0x000170e4                std::type_info::__is_pointer_p() const
 .text._ZNKSt9type_info15__is_function_pEv
                0x000170e8        0x4 c:/fehqt/proteus/gcc/bin/../lib/gcc/arm-none-eabi/4.6.2/../../../../arm-none-eabi/lib/armv7e-m\libsupc++.a(tinfo.o)
                0x000170e8                std::type_info::__is_function_p() const
 .text._ZNKSt9type_info11__do_upcastEPKN10__cxxabiv117__class_type_infoEPPv
                0x000170ec        0x4 c:/fehqt/proteus/gcc/bin/../lib/gcc/arm-none-eabi/4.6.2/../../../../arm-none-eabi/lib/armv7e-m\libsupc++.a(tinfo.o)
                0x000170ec                std::type_info::__do_upcast(__cxxabiv1::__class_type_info const*, void**) const
 .text._ZNSt9type_infoD0Ev
                0x000170f0       0x14 c:/fehqt/proteus/gcc/bin/../lib/gcc/arm-none-eabi/4.6.2/../../../../arm-none-eabi/lib/armv7e-m\libsupc++.a(tinfo.o)
                0x000170f0                std::type_info::~type_info()
 .text._ZNKSt9type_infoeqERKS_
                0x00017104       0x30 c:/fehqt/proteus/gcc/bin/../lib/gcc/arm-none-eabi/4.6.2/../../../../arm-none-eabi/lib/armv7e-m\libsupc++.a(tinfo.o)
                0x00017104                std::type_info::operator==(std::type_info const&) const
 .text._ZNKSt9type_info10__do_catchEPKS_PPvj
                0x00017134        0x4 c:/fehqt/proteus/gcc/bin/../lib/gcc/arm-none-eabi/4.6.2/../../../../arm-none-eabi/lib/armv7e-m\libsupc++.a(tinfo.o)
                0x00017134                std::type_info::__do_catch(std::type_info const*, void**, unsigned int) const
 .text._ZNKSt10bad_typeid4whatEv
                0x00017138        0xc c:/fehqt/proteus/gcc/bin/../lib/gcc/arm-none-eabi/4.6.2/../../../../arm-none-eabi/lib/armv7e-m\libsupc++.a(bad_typeid.o)
                0x00017138                std::bad_typeid::what() const
 .text._ZNSt10bad_typeidD2Ev
                0x00017144       0x14 c:/fehqt/proteus/gcc/bin/../lib/gcc/arm-none-eabi/4.6.2/../../../../arm-none-eabi/lib/armv7e-m\libsupc++.a(bad_typeid.o)
                0x00017144                std::bad_typeid::~bad_typeid()
                0x00017144                std::bad_typeid::~bad_typeid()
 .text._ZNSt10bad_typeidD0Ev
                0x00017158       0x1c c:/fehqt/proteus/gcc/bin/../lib/gcc/arm-none-eabi/4.6.2/../../../../arm-none-eabi/lib/armv7e-m\libsupc++.a(bad_typeid.o)
                0x00017158                std::bad_typeid::~bad_typeid()
 .text._ZNK10__cxxabiv117__pbase_type_info15__pointer_catchEPKS0_PPvj
                0x00017174       0x10 c:/fehqt/proteus/gcc/bin/../lib/gcc/arm-none-eabi/4.6.2/../../../../arm-none-eabi/lib/armv7e-m\libsupc++.a(pbase_type_info.o)
                0x00017174                __cxxabiv1::__pbase_type_info::__pointer_catch(__cxxabiv1::__pbase_type_info const*, void**, unsigned int) const
 .text._ZN10__cxxabiv117__pbase_type_infoD2Ev
                0x00017184       0x14 c:/fehqt/proteus/gcc/bin/../lib/gcc/arm-none-eabi/4.6.2/../../../../arm-none-eabi/lib/armv7e-m\libsupc++.a(pbase_type_info.o)
                0x00017184                __cxxabiv1::__pbase_type_info::~__pbase_type_info()
                0x00017184                __cxxabiv1::__pbase_type_info::~__pbase_type_info()
 .text._ZN10__cxxabiv117__pbase_type_infoD0Ev
                0x00017198       0x1c c:/fehqt/proteus/gcc/bin/../lib/gcc/arm-none-eabi/4.6.2/../../../../arm-none-eabi/lib/armv7e-m\libsupc++.a(pbase_type_info.o)
                0x00017198                __cxxabiv1::__pbase_type_info::~__pbase_type_info()
 .text._ZNK10__cxxabiv117__pbase_type_info10__do_catchEPKSt9type_infoPPvj
                0x000171b4       0x68 c:/fehqt/proteus/gcc/bin/../lib/gcc/arm-none-eabi/4.6.2/../../../../arm-none-eabi/lib/armv7e-m\libsupc++.a(pbase_type_info.o)
                0x000171b4                __cxxabiv1::__pbase_type_info::__do_catch(std::type_info const*, void**, unsigned int) const
 .text.abort    0x0001721c       0x24 C:\fehqt\Proteus/EWL/lib/armv7e-m\libc.a(abort.o)
                0x0001721c                abort
 .text.sbrk     0x00017240       0x28 C:\fehqt\Proteus/EWL/lib/armv7e-m\libc.a(alloc.o)
                0x00017240                sbrk
 .text.malloc   0x00017268      0x110 C:\fehqt\Proteus/EWL/lib/armv7e-m\libc.a(alloc.o)
                0x00017268                malloc
 .text.free     0x00017378       0x10 C:\fehqt\Proteus/EWL/lib/armv7e-m\libc.a(alloc.o)
                0x00017378                free
 .text.strcmp   0x00017388       0x18 C:\fehqt\Proteus/EWL/lib/armv7e-m\libc.a(strcmp.o)
                0x00017388                strcmp
 .text.raise    0x000173a0       0x3c C:\fehqt\Proteus/EWL/lib/armv7e-m\libc.a(raise.o)
                0x000173a0                raise
 *(.rodata)
 .rodata        0x000173dc      0x114 ..\main.o
 .rodata        0x000174f0        0x4 ..\printcommand.o
 .rodata        0x000174f4       0x10 ..\command.o
 .rodata        0x00017504       0x1c ..\commands/divecommand.o
 .rodata        0x00017520       0x20 ..\commands/turnamountcommand.o
 .rodata        0x00017540       0x14 ..\commands/turntoanglecommand.o
 .rodata        0x00017554       0x64 ..\commands/drivedistcommand.o
 .rodata        0x000175b8       0x14 ..\commands/setarmcommand.o
 .rodata        0x000175cc       0x34 Libraries\FEHLCD.o
 .rodata        0x00017600      0x150 Libraries\FEHWONKA.o
 *(.rodata*)
 .rodata._ZTV12PrintCommand
                0x00017750       0x28 ..\printcommand.o
                0x00017750                vtable for PrintCommand
 .rodata._ZTI12PrintCommand
                0x00017778        0xc ..\printcommand.o
                0x00017778                typeinfo for PrintCommand
 .rodata._ZTS12PrintCommand
                0x00017784       0x10 ..\printcommand.o
                0x00017784                typeinfo name for PrintCommand
 .rodata._ZTS7Command
                0x00017794        0xc ..\printcommand.o
                0x00017794                typeinfo name for Command
 .rodata._ZTI7Command
                0x000177a0        0x8 ..\printcommand.o
                0x000177a0                typeinfo for Command
 .rodata._ZTV7Command
                0x000177a8       0x28 ..\command.o
                0x000177a8                vtable for Command
 .rodata._ZTV12DriveCommand
                0x000177d0       0x28 ..\commands/divecommand.o
                0x000177d0                vtable for DriveCommand
 .rodata._ZTI12DriveCommand
                0x000177f8        0xc ..\commands/divecommand.o
                0x000177f8                typeinfo for DriveCommand
 .rodata._ZTS12DriveCommand
                0x00017804       0x10 ..\commands/divecommand.o
                0x00017804                typeinfo name for DriveCommand
 *fill*         0x00017814        0x4 00
 .rodata._ZTV17TurnAmountCommand
                0x00017818       0x28 ..\commands/turnamountcommand.o
                0x00017818                vtable for TurnAmountCommand
 .rodata._ZTI17TurnAmountCommand
                0x00017840        0xc ..\commands/turnamountcommand.o
                0x00017840                typeinfo for TurnAmountCommand
 .rodata._ZTS17TurnAmountCommand
                0x0001784c       0x14 ..\commands/turnamountcommand.o
                0x0001784c                typeinfo name for TurnAmountCommand
 .rodata._ZTV18TurnToAngleCommand
                0x00017860       0x28 ..\commands/turntoanglecommand.o
                0x00017860                vtable for TurnToAngleCommand
 .rodata._ZTI18TurnToAngleCommand
                0x00017888        0xc ..\commands/turntoanglecommand.o
                0x00017888                typeinfo for TurnToAngleCommand
 .rodata._ZTS18TurnToAngleCommand
                0x00017894       0x18 ..\commands/turntoanglecommand.o
                0x00017894                typeinfo name for TurnToAngleCommand
 *fill*         0x000178ac        0x4 00
 .rodata._ZTV16DriveDistCommand
                0x000178b0       0x28 ..\commands/drivedistcommand.o
                0x000178b0                vtable for DriveDistCommand
 .rodata._ZTI16DriveDistCommand
                0x000178d8        0xc ..\commands/drivedistcommand.o
                0x000178d8                typeinfo for DriveDistCommand
 .rodata._ZTS16DriveDistCommand
                0x000178e4       0x14 ..\commands/drivedistcommand.o
                0x000178e4                typeinfo name for DriveDistCommand
 .rodata._ZTV13SetArmCommand
                0x000178f8       0x28 ..\commands/setarmcommand.o
                0x000178f8                vtable for SetArmCommand
 .rodata._ZTI13SetArmCommand
                0x00017920        0xc ..\commands/setarmcommand.o
                0x00017920                typeinfo for SetArmCommand
 .rodata._ZTS13SetArmCommand
                0x0001792c       0x10 ..\commands/setarmcommand.o
                0x0001792c                typeinfo name for SetArmCommand
 .rodata._ZL9GPIOPorts
                0x0001793c       0x20 Libraries\FEHIO.o
 .rodata._ZL10ADCNumbers
                0x0001795c       0x24 Libraries\FEHIO.o
 .rodata._ZL14GPIOPinNumbers
                0x00017980       0x80 Libraries\FEHIO.o
 .rodata._ZL16AnalogPinNumbers
                0x00017a00       0x84 Libraries\FEHIO.o
 .rodata.str1.1
                0x00000000        0x0 C:\fehqt\Proteus/EWL/lib/armv7e-m\libc.a(printformat_.o)
                                  0x1 (size before relaxing)
 .rodata.__aeabi_ctype_table_C
                0x00017a84      0x101 C:\fehqt\Proteus/EWL/lib/armv7e-m\libc.a(ctype_aeabi.o)
                0x00017a84                __aeabi_ctype_table_C
 *fill*         0x00017b85        0x3 00
 .rodata._ZTVSt9bad_alloc
                0x00017b88       0x18 C:\fehqt\Proteus/EWL/lib/armv7e-m\librt.a(New.o)
                0x00017b88                vtable for std::bad_alloc
 .rodata._ZTISt9bad_alloc
                0x00017ba0        0xc C:\fehqt\Proteus/EWL/lib/armv7e-m\librt.a(New.o)
                0x00017ba0                typeinfo for std::bad_alloc
 .rodata._ZTSSt9bad_alloc
                0x00017bac        0xd C:\fehqt\Proteus/EWL/lib/armv7e-m\librt.a(New.o)
                0x00017bac                typeinfo name for std::bad_alloc
 .rodata.str1.1
                0x00017bb9       0x14 C:\fehqt\Proteus/EWL/lib/armv7e-m\librt.a(New.o)
 *fill*         0x00017bcd        0x3 00
 .rodata._ZTVN10__cxxabiv117__class_type_infoE
                0x00017bd0       0x30 c:/fehqt/proteus/gcc/bin/../lib/gcc/arm-none-eabi/4.6.2/../../../../arm-none-eabi/lib/armv7e-m\libsupc++.a(class_type_info.o)
                0x00017bd0                vtable for __cxxabiv1::__class_type_info
 .rodata._ZTIN10__cxxabiv117__class_type_infoE
                0x00017c00        0xc c:/fehqt/proteus/gcc/bin/../lib/gcc/arm-none-eabi/4.6.2/../../../../arm-none-eabi/lib/armv7e-m\libsupc++.a(class_type_info.o)
                0x00017c00                typeinfo for __cxxabiv1::__class_type_info
 .rodata._ZTSN10__cxxabiv117__class_type_infoE
                0x00017c0c       0x24 c:/fehqt/proteus/gcc/bin/../lib/gcc/arm-none-eabi/4.6.2/../../../../arm-none-eabi/lib/armv7e-m\libsupc++.a(class_type_info.o)
                0x00017c0c                typeinfo name for __cxxabiv1::__class_type_info
 .rodata._ZTVSt9exception
                0x00017c30       0x18 c:/fehqt/proteus/gcc/bin/../lib/gcc/arm-none-eabi/4.6.2/../../../../arm-none-eabi/lib/armv7e-m\libsupc++.a(eh_exception.o)
                0x00017c30                vtable for std::exception
 .rodata._ZTIN10__cxxabiv115__forced_unwindE
                0x00017c48        0x8 c:/fehqt/proteus/gcc/bin/../lib/gcc/arm-none-eabi/4.6.2/../../../../arm-none-eabi/lib/armv7e-m\libsupc++.a(eh_exception.o)
                0x00017c48                typeinfo for __cxxabiv1::__forced_unwind
 .rodata._ZTISt9exception
                0x00017c50        0x8 c:/fehqt/proteus/gcc/bin/../lib/gcc/arm-none-eabi/4.6.2/../../../../arm-none-eabi/lib/armv7e-m\libsupc++.a(eh_exception.o)
                0x00017c50                typeinfo for std::exception
 .rodata._ZTSSt13bad_exception
                0x00017c58       0x14 c:/fehqt/proteus/gcc/bin/../lib/gcc/arm-none-eabi/4.6.2/../../../../arm-none-eabi/lib/armv7e-m\libsupc++.a(eh_exception.o)
                0x00017c58                typeinfo name for std::bad_exception
 .rodata.str1.4
                0x00017c6c       0x23 c:/fehqt/proteus/gcc/bin/../lib/gcc/arm-none-eabi/4.6.2/../../../../arm-none-eabi/lib/armv7e-m\libsupc++.a(eh_exception.o)
                                 0x24 (size before relaxing)
 *fill*         0x00017c8f        0x1 00
 .rodata._ZTSN10__cxxabiv119__foreign_exceptionE
                0x00017c90       0x24 c:/fehqt/proteus/gcc/bin/../lib/gcc/arm-none-eabi/4.6.2/../../../../arm-none-eabi/lib/armv7e-m\libsupc++.a(eh_exception.o)
                0x00017c90                typeinfo name for __cxxabiv1::__foreign_exception
 .rodata._ZTIN10__cxxabiv119__foreign_exceptionE
                0x00017cb4        0x8 c:/fehqt/proteus/gcc/bin/../lib/gcc/arm-none-eabi/4.6.2/../../../../arm-none-eabi/lib/armv7e-m\libsupc++.a(eh_exception.o)
                0x00017cb4                typeinfo for __cxxabiv1::__foreign_exception
 *fill*         0x00017cbc        0x4 00
 .rodata._ZTVSt13bad_exception
                0x00017cc0       0x18 c:/fehqt/proteus/gcc/bin/../lib/gcc/arm-none-eabi/4.6.2/../../../../arm-none-eabi/lib/armv7e-m\libsupc++.a(eh_exception.o)
                0x00017cc0                vtable for std::bad_exception
 .rodata._ZTSSt9exception
                0x00017cd8       0x10 c:/fehqt/proteus/gcc/bin/../lib/gcc/arm-none-eabi/4.6.2/../../../../arm-none-eabi/lib/armv7e-m\libsupc++.a(eh_exception.o)
                0x00017cd8                typeinfo name for std::exception
 .rodata._ZTSN10__cxxabiv115__forced_unwindE
                0x00017ce8       0x20 c:/fehqt/proteus/gcc/bin/../lib/gcc/arm-none-eabi/4.6.2/../../../../arm-none-eabi/lib/armv7e-m\libsupc++.a(eh_exception.o)
                0x00017ce8                typeinfo name for __cxxabiv1::__forced_unwind
 .rodata._ZTISt13bad_exception
                0x00017d08        0xc c:/fehqt/proteus/gcc/bin/../lib/gcc/arm-none-eabi/4.6.2/../../../../arm-none-eabi/lib/armv7e-m\libsupc++.a(eh_exception.o)
                0x00017d08                typeinfo for std::bad_exception
 .rodata._ZTIPv
                0x00017d14       0x10 c:/fehqt/proteus/gcc/bin/../lib/gcc/arm-none-eabi/4.6.2/../../../../arm-none-eabi/lib/armv7e-m\libsupc++.a(fundamental_type_info.o)
                0x00017d14                typeinfo for void*
 .rodata._ZTIv  0x00017d24        0x8 c:/fehqt/proteus/gcc/bin/../lib/gcc/arm-none-eabi/4.6.2/../../../../arm-none-eabi/lib/armv7e-m\libsupc++.a(fundamental_type_info.o)
                0x00017d24                typeinfo for void
 .rodata._ZTSPv
                0x00017d2c        0x4 c:/fehqt/proteus/gcc/bin/../lib/gcc/arm-none-eabi/4.6.2/../../../../arm-none-eabi/lib/armv7e-m\libsupc++.a(fundamental_type_info.o)
                0x00017d2c                typeinfo name for void*
 .rodata._ZTSv  0x00017d30        0x4 c:/fehqt/proteus/gcc/bin/../lib/gcc/arm-none-eabi/4.6.2/../../../../arm-none-eabi/lib/armv7e-m\libsupc++.a(fundamental_type_info.o)
                0x00017d30                typeinfo name for void
 .rodata._ZTIN10__cxxabiv123__fundamental_type_infoE
                0x00017d34        0xc c:/fehqt/proteus/gcc/bin/../lib/gcc/arm-none-eabi/4.6.2/../../../../arm-none-eabi/lib/armv7e-m\libsupc++.a(fundamental_type_info.o)
                0x00017d34                typeinfo for __cxxabiv1::__fundamental_type_info
 .rodata._ZTSN10__cxxabiv123__fundamental_type_infoE
                0x00017d40       0x28 c:/fehqt/proteus/gcc/bin/../lib/gcc/arm-none-eabi/4.6.2/../../../../arm-none-eabi/lib/armv7e-m\libsupc++.a(fundamental_type_info.o)
                0x00017d40                typeinfo name for __cxxabiv1::__fundamental_type_info
 .rodata._ZTVN10__cxxabiv123__fundamental_type_infoE
                0x00017d68       0x20 c:/fehqt/proteus/gcc/bin/../lib/gcc/arm-none-eabi/4.6.2/../../../../arm-none-eabi/lib/armv7e-m\libsupc++.a(fundamental_type_info.o)
                0x00017d68                vtable for __cxxabiv1::__fundamental_type_info
 .rodata._ZTSN10__cxxabiv119__pointer_type_infoE
                0x00017d88       0x24 c:/fehqt/proteus/gcc/bin/../lib/gcc/arm-none-eabi/4.6.2/../../../../arm-none-eabi/lib/armv7e-m\libsupc++.a(pointer_type_info.o)
                0x00017d88                typeinfo name for __cxxabiv1::__pointer_type_info
 .rodata._ZTIN10__cxxabiv119__pointer_type_infoE
                0x00017dac        0xc c:/fehqt/proteus/gcc/bin/../lib/gcc/arm-none-eabi/4.6.2/../../../../arm-none-eabi/lib/armv7e-m\libsupc++.a(pointer_type_info.o)
                0x00017dac                typeinfo for __cxxabiv1::__pointer_type_info
 .rodata._ZTVN10__cxxabiv119__pointer_type_infoE
                0x00017db8       0x28 c:/fehqt/proteus/gcc/bin/../lib/gcc/arm-none-eabi/4.6.2/../../../../arm-none-eabi/lib/armv7e-m\libsupc++.a(pointer_type_info.o)
                0x00017db8                vtable for __cxxabiv1::__pointer_type_info
 .rodata._ZTVN10__cxxabiv120__si_class_type_infoE
                0x00017de0       0x30 c:/fehqt/proteus/gcc/bin/../lib/gcc/arm-none-eabi/4.6.2/../../../../arm-none-eabi/lib/armv7e-m\libsupc++.a(si_class_type_info.o)
                0x00017de0                vtable for __cxxabiv1::__si_class_type_info
 .rodata._ZTIN10__cxxabiv120__si_class_type_infoE
                0x00017e10        0xc c:/fehqt/proteus/gcc/bin/../lib/gcc/arm-none-eabi/4.6.2/../../../../arm-none-eabi/lib/armv7e-m\libsupc++.a(si_class_type_info.o)
                0x00017e10                typeinfo for __cxxabiv1::__si_class_type_info
 .rodata._ZTSN10__cxxabiv120__si_class_type_infoE
                0x00017e1c       0x28 c:/fehqt/proteus/gcc/bin/../lib/gcc/arm-none-eabi/4.6.2/../../../../arm-none-eabi/lib/armv7e-m\libsupc++.a(si_class_type_info.o)
                0x00017e1c                typeinfo name for __cxxabiv1::__si_class_type_info
 .rodata._ZTISt9type_info
                0x00017e44        0x8 c:/fehqt/proteus/gcc/bin/../lib/gcc/arm-none-eabi/4.6.2/../../../../arm-none-eabi/lib/armv7e-m\libsupc++.a(tinfo.o)
                0x00017e44                typeinfo for std::type_info
 .rodata._ZTSSt9type_info
                0x00017e4c       0x10 c:/fehqt/proteus/gcc/bin/../lib/gcc/arm-none-eabi/4.6.2/../../../../arm-none-eabi/lib/armv7e-m\libsupc++.a(tinfo.o)
                0x00017e4c                typeinfo name for std::type_info
 *fill*         0x00017e5c        0x4 00
 .rodata._ZTVSt9type_info
                0x00017e60       0x20 c:/fehqt/proteus/gcc/bin/../lib/gcc/arm-none-eabi/4.6.2/../../../../arm-none-eabi/lib/armv7e-m\libsupc++.a(tinfo.o)
                0x00017e60                vtable for std::type_info
 .rodata._ZTVSt10bad_typeid
                0x00017e80       0x18 c:/fehqt/proteus/gcc/bin/../lib/gcc/arm-none-eabi/4.6.2/../../../../arm-none-eabi/lib/armv7e-m\libsupc++.a(bad_typeid.o)
                0x00017e80                vtable for std::bad_typeid
 .rodata._ZTISt10bad_typeid
                0x00017e98        0xc c:/fehqt/proteus/gcc/bin/../lib/gcc/arm-none-eabi/4.6.2/../../../../arm-none-eabi/lib/armv7e-m\libsupc++.a(bad_typeid.o)
                0x00017e98                typeinfo for std::bad_typeid
 .rodata.str1.4
                0x00017ea4       0x10 c:/fehqt/proteus/gcc/bin/../lib/gcc/arm-none-eabi/4.6.2/../../../../arm-none-eabi/lib/armv7e-m\libsupc++.a(bad_typeid.o)
 .rodata._ZTSSt10bad_typeid
                0x00017eb4       0x10 c:/fehqt/proteus/gcc/bin/../lib/gcc/arm-none-eabi/4.6.2/../../../../arm-none-eabi/lib/armv7e-m\libsupc++.a(bad_typeid.o)
                0x00017eb4                typeinfo name for std::bad_typeid
 .rodata._ZTIN10__cxxabiv117__pbase_type_infoE
                0x00017ec4        0xc c:/fehqt/proteus/gcc/bin/../lib/gcc/arm-none-eabi/4.6.2/../../../../arm-none-eabi/lib/armv7e-m\libsupc++.a(pbase_type_info.o)
                0x00017ec4                typeinfo for __cxxabiv1::__pbase_type_info
 .rodata._ZTSN10__cxxabiv117__pbase_type_infoE
                0x00017ed0       0x24 c:/fehqt/proteus/gcc/bin/../lib/gcc/arm-none-eabi/4.6.2/../../../../arm-none-eabi/lib/armv7e-m\libsupc++.a(pbase_type_info.o)
                0x00017ed0                typeinfo name for __cxxabiv1::__pbase_type_info
 *fill*         0x00017ef4        0x4 00
 .rodata._ZTVN10__cxxabiv117__pbase_type_infoE
                0x00017ef8       0x28 c:/fehqt/proteus/gcc/bin/../lib/gcc/arm-none-eabi/4.6.2/../../../../arm-none-eabi/lib/armv7e-m\libsupc++.a(pbase_type_info.o)
                0x00017ef8                vtable for __cxxabiv1::__pbase_type_info
 *(.glue_7)
 .glue_7        0x00000000        0x0 linker stubs
 *(.glue_7t)
 .glue_7t       0x00000000        0x0 linker stubs
 *(.eh_frame)
 *(.init)
 *(.fini)
                0x00017f20                . = ALIGN (0x4)
                0x00017f20                _etext = .

.vfp11_veneer   0x00017f20        0x0
 .vfp11_veneer  0x00000000        0x0 linker stubs

.v4_bx          0x00017f20        0x0
 .v4_bx         0x00000000        0x0 linker stubs

.ARM.extab      0x00017f20      0x138
 *(.ARM.extab* .gnu.linkonce.armextab.*)
 .ARM.extab.text._ZNSt9bad_allocD2Ev
                0x00017f20        0x0 C:\fehqt\Proteus/EWL/lib/armv7e-m\librt.a(New.o)
 .ARM.extab.text._ZNKSt9bad_alloc4whatEv
                0x00017f20        0x0 C:\fehqt\Proteus/EWL/lib/armv7e-m\librt.a(New.o)
 .ARM.extab.text._Znwj
                0x00017f20       0x20 C:\fehqt\Proteus/EWL/lib/armv7e-m\librt.a(New.o)
 .ARM.extab.text._ZNSt9bad_allocD0Ev
                0x00017f40        0x0 C:\fehqt\Proteus/EWL/lib/armv7e-m\librt.a(New.o)
 .ARM.extab.text._Znaj
                0x00017f40       0x24 C:\fehqt\Proteus/EWL/lib/armv7e-m\librt.a(New.o)
 .ARM.extab.text.__cxa_bad_typeid
                0x00017f64        0xc c:/fehqt/proteus/gcc/bin/../lib/gcc/arm-none-eabi/4.6.2/../../../../arm-none-eabi/lib/armv7e-m\libsupc++.a(eh_aux_runtime.o)
 .ARM.extab.text.__cxa_call_unexpected
                0x00017f70       0x28 c:/fehqt/proteus/gcc/bin/../lib/gcc/arm-none-eabi/4.6.2/../../../../arm-none-eabi/lib/armv7e-m\libsupc++.a(eh_call.o)
 .ARM.extab.text.__cxa_begin_catch
                0x00017f98       0x20 c:/fehqt/proteus/gcc/bin/../lib/gcc/arm-none-eabi/4.6.2/../../../../arm-none-eabi/lib/armv7e-m\libsupc++.a(eh_catch.o)
 .ARM.extab.text._ZL21base_of_encoded_valuehP15_Unwind_Context
                0x00017fb8        0xc c:/fehqt/proteus/gcc/bin/../lib/gcc/arm-none-eabi/4.6.2/../../../../arm-none-eabi/lib/armv7e-m\libsupc++.a(eh_personality.o)
 .ARM.extab.text.__gxx_personality_v0
                0x00017fc4       0x20 c:/fehqt/proteus/gcc/bin/../lib/gcc/arm-none-eabi/4.6.2/../../../../arm-none-eabi/lib/armv7e-m\libsupc++.a(eh_personality.o)
 .ARM.extab.text._ZN10__cxxabiv111__terminateEPFvvE
                0x00017fe4       0x2c c:/fehqt/proteus/gcc/bin/../lib/gcc/arm-none-eabi/4.6.2/../../../../arm-none-eabi/lib/armv7e-m\libsupc++.a(eh_terminate.o)
 .ARM.extab.text._ZN10__cxxabiv112__unexpectedEPFvvE
                0x00018010        0xc c:/fehqt/proteus/gcc/bin/../lib/gcc/arm-none-eabi/4.6.2/../../../../arm-none-eabi/lib/armv7e-m\libsupc++.a(eh_terminate.o)
 .ARM.extab.text._ZSt10unexpectedv
                0x0001801c        0xc c:/fehqt/proteus/gcc/bin/../lib/gcc/arm-none-eabi/4.6.2/../../../../arm-none-eabi/lib/armv7e-m\libsupc++.a(eh_terminate.o)
 .ARM.extab.text._ZNK10__cxxabiv117__pbase_type_info15__pointer_catchEPKS0_PPvj
                0x00018028        0x0 c:/fehqt/proteus/gcc/bin/../lib/gcc/arm-none-eabi/4.6.2/../../../../arm-none-eabi/lib/armv7e-m\libsupc++.a(pbase_type_info.o)
 .ARM.extab     0x00018028       0x18 c:/fehqt/proteus/gcc/bin/../lib/gcc/arm-none-eabi/4.6.2/armv7e-m\libgcc.a(unwind-arm.o)
 .ARM.extab     0x00018040       0x18 c:/fehqt/proteus/gcc/bin/../lib/gcc/arm-none-eabi/4.6.2/armv7e-m\libgcc.a(pr-support.o)

.ARM            0x00018058      0x200
                0x00018058                __exidx_start = .
 *(.ARM.exidx*)
 .ARM.exidx.text._ZNSt9bad_allocD2Ev
                0x00018118        0x0 C:\fehqt\Proteus/EWL/lib/armv7e-m\librt.a(New.o)
                                  0x8 (size before relaxing)
 .ARM.exidx.text._ZNKSt9bad_alloc4whatEv
                0x00018118        0x0 C:\fehqt\Proteus/EWL/lib/armv7e-m\librt.a(New.o)
                                  0x8 (size before relaxing)
 .ARM.exidx.text._Znwj
                0x00018118        0x8 C:\fehqt\Proteus/EWL/lib/armv7e-m\librt.a(New.o)
 .ARM.exidx.text._ZdlPv
                0x00018120        0x8 C:\fehqt\Proteus/EWL/lib/armv7e-m\librt.a(New.o)
 .ARM.exidx.text._ZNSt9bad_allocD0Ev
                0x00018128        0x0 C:\fehqt\Proteus/EWL/lib/armv7e-m\librt.a(New.o)
                                  0x8 (size before relaxing)
 .ARM.exidx.text._Znaj
                0x00018128        0x8 C:\fehqt\Proteus/EWL/lib/armv7e-m\librt.a(New.o)
 .ARM.exidx.text._ZNK10__cxxabiv117__class_type_info11__do_upcastEPKS0_PPv
                0x00018130        0x8 c:/fehqt/proteus/gcc/bin/../lib/gcc/arm-none-eabi/4.6.2/../../../../arm-none-eabi/lib/armv7e-m\libsupc++.a(class_type_info.o)
 .ARM.exidx.text._ZNK10__cxxabiv117__class_type_info20__do_find_public_srcEiPKvPKS0_S2_
                0x00018138        0x8 c:/fehqt/proteus/gcc/bin/../lib/gcc/arm-none-eabi/4.6.2/../../../../arm-none-eabi/lib/armv7e-m\libsupc++.a(class_type_info.o)
 .ARM.exidx.text._ZNK10__cxxabiv117__class_type_info11__do_upcastEPKS0_PKvRNS0_15__upcast_resultE
                0x00018140        0x8 c:/fehqt/proteus/gcc/bin/../lib/gcc/arm-none-eabi/4.6.2/../../../../arm-none-eabi/lib/armv7e-m\libsupc++.a(class_type_info.o)
 .ARM.exidx.text._ZN10__cxxabiv117__class_type_infoD2Ev
                0x00018148        0x8 c:/fehqt/proteus/gcc/bin/../lib/gcc/arm-none-eabi/4.6.2/../../../../arm-none-eabi/lib/armv7e-m\libsupc++.a(class_type_info.o)
 .ARM.exidx.text._ZN10__cxxabiv117__class_type_infoD0Ev
                0x00018150        0x0 c:/fehqt/proteus/gcc/bin/../lib/gcc/arm-none-eabi/4.6.2/../../../../arm-none-eabi/lib/armv7e-m\libsupc++.a(class_type_info.o)
                                  0x8 (size before relaxing)
 .ARM.exidx.text._ZNK10__cxxabiv117__class_type_info12__do_dyncastEiNS0_10__sub_kindEPKS0_PKvS3_S5_RNS0_16__dyncast_resultE
                0x00018150        0x8 c:/fehqt/proteus/gcc/bin/../lib/gcc/arm-none-eabi/4.6.2/../../../../arm-none-eabi/lib/armv7e-m\libsupc++.a(class_type_info.o)
 .ARM.exidx.text._ZNK10__cxxabiv117__class_type_info10__do_catchEPKSt9type_infoPPvj
                0x00018158        0x8 c:/fehqt/proteus/gcc/bin/../lib/gcc/arm-none-eabi/4.6.2/../../../../arm-none-eabi/lib/armv7e-m\libsupc++.a(class_type_info.o)
 .ARM.exidx.text.__cxa_allocate_exception
                0x00018160        0x8 c:/fehqt/proteus/gcc/bin/../lib/gcc/arm-none-eabi/4.6.2/../../../../arm-none-eabi/lib/armv7e-m\libsupc++.a(eh_alloc.o)
 .ARM.exidx.text.__cxa_free_exception
                0x00018168        0x0 c:/fehqt/proteus/gcc/bin/../lib/gcc/arm-none-eabi/4.6.2/../../../../arm-none-eabi/lib/armv7e-m\libsupc++.a(eh_alloc.o)
                                  0x8 (size before relaxing)
 .ARM.exidx.text.__cxa_type_match
                0x00018168        0x8 c:/fehqt/proteus/gcc/bin/../lib/gcc/arm-none-eabi/4.6.2/../../../../arm-none-eabi/lib/armv7e-m\libsupc++.a(eh_arm.o)
 .ARM.exidx.text.__cxa_begin_cleanup
                0x00018170        0x8 c:/fehqt/proteus/gcc/bin/../lib/gcc/arm-none-eabi/4.6.2/../../../../arm-none-eabi/lib/armv7e-m\libsupc++.a(eh_arm.o)
 .ARM.exidx.text.__gnu_end_cleanup
                0x00018178        0x0 c:/fehqt/proteus/gcc/bin/../lib/gcc/arm-none-eabi/4.6.2/../../../../arm-none-eabi/lib/armv7e-m\libsupc++.a(eh_arm.o)
                                  0x8 (size before relaxing)
 .ARM.exidx.text.__cxa_bad_typeid
                0x00018178        0x8 c:/fehqt/proteus/gcc/bin/../lib/gcc/arm-none-eabi/4.6.2/../../../../arm-none-eabi/lib/armv7e-m\libsupc++.a(eh_aux_runtime.o)
 .ARM.exidx.text.__cxa_call_terminate
                0x00018180        0x8 c:/fehqt/proteus/gcc/bin/../lib/gcc/arm-none-eabi/4.6.2/../../../../arm-none-eabi/lib/armv7e-m\libsupc++.a(eh_call.o)
 .ARM.exidx.text.__cxa_call_unexpected
                0x00018188        0x8 c:/fehqt/proteus/gcc/bin/../lib/gcc/arm-none-eabi/4.6.2/../../../../arm-none-eabi/lib/armv7e-m\libsupc++.a(eh_call.o)
 .ARM.exidx.text.__cxa_begin_catch
                0x00018190        0x8 c:/fehqt/proteus/gcc/bin/../lib/gcc/arm-none-eabi/4.6.2/../../../../arm-none-eabi/lib/armv7e-m\libsupc++.a(eh_catch.o)
 .ARM.exidx.text.__cxa_end_catch
                0x00018198        0x8 c:/fehqt/proteus/gcc/bin/../lib/gcc/arm-none-eabi/4.6.2/../../../../arm-none-eabi/lib/armv7e-m\libsupc++.a(eh_catch.o)
 .ARM.exidx.text._ZNSt9exceptionD2Ev
                0x000181a0        0x0 c:/fehqt/proteus/gcc/bin/../lib/gcc/arm-none-eabi/4.6.2/../../../../arm-none-eabi/lib/armv7e-m\libsupc++.a(eh_exception.o)
                                  0x8 (size before relaxing)
 .ARM.exidx.text._ZNSt13bad_exceptionD2Ev
                0x000181a0        0x0 c:/fehqt/proteus/gcc/bin/../lib/gcc/arm-none-eabi/4.6.2/../../../../arm-none-eabi/lib/armv7e-m\libsupc++.a(eh_exception.o)
                                  0x8 (size before relaxing)
 .ARM.exidx.text._ZNKSt9exception4whatEv
                0x000181a0        0x0 c:/fehqt/proteus/gcc/bin/../lib/gcc/arm-none-eabi/4.6.2/../../../../arm-none-eabi/lib/armv7e-m\libsupc++.a(eh_exception.o)
                                  0x8 (size before relaxing)
 .ARM.exidx.text._ZNKSt13bad_exception4whatEv
                0x000181a0        0x0 c:/fehqt/proteus/gcc/bin/../lib/gcc/arm-none-eabi/4.6.2/../../../../arm-none-eabi/lib/armv7e-m\libsupc++.a(eh_exception.o)
                                  0x8 (size before relaxing)
 .ARM.exidx.text._ZNSt13bad_exceptionD0Ev
                0x000181a0        0x0 c:/fehqt/proteus/gcc/bin/../lib/gcc/arm-none-eabi/4.6.2/../../../../arm-none-eabi/lib/armv7e-m\libsupc++.a(eh_exception.o)
                                  0x8 (size before relaxing)
 .ARM.exidx.text._ZNSt9exceptionD0Ev
                0x000181a0        0x0 c:/fehqt/proteus/gcc/bin/../lib/gcc/arm-none-eabi/4.6.2/../../../../arm-none-eabi/lib/armv7e-m\libsupc++.a(eh_exception.o)
                                  0x8 (size before relaxing)
 .ARM.exidx.text.__cxa_get_globals_fast
                0x000181a0        0x0 c:/fehqt/proteus/gcc/bin/../lib/gcc/arm-none-eabi/4.6.2/../../../../arm-none-eabi/lib/armv7e-m\libsupc++.a(eh_globals.o)
                                  0x8 (size before relaxing)
 .ARM.exidx.text.__cxa_get_globals
                0x000181a0        0x0 c:/fehqt/proteus/gcc/bin/../lib/gcc/arm-none-eabi/4.6.2/../../../../arm-none-eabi/lib/armv7e-m\libsupc++.a(eh_globals.o)
                                  0x8 (size before relaxing)
 .ARM.exidx.text._ZL12read_sleb128PKhPl
                0x000181a0        0x0 c:/fehqt/proteus/gcc/bin/../lib/gcc/arm-none-eabi/4.6.2/../../../../arm-none-eabi/lib/armv7e-m\libsupc++.a(eh_personality.o)
                                  0x8 (size before relaxing)
 .ARM.exidx.text._ZL28read_encoded_value_with_basehjPKhPj
                0x000181a0        0x8 c:/fehqt/proteus/gcc/bin/../lib/gcc/arm-none-eabi/4.6.2/../../../../arm-none-eabi/lib/armv7e-m\libsupc++.a(eh_personality.o)
 .ARM.exidx.text._ZL21base_of_encoded_valuehP15_Unwind_Context
                0x000181a8        0x8 c:/fehqt/proteus/gcc/bin/../lib/gcc/arm-none-eabi/4.6.2/../../../../arm-none-eabi/lib/armv7e-m\libsupc++.a(eh_personality.o)
 .ARM.exidx.text._ZL17parse_lsda_headerP15_Unwind_ContextPKhP16lsda_header_info.constprop.1
                0x000181b0        0x8 c:/fehqt/proteus/gcc/bin/../lib/gcc/arm-none-eabi/4.6.2/../../../../arm-none-eabi/lib/armv7e-m\libsupc++.a(eh_personality.o)
 .ARM.exidx.text.__gxx_personality_v0