Archive member included because of file (symbol)

C:\fehqt\Proteus/EWL/lib/armv7e-m\libc.a(sprintf.o)
                              Libraries\FEHLCD.o (sprintf)
C:\fehqt\Proteus/EWL/lib/armv7e-m\libc.a(vsnprintf.o)
                              C:\fehqt\Proteus/EWL/lib/armv7e-m\libc.a(sprintf.o) (vsnprintf)
C:\fehqt\Proteus/EWL/lib/armv7e-m\libc.a(exit.o)
                              Startup\__arm_start.o (exit)
C:\fehqt\Proteus/EWL/lib/armv7e-m\libc.a(memcpy.o)
                              C:\fehqt\Proteus/EWL/lib/armv7e-m\libc.a(vsnprintf.o) (memcpy)
C:\fehqt\Proteus/EWL/lib/armv7e-m\libc.a(memset.o)
                              Startup\__arm_start.o (memset)
C:\fehqt\Proteus/EWL/lib/armv7e-m\libc.a(printformat_.o)
                              (__pformatter_)
C:\fehqt\Proteus/EWL/lib/armv7e-m\libc.a(scanformat_.o)
                              (__sformatter)
C:\fehqt\Proteus/EWL/lib/armv7e-m\libc.a(ctype_aeabi.o)
                              C:\fehqt\Proteus/EWL/lib/armv7e-m\libc.a(scanformat_.o) (isspace)
C:\fehqt\Proteus/EWL/lib/armv7e-m\libc.a(__strtoul.o)
                              C:\fehqt\Proteus/EWL/lib/armv7e-m\libc.a(scanformat_.o) (__strtoul)
C:\fehqt\Proteus/EWL/lib/armv7e-m\libc.a(__filll_mem.o)
                              C:\fehqt\Proteus/EWL/lib/armv7e-m\libc.a(memset.o) (__fill_mem)
C:\fehqt\Proteus/EWL/lib/armv7e-m\libc.a(memchr.o)
                              C:\fehqt\Proteus/EWL/lib/armv7e-m\libc.a(printformat_.o) (memchr)
C:\fehqt\Proteus/EWL/lib/armv7e-m\libc.a(strchr.o)
                              C:\fehqt\Proteus/EWL/lib/armv7e-m\libc.a(printformat_.o) (strchr)
C:\fehqt\Proteus/EWL/lib/armv7e-m\libc.a(strlen.o)
                              C:\fehqt\Proteus/EWL/lib/armv7e-m\libc.a(printformat_.o) (strlen)
c:/fehqt/proteus/gcc/bin/../lib/gcc/arm-none-eabi/4.6.2/armv7e-m\libgcc.a(_arm_addsubdf3.o)
                              ..\util/timer.o (__aeabi_dsub)
c:/fehqt/proteus/gcc/bin/../lib/gcc/arm-none-eabi/4.6.2/armv7e-m\libgcc.a(_arm_muldivdf3.o)
                              Libraries\FEHMotor.o (__aeabi_dmul)
c:/fehqt/proteus/gcc/bin/../lib/gcc/arm-none-eabi/4.6.2/armv7e-m\libgcc.a(_arm_fixdfsi.o)
                              Libraries\FEHMotor.o (__aeabi_d2iz)
c:/fehqt/proteus/gcc/bin/../lib/gcc/arm-none-eabi/4.6.2/armv7e-m\libgcc.a(_arm_fixunsdfsi.o)
                              Libraries\FEHUtility.o (__aeabi_d2uiz)
c:/fehqt/proteus/gcc/bin/../lib/gcc/arm-none-eabi/4.6.2/armv7e-m\libgcc.a(_arm_truncdfsf2.o)
                              ..\util/timer.o (__aeabi_d2f)
c:/fehqt/proteus/gcc/bin/../lib/gcc/arm-none-eabi/4.6.2/armv7e-m\libgcc.a(_arm_addsubsf3.o)
                              ..\util/timer.o (__aeabi_fsub)
c:/fehqt/proteus/gcc/bin/../lib/gcc/arm-none-eabi/4.6.2/armv7e-m\libgcc.a(_arm_muldivsf3.o)
                              Drivers\mcg.o (__aeabi_fmul)
c:/fehqt/proteus/gcc/bin/../lib/gcc/arm-none-eabi/4.6.2/armv7e-m\libgcc.a(_arm_cmpsf2.o)
                              Libraries\FEHServo.o (__aeabi_fcmpeq)
c:/fehqt/proteus/gcc/bin/../lib/gcc/arm-none-eabi/4.6.2/armv7e-m\libgcc.a(_arm_fixsfsi.o)
                              Libraries\FEHLCD.o (__aeabi_f2iz)
c:/fehqt/proteus/gcc/bin/../lib/gcc/arm-none-eabi/4.6.2/armv7e-m\libgcc.a(_arm_fixunssfsi.o)
                              Drivers\mcg.o (__aeabi_f2uiz)
C:\fehqt\Proteus/EWL/lib/armv7e-m\librt.a(gcc_ctor_dtor.o)
                              Startup\__arm_start.o (__init_cpp)
C:\fehqt\Proteus/EWL/lib/armv7e-m\librt.a(ROMCopy.o)
                              Startup\__arm_start.o (__copy_rom_sections_to_ram)
C:\fehqt\Proteus/EWL/lib/armv7e-m\librt.a(__arm_eabi_init.o)
                              C:\fehqt\Proteus/EWL/lib/armv7e-m\libc.a(exit.o) (__destroy_global_chain)
C:\fehqt\Proteus/EWL/lib/armv7e-m\librt.a(New.o)
                              ..\main.o (operator new(unsigned int))
c:/fehqt/proteus/gcc/bin/../lib/gcc/arm-none-eabi/4.6.2/../../../../arm-none-eabi/lib/armv7e-m\libsupc++.a(class_type_info.o)
                              ..\printcommand.o (vtable for __cxxabiv1::__class_type_info)
c:/fehqt/proteus/gcc/bin/../lib/gcc/arm-none-eabi/4.6.2/../../../../arm-none-eabi/lib/armv7e-m\libsupc++.a(eh_alloc.o)
                              C:\fehqt\Proteus/EWL/lib/armv7e-m\librt.a(New.o) (__cxa_allocate_exception)
c:/fehqt/proteus/gcc/bin/../lib/gcc/arm-none-eabi/4.6.2/../../../../arm-none-eabi/lib/armv7e-m\libsupc++.a(eh_arm.o)
                              C:\fehqt\Proteus/EWL/lib/armv7e-m\librt.a(New.o) (__cxa_end_cleanup)
c:/fehqt/proteus/gcc/bin/../lib/gcc/arm-none-eabi/4.6.2/../../../../arm-none-eabi/lib/armv7e-m\libsupc++.a(eh_aux_runtime.o)
                              c:/fehqt/proteus/gcc/bin/../lib/gcc/arm-none-eabi/4.6.2/../../../../arm-none-eabi/lib/armv7e-m\libsupc++.a(eh_arm.o) (__cxa_bad_typeid)
c:/fehqt/proteus/gcc/bin/../lib/gcc/arm-none-eabi/4.6.2/../../../../arm-none-eabi/lib/armv7e-m\libsupc++.a(eh_call.o)
[...]
Memory Configuration

Name             Origin             Length             Attributes
m_interrupts     0x0000c000         0x00000400         xr
m_cfmprotrom     0x0000c400         0x00000010         xr
m_text           0x0000c410         0x00073bf0         xr
m_data           0x1fff0400         0x0000fc00         xrw
m_data2          0x20000000         0x00010000         xrw
*default*        0x00000000         0xffffffff

Linker script and memory map

LOAD ..\main.o
LOAD ..\printcommand.o
LOAD ..\command.o
LOAD ..\util/script.o
LOAD ..\io.o
LOAD ..\util/timer.o
LOAD ..\drive.o
LOAD ..\commands/divecommand.o
LOAD ..\commands/turnamountcommand.o
LOAD Startup\__arm_start.o
LOAD Startup\__arm_end.o
LOAD Startup\kinetis_sysinit.o
LOAD Libraries\FEHMotor.o
LOAD Drivers\mcg.o
LOAD Drivers\uart.o
LOAD Drivers\lptmr.o
LOAD FEHProteus.o
LOAD Drivers\FEHPropeller.o
LOAD Libraries\FEHUtility.o
LOAD Libraries\FEHIO.o
LOAD Drivers\adc16.o
LOAD Libraries\FEHBuzzer.o
LOAD Libraries\FEHServo.o
LOAD Libraries\FEHLCD.o
LOAD Libraries\FEHBattery.o
LOAD Drivers\FEHXBee.o
LOAD Libraries\FEHWONKA.o
                0x00014028                __pformatter = __pformatter_
                [0x00014420]                __sformatter = __sformatter
LOAD C:\fehqt\Proteus/EWL/lib/armv7e-m\libstdc++.a
LOAD C:\fehqt\Proteus/EWL/lib/armv7e-m\libm.a
START GROUP
LOAD C:\fehqt\Proteus/EWL/lib/armv7e-m\libc.a
LOAD C:\fehqt\Proteus/EWL/lib/armv7e-m\libc++.a
LOAD C:\fehqt\Proteus/EWL/lib/armv7e-m\libm.a
LOAD c:/fehqt/proteus/gcc/bin/../lib/gcc/arm-none-eabi/4.6.2/armv7e-m\libgcc.a
LOAD C:\fehqt\Proteus/EWL/lib/armv7e-m\librt.a
LOAD c:/fehqt/proteus/gcc/bin/../lib/gcc/arm-none-eabi/4.6.2/../../../../arm-none-eabi/lib/armv7e-m\libsupc++.a
END GROUP
                0x20000000                _estack = 0x20000000
                0x20000000                __SP_INIT = _estack
                0x00000800                __heap_size = 0x800
                0x00000800                __stack_size = 0x800

.interrupts     0x0000c000      0x1e0
                0x0000c000                __vector_table = .
                0x0000c000                . = ALIGN (0x4)
 *(.vectortable)
 .vectortable   0x0000c000      0x1e0 Startup\kinetis_sysinit.o
                0x0000c1e0                . = ALIGN (0x4)

.cfmprotect     0x0000c400        0x0
                0x0000c400                . = ALIGN (0x4)
 *(.cfmconfig)
                0x0000c400                . = ALIGN (0x4)

.text           0x0000c410     0xa800
                0x0000c410                . = ALIGN (0x4)
 *(.text)
 .text          0x0000c410      0x370 c:/fehqt/proteus/gcc/bin/../lib/gcc/arm-none-eabi/4.6.2/armv7e-m\libgcc.a(_arm_addsubdf3.o)
                0x0000c410                __aeabi_drsub
                0x0000c418                __aeabi_dsub
                0x0000c418                __subdf3
                0x0000c41c                __aeabi_dadd
                0x0000c41c                __adddf3
                0x0000c694                __floatunsidf
                0x0000c694                __aeabi_ui2d
                0x0000c6b4                __floatsidf
                0x0000c6b4                __aeabi_i2d
                0x0000c6d8                __aeabi_f2d
                0x0000c6d8                __extendsfdf2
                0x0000c714                __floatundidf
                0x0000c714                __aeabi_ul2d
                0x0000c724                __floatdidf
                0x0000c724                __aeabi_l2d
 .text          0x0000c780      0x424 c:/fehqt/proteus/gcc/bin/../lib/gcc/arm-none-eabi/4.6.2/armv7e-m\libgcc.a(_arm_muldivdf3.o)
                0x0000c780                __aeabi_dmul
                0x0000c780                __muldf3
                0x0000c9d4                __divdf3
                0x0000c9d4                __aeabi_ddiv
 .text          0x0000cba4       0x50 c:/fehqt/proteus/gcc/bin/../lib/gcc/arm-none-eabi/4.6.2/armv7e-m\libgcc.a(_arm_fixdfsi.o)
                0x0000cba4                __aeabi_d2iz
                0x0000cba4                __fixdfsi
 .text          0x0000cbf4       0x40 c:/fehqt/proteus/gcc/bin/../lib/gcc/arm-none-eabi/4.6.2/armv7e-m\libgcc.a(_arm_fixunsdfsi.o)
                0x0000cbf4                __aeabi_d2uiz
                0x0000cbf4                __fixunsdfsi
 .text          0x0000cc34       0xa0 c:/fehqt/proteus/gcc/bin/../lib/gcc/arm-none-eabi/4.6.2/armv7e-m\libgcc.a(_arm_truncdfsf2.o)
                0x0000cc34                __truncdfsf2
                0x0000cc34                __aeabi_d2f
 .text          0x0000ccd4      0x21c c:/fehqt/proteus/gcc/bin/../lib/gcc/arm-none-eabi/4.6.2/armv7e-m\libgcc.a(_arm_addsubsf3.o)
                0x0000ccd4                __aeabi_frsub
                0x0000ccdc                __subsf3
                0x0000ccdc                __aeabi_fsub
                0x0000cce0                __aeabi_fadd
                0x0000cce0                __addsf3
                0x0000ce40                __aeabi_ui2f
                0x0000ce40                __floatunsisf
                0x0000ce48                __aeabi_i2f
                0x0000ce48                __floatsisf
                0x0000ce64                __aeabi_ul2f
                0x0000ce64                __floatundisf
                0x0000ce74                __aeabi_l2f
                0x0000ce74                __floatdisf
 .text          0x0000cef0      0x2a0 c:/fehqt/proteus/gcc/bin/../lib/gcc/arm-none-eabi/4.6.2/armv7e-m\libgcc.a(_arm_muldivsf3.o)
                0x0000cef0                __mulsf3
                0x0000cef0                __aeabi_fmul
                0x0000d058                __aeabi_fdiv
                0x0000d058                __divsf3
 .text          0x0000d190       0xec c:/fehqt/proteus/gcc/bin/../lib/gcc/arm-none-eabi/4.6.2/armv7e-m\libgcc.a(_arm_cmpsf2.o)
                0x0000d190                __gesf2
                0x0000d190                __gtsf2
                0x0000d198                __lesf2
                0x0000d198                __ltsf2
                0x0000d1a0                __nesf2
                0x0000d1a0                __eqsf2
                0x0000d1a0                __cmpsf2
                0x0000d200                __aeabi_cfrcmple
                0x0000d208                __aeabi_cfcmpeq
                0x0000d208                __aeabi_cfcmple
                0x0000d218                __aeabi_fcmpeq
                0x0000d22c                __aeabi_fcmplt
                0x0000d240                __aeabi_fcmple
                0x0000d254                __aeabi_fcmpge
                0x0000d268                __aeabi_fcmpgt
 .text          0x0000d27c       0x4c c:/fehqt/proteus/gcc/bin/../lib/gcc/arm-none-eabi/4.6.2/armv7e-m\libgcc.a(_arm_fixsfsi.o)
                0x0000d27c                __aeabi_f2iz
                0x0000d27c                __fixsfsi
 .text          0x0000d2c8       0x40 c:/fehqt/proteus/gcc/bin/../lib/gcc/arm-none-eabi/4.6.2/armv7e-m\libgcc.a(_arm_fixunssfsi.o)
                0x0000d2c8                __fixunssfsi
                0x0000d2c8                __aeabi_f2uiz
 .text          0x0000d308      0xb54 c:/fehqt/proteus/gcc/bin/../lib/gcc/arm-none-eabi/4.6.2/armv7e-m\libgcc.a(unwind-arm.o)
                0x0000d5b0                _Unwind_VRS_Get
                0x0000d5f0                _Unwind_VRS_Set
                0x0000d950                __aeabi_unwind_cpp_pr2
                0x0000d954                __aeabi_unwind_cpp_pr1
                0x0000d958                __aeabi_unwind_cpp_pr0
                0x0000d95c                _Unwind_VRS_Pop
                0x0000dd10                _Unwind_GetCFA
                0x0000dd14                __gnu_Unwind_RaiseException
                0x0000dd74                __gnu_Unwind_ForcedUnwind
                0x0000dd88                __gnu_Unwind_Resume
                0x0000ddc4                __gnu_Unwind_Resume_or_Rethrow
                0x0000ddd4                _Unwind_Complete
                0x0000ddd8                _Unwind_DeleteException
                0x0000dde8                __gnu_Unwind_Backtrace
 .text          0x0000de5c      0x1ac c:/fehqt/proteus/gcc/bin/../lib/gcc/arm-none-eabi/4.6.2/armv7e-m\libgcc.a(libunwind.o)
                0x0000de5c                __restore_core_regs
                0x0000de5c                restore_core_regs
                0x0000de74                __gnu_Unwind_Restore_VFP
                0x0000de7c                __gnu_Unwind_Save_VFP
                0x0000de84                __gnu_Unwind_Restore_VFP_D
                0x0000de8c                __gnu_Unwind_Save_VFP_D
                0x0000de94                __gnu_Unwind_Restore_VFP_D_16_to_31
                0x0000de9c                __gnu_Unwind_Save_VFP_D_16_to_31
                0x0000dea4                __gnu_Unwind_Restore_WMMXD
                0x0000dee8                __gnu_Unwind_Save_WMMXD
                0x0000df2c                __gnu_Unwind_Restore_WMMXC
                0x0000df40                __gnu_Unwind_Save_WMMXC
                0x0000df54                ___Unwind_RaiseException
                0x0000df54                _Unwind_RaiseException
                0x0000df78                _Unwind_Resume
                0x0000df78                ___Unwind_Resume
                0x0000df9c                _Unwind_Resume_or_Rethrow
                0x0000df9c                ___Unwind_Resume_or_Rethrow
                0x0000dfc0                _Unwind_ForcedUnwind
                0x0000dfc0                ___Unwind_ForcedUnwind
                0x0000dfe4                ___Unwind_Backtrace
                0x0000dfe4                _Unwind_Backtrace
 .text          0x0000e008      0x374 c:/fehqt/proteus/gcc/bin/../lib/gcc/arm-none-eabi/4.6.2/armv7e-m\libgcc.a(pr-support.o)
                0x0000e05c                __gnu_unwind_execute
                0x0000e324                __gnu_unwind_frame
                0x0000e34c                _Unwind_GetRegionStart
                0x0000e358                _Unwind_GetLanguageSpecificData
                0x0000e36c                _Unwind_GetDataRelBase
                0x0000e374                _Unwind_GetTextRelBase
 *(.text*)
 .text._ZN12PrintCommandC2EPc
                0x0000e37c       0x3c ..\main.o
                0x0000e37c                PrintCommand::PrintCommand(char*)
                0x0000e37c                PrintCommand::PrintCommand(char*)
 .text._ZN12DriveCommandC2Eiif
                0x0000e3b8       0x4c ..\main.o
                0x0000e3b8                DriveCommand::DriveCommand(int, int, float)
                0x0000e3b8                DriveCommand::DriveCommand(int, int, float)
 .text.main     0x0000e404      0x69c ..\main.o
                0x0000e404                main
 .text._Z11InitScriptsv
                0x0000eaa0      0x234 ..\main.o
                0x0000eaa0                InitScripts()
 .text._ZN6ScriptI7CommandE17GetCurrentCommandEv
                0x0000ecd4       0x24 ..\main.o
                0x0000ecd4                Script<Command>::GetCurrentCommand()
 .text._ZN6ScriptI7CommandE11NextCommandEv
                0x0000ecf8       0xb0 ..\main.o
                0x0000ecf8                Script<Command>::NextCommand()
 .text._ZN6ScriptI7CommandEC2Ev
                0x0000eda8       0x64 ..\main.o
                0x0000eda8                Script<Command>::Script()
                0x0000eda8                Script<Command>::Script()
 .text._ZN6ScriptI7CommandE7SetNameEPc
                0x0000ee0c       0x1c ..\main.o
                0x0000ee0c                Script<Command>::SetName(char*)
 .text._ZN6ScriptI7CommandE13AddSequentialEPS0_
                0x0000ee28       0x34 ..\main.o
                0x0000ee28                Script<Command>::AddSequential(Command*)
 .text._ZN6ScriptI7CommandE10MergeQueueEv
                0x0000ee5c       0xfc ..\main.o
                0x0000ee5c                Script<Command>::MergeQueue()
 .text._Z41__static_initialization_and_destruction_0ii
                0x0000ef58       0x30 ..\main.o
 .text._GLOBAL__sub_I_lcd
                0x0000ef88       0x14 ..\main.o
 .text._ZN12PrintCommand4InitEv
                0x0000ef9c       0x38 ..\printcommand.o
                0x0000ef9c                PrintCommand::Init()
 .text._ZN12PrintCommand3RunEv
                0x0000efd4       0x14 ..\printcommand.o
                0x0000efd4                PrintCommand::Run()
 .text._ZN12PrintCommand12EndConditionEv
                0x0000efe8       0x18 ..\printcommand.o
                0x0000efe8                PrintCommand::EndCondition()
 .text._ZN12PrintCommand6FinishEv
                0x0000f000       0x14 ..\printcommand.o
                0x0000f000                PrintCommand::Finish()
 .text._ZN12PrintCommand15FailedConditionEv
                0x0000f014       0x18 ..\printcommand.o
                0x0000f014                PrintCommand::FailedCondition()
 .text._ZN12PrintCommand7FailureEv
                0x0000f02c       0x14 ..\printcommand.o
                0x0000f02c                PrintCommand::Failure()
 .text._ZN12PrintCommand11PrintStatusEv
                0x0000f040       0x14 ..\printcommand.o
                0x0000f040                PrintCommand::PrintStatus()
 .text._ZN7CommandC2Ev
                0x0000f054       0x44 ..\command.o
                0x0000f054                Command::Command()
                0x0000f054                Command::Command()
 .text._ZN7Command4InitEP6FEHLCDP5Drive
                0x0000f098       0x2c ..\command.o
                0x0000f098                Command::Init(FEHLCD*, Drive*)
 .text._ZN7Command9SetScriptEP6ScriptIS_E
                0x0000f0c4       0x20 ..\command.o
                0x0000f0c4                Command::SetScript(Script<Command>*)
 .text._ZN2IOC2EP11ButtonBoardP8FEHWONKA
                0x0000f0e4       0x7c ..\io.o
                0x0000f0e4                IO::IO(ButtonBoard*, FEHWONKA*)
                0x0000f0e4                IO::IO(ButtonBoard*, FEHWONKA*)
 .text._ZN2IO6UpdateEv
                0x0000f160       0x84 ..\io.o
                0x0000f160                IO::Update()
 .text._ZN2IO26ButtonBoardGetPressedEventENS_6ButtonE
                0x0000f1e4       0x44 ..\io.o
                0x0000f1e4                IO::ButtonBoardGetPressedEvent(IO::Button)
 .text._ZN5TimerC2Ef
                0x0000f228       0x34 ..\util/timer.o
                0x0000f228                Timer::Timer(float)
                0x0000f228                Timer::Timer(float)
 .text._ZN5Timer7GetTimeEv
                0x0000f25c       0x40 ..\util/timer.o
                0x0000f25c                Timer::GetTime()
 .text._ZN5Timer11GetTimeLeftEv
                0x0000f29c       0x28 ..\util/timer.o
                0x0000f29c                Timer::GetTimeLeft()
 .text._ZN5Timer5ResetEv
                0x0000f2c4       0x28 ..\util/timer.o
                0x0000f2c4                Timer::Reset()
 .text._ZN5Timer10SetTimeoutEf
                0x0000f2ec       0x1c ..\util/timer.o
                0x0000f2ec                Timer::SetTimeout(float)
 .text._ZN5Timer9IsTimeoutEv
                0x0000f308       0x3c ..\util/timer.o
                0x0000f308                Timer::IsTimeout()
 .text._ZN5DriveC2EP8FEHMotorS1_
                0x0000f344       0x28 ..\drive.o
                0x0000f344                Drive::Drive(FEHMotor*, FEHMotor*)
                0x0000f344                Drive::Drive(FEHMotor*, FEHMotor*)
 .text._ZN5Drive8SetDriveEii
                0x0000f36c       0x88 ..\drive.o
                0x0000f36c                Drive::SetDrive(int, int)
 .text._ZN12DriveCommand4InitEv
                0x0000f3f4       0x48 ..\commands/divecommand.o
                0x0000f3f4                DriveCommand::Init()
 .text._ZN12DriveCommand3RunEv
                0x0000f43c       0x14 ..\commands/divecommand.o
                0x0000f43c                DriveCommand::Run()
 .text._ZN12DriveCommand12EndConditionEv
                0x0000f450       0x20 ..\commands/divecommand.o
                0x0000f450                DriveCommand::EndCondition()
 .text._ZN12DriveCommand6FinishEv
                0x0000f470       0x28 ..\commands/divecommand.o
                0x0000f470                DriveCommand::Finish()
 .text._ZN12DriveCommand15FailedConditionEv
                0x0000f498       0x18 ..\commands/divecommand.o
                0x0000f498                DriveCommand::FailedCondition()
 .text._ZN12DriveCommand7FailureEv
                0x0000f4b0       0x14 ..\commands/divecommand.o
                0x0000f4b0                DriveCommand::Failure()
 .text._ZN12DriveCommand11PrintStatusEv
                0x0000f4c4       0xa4 ..\commands/divecommand.o
                0x0000f4c4                DriveCommand::PrintStatus()
 .text.zero_fill_bss
                0x0000f568       0x34 Startup\__arm_start.o
 .text.__thumb_startup
                0x0000f59c       0x34 Startup\__arm_start.o
                0x0000f59c                __thumb_startup
 .text.InitFEHProteus
                0x0000f5d0      0x15c Startup\__arm_start.o
                0x0000f5d0                InitFEHProteus
 .text.pll_init_bl
                0x0000f72c      0x130 Startup\__arm_start.o
 .text.InitPowerButton
                0x0000f85c       0x90 Startup\__arm_start.o
                0x0000f85c                InitPowerButton
 .text._ExitProcess
                0x0000f8ec        0xc Startup\__arm_end.o
                0x0000f8ec                _ExitProcess
 .text.Default_Handler
                0x0000f8f8        0xc Startup\kinetis_sysinit.o
                0x0000f8f8                BusFault_Handler()
                0x0000f8f8                HardFault_Handler()
                0x0000f8f8                SysTick_Handler()
                0x0000f8f8                PendSV_Handler()
                0x0000f8f8                DebugMonitor_Handler()
                0x0000f8f8                MemManage_Handler()
                0x0000f8f8                NMI_Handler()
                0x0000f8f8                SVC_Handler()
                0x0000f8f8                Default_Handler
                0x0000f8f8                UsageFault_Handler()
 .text.__init_hardware
                0x0000f904       0x44 Startup\kinetis_sysinit.o
                0x0000f904                __init_hardware
 .text._Z8PortDISRv
                0x0000f948       0x5c Startup\kinetis_sysinit.o
                0x0000f948                PortDISR()
 .text._ZN8FEHMotorC2ENS_12FEHMotorPortE
                0x0000f9a4       0x28 Libraries\FEHMotor.o
                0x0000f9a4                FEHMotor::FEHMotor(FEHMotor::FEHMotorPort)
                0x0000f9a4                FEHMotor::FEHMotor(FEHMotor::FEHMotorPort)
 *fill*         0x0000f9cc        0x4 00
 .text._ZN8FEHMotor10SetPercentEf
                0x0000f9d0       0xd8 Libraries\FEHMotor.o
                0x0000f9d0                FEHMotor::SetPercent(float)
 .text._Z9uart_initPV11UART_MemMapii
                0x0000faa8      0x20c Drivers\uart.o
                0x0000faa8                uart_init(UART_MemMap volatile*, int, int)
 .text._Z12uart_getcharPV11UART_MemMap
                0x0000fcb4       0x34 Drivers\uart.o
                0x0000fcb4                uart_getchar(UART_MemMap volatile*)
 .text._Z12uart_putcharPV11UART_MemMapc
                0x0000fce8       0x38 Drivers\uart.o
                0x0000fce8                uart_putchar(UART_MemMap volatile*, char)
 .text._Z13time_delay_msm
                0x0000fd20       0xa4 Drivers\lptmr.o
                0x0000fd20                time_delay_ms(unsigned long)
 .text._Z41__static_initialization_and_destruction_0ii
                0x0000fdc4       0x30 FEHProteus.o
 .text._GLOBAL__sub_I_Propeller
                0x0000fdf4       0x14 FEHProteus.o
 .text._ZN12FEHPropellerC2Ev
                0x0000fe08       0x20 Drivers\FEHPropeller.o
                0x0000fe08                FEHPropeller::FEHPropeller()
                0x0000fe08                FEHPropeller::FEHPropeller()
 .text._ZN12FEHPropeller10InitializeEv
                0x0000fe28       0x94 Drivers\FEHPropeller.o
                0x0000fe28                FEHPropeller::Initialize()
 .text._ZN12FEHPropeller12SetMotorRateEhhh
                0x0000febc       0x78 Drivers\FEHPropeller.o
                0x0000febc                FEHPropeller::SetMotorRate(unsigned char, unsigned char, unsigned char)
 .text._ZL5Delaymjj
                0x0000ff34       0xc4 Libraries\FEHUtility.o
 .text._Z5Sleepi
                0x0000fff8       0x34 Libraries\FEHUtility.o
                0x0000fff8                Sleep(int)
 .text._Z5Sleepf
                0x0001002c       0x48 Libraries\FEHUtility.o
                0x0001002c                Sleep(float)
 *fill*         0x00010074        0x4 00
 .text._Z5Sleepd
                0x00010078       0x58 Libraries\FEHUtility.o
                0x00010078                Sleep(double)
 .text._Z7TimeNowv
                0x000100d0       0x70 Libraries\FEHUtility.o
                0x000100d0                TimeNow()
 .text._Z11TimeNowMSecv
                0x00010140       0x44 Libraries\FEHUtility.o
                0x00010140                TimeNowMSec()
 .text._ZN15DigitalInputPinC2Ev
                0x00010184       0x18 Libraries\FEHIO.o
                0x00010184                DigitalInputPin::DigitalInputPin()
                0x00010184                DigitalInputPin::DigitalInputPin()
 .text._ZN15DigitalInputPin10InitializeEN5FEHIO8FEHIOPinE
                0x0001019c      0x224 Libraries\FEHIO.o
                0x0001019c                DigitalInputPin::Initialize(FEHIO::FEHIOPin)
 .text._ZN15DigitalInputPin5ValueEv
                0x000103c0      0x148 Libraries\FEHIO.o
                0x000103c0                DigitalInputPin::Value()
 .text._ZN14AnalogInputPinC2EN5FEHIO8FEHIOPinE
                0x00010508       0x20 Libraries\FEHIO.o
                0x00010508                AnalogInputPin::AnalogInputPin(FEHIO::FEHIOPin)
                0x00010508                AnalogInputPin::AnalogInputPin(FEHIO::FEHIOPin)
 .text._ZN10FEHEncoder12EncoderValueEv
                0x00010528       0xe4 Libraries\FEHIO.o
                0x00010528                FEHEncoder::EncoderValue()
 .text._ZN14AnalogInputPin8InitADCsEv
                0x0001060c      0x120 Libraries\FEHIO.o
                0x0001060c                AnalogInputPin::InitADCs()
 .text._Z8pit0_isrv
                0x0001072c       0x34 Libraries\FEHIO.o
                0x0001072c                pit0_isr()
 .text._ZN10FEHEncoder4InitEv
                0x00010760       0x64 Libraries\FEHIO.o
                0x00010760                FEHEncoder::Init()
 .text._ZN10FEHEncoder14SetCounterInitEj
                0x000107c4       0x20 Libraries\FEHIO.o
                0x000107c4                FEHEncoder::SetCounterInit(unsigned int)
 .text._ZN10FEHEncoder10ProcessIntEv
                0x000107e4       0x80 Libraries\FEHIO.o
                0x000107e4                FEHEncoder::ProcessInt()
 .text._ZN10FEHEncoder14ProcessIntSelfEv
                0x00010864       0x80 Libraries\FEHIO.o
                0x00010864                FEHEncoder::ProcessIntSelf()
 .text._ZN11ButtonBoardC2EN5FEHIO9FEHIOPortE
                0x000108e4      0x10c Libraries\FEHIO.o
                0x000108e4                ButtonBoard::ButtonBoard(FEHIO::FEHIOPort)
                0x000108e4                ButtonBoard::ButtonBoard(FEHIO::FEHIOPort)
 .text._ZN11ButtonBoard11LeftPressedEv
                0x000109f0       0x24 Libraries\FEHIO.o
                0x000109f0                ButtonBoard::LeftPressed()
 .text._ZN11ButtonBoard13MiddlePressedEv
                0x00010a14       0x28 Libraries\FEHIO.o
                0x00010a14                ButtonBoard::MiddlePressed()
 .text._ZN11ButtonBoard12RightPressedEv
                0x00010a3c       0x28 Libraries\FEHIO.o
                0x00010a3c                ButtonBoard::RightPressed()
 .text._Z7ADC_CalPV10ADC_MemMap
                0x00010a64      0x14c Drivers\adc16.o
                0x00010a64                ADC_Cal(ADC_MemMap volatile*)
 .text._Z14ADC_Config_AltPV10ADC_MemMapP7adc_cfg
                0x00010bb0       0x6c Drivers\adc16.o
                0x00010bb0                ADC_Config_Alt(ADC_MemMap volatile*, adc_cfg*)
 .text._ZN9FEHBuzzerC2Ev
                0x00010c1c       0x18 Libraries\FEHBuzzer.o
                0x00010c1c                FEHBuzzer::FEHBuzzer()
                0x00010c1c                FEHBuzzer::FEHBuzzer()
 .text._Z41__static_initialization_and_destruction_0ii
                0x00010c34       0x30 Libraries\FEHBuzzer.o
 .text._GLOBAL__sub_I_Buzzer
                0x00010c64       0x14 Libraries\FEHBuzzer.o
 .text._ZN8FEHServoC2ENS_12FEHServoPortE
                0x00010c78       0x3c Libraries\FEHServo.o
                0x00010c78                FEHServo::FEHServo(FEHServo::FEHServoPort)
                0x00010c78                FEHServo::FEHServo(FEHServo::FEHServoPort)
 .text._ZN8FEHServo9DigitalOnEv
                0x00010cb4       0x64 Libraries\FEHServo.o
                0x00010cb4                FEHServo::DigitalOn()
 .text._ZN6FEHLCD11_InitializeEv
                0x00010d18      0x5c0 Libraries\FEHLCD.o
                0x00010d18                FEHLCD::_Initialize()
 .text._ZN6FEHLCDC2Ev
                0x000112d8       0x64 Libraries\FEHLCD.o
                0x000112d8                FEHLCD::FEHLCD()
                0x000112d8                FEHLCD::FEHLCD()
 .text._ZN6FEHLCD10InitializeEv
                0x0001133c       0x38 Libraries\FEHLCD.o
                0x0001133c                FEHLCD::Initialize()
 .text._ZN6FEHLCD10PrintImageEii
                0x00011374       0xf4 Libraries\FEHLCD.o
                0x00011374                FEHLCD::PrintImage(int, int)
 .text._ZN6FEHLCD22ConvertFEHColorTo24BitENS_11FEHLCDColorE
                0x00011468       0x80 Libraries\FEHLCD.o
                0x00011468                FEHLCD::ConvertFEHColorTo24Bit(FEHLCD::FEHLCDColor)
 .text._ZN6FEHLCD24Convert24BitColorTo16BitEj
                0x000114e8       0x40 Libraries\FEHLCD.o
                0x000114e8                FEHLCD::Convert24BitColorTo16Bit(unsigned int)
 .text._ZN6FEHLCD22ConvertRGBColorTo16BitEhhh
                0x00011528       0x44 Libraries\FEHLCD.o
                0x00011528                FEHLCD::ConvertRGBColorTo16Bit(unsigned char, unsigned char, unsigned char)
 .text._ZN6FEHLCD5ClearENS_11FEHLCDColorE
                0x0001156c       0x28 Libraries\FEHLCD.o
                0x0001156c                FEHLCD::Clear(FEHLCD::FEHLCDColor)
 .text._ZN6FEHLCD5ClearEj
                0x00011594       0x2c Libraries\FEHLCD.o
                0x00011594                FEHLCD::Clear(unsigned int)
 .text._ZN6FEHLCD5ClearEv
                0x000115c0       0x18 Libraries\FEHLCD.o
                0x000115c0                FEHLCD::Clear()
 .text._ZN6FEHLCD18SetBackgroundColorENS_11FEHLCDColorE
                0x000115d8       0x28 Libraries\FEHLCD.o
                0x000115d8                FEHLCD::SetBackgroundColor(FEHLCD::FEHLCDColor)
 .text._ZN6FEHLCD18SetBackgroundColorEj
                0x00011600       0x28 Libraries\FEHLCD.o
                0x00011600                FEHLCD::SetBackgroundColor(unsigned int)
 .text._ZN6FEHLCD12SetFontColorENS_11FEHLCDColorE
                0x00011628       0x28 Libraries\FEHLCD.o
                0x00011628                FEHLCD::SetFontColor(FEHLCD::FEHLCDColor)
 .text._ZN6FEHLCD12SetFontColorEj
                0x00011650       0x28 Libraries\FEHLCD.o
                0x00011650                FEHLCD::SetFontColor(unsigned int)
 .text._ZN6FEHLCD7WriteAtEPKcii
                0x00011678       0x58 Libraries\FEHLCD.o
                0x00011678                FEHLCD::WriteAt(char const*, int, int)
 .text._ZN6FEHLCD5WriteEPKc
                0x000116d0       0x5c Libraries\FEHLCD.o
                0x000116d0                FEHLCD::Write(char const*)
 .text._ZN6FEHLCD5WriteEi
                0x0001172c       0x34 Libraries\FEHLCD.o
                0x0001172c                FEHLCD::Write(int)
 .text._ZN6FEHLCD5WriteEf
                0x00011760       0xdc Libraries\FEHLCD.o
                0x00011760                FEHLCD::Write(float)
 .text._ZN6FEHLCD5WriteEc
                0x0001183c       0x30 Libraries\FEHLCD.o
                0x0001183c                FEHLCD::Write(char)
 .text._ZN6FEHLCD9WriteLineEPKc
                0x0001186c       0x28 Libraries\FEHLCD.o
                0x0001186c                FEHLCD::WriteLine(char const*)
 .text._ZN6FEHLCD9WriteLineEi
                0x00011894       0x28 Libraries\FEHLCD.o
                0x00011894                FEHLCD::WriteLine(int)
 .text._ZN6FEHLCD9WriteLineEf
                0x000118bc       0x28 Libraries\FEHLCD.o
                0x000118bc                FEHLCD::WriteLine(float)
 .text._ZN6FEHLCD9WriteLineEc
                0x000118e4       0x2c Libraries\FEHLCD.o
                0x000118e4                FEHLCD::WriteLine(char)
 .text._ZN6FEHLCD10WriteIndexEh
                0x00011910      0x288 Libraries\FEHLCD.o
                0x00011910                FEHLCD::WriteIndex(unsigned char)
 .text._ZN6FEHLCD14WriteParameterEh
                0x00011b98      0x254 Libraries\FEHLCD.o
                0x00011b98                FEHLCD::WriteParameter(unsigned char)
 .text._ZN6FEHLCD6_ClearEv
                0x00011dec      0x228 Libraries\FEHLCD.o
                0x00011dec                FEHLCD::_Clear()
 .text._ZN6FEHLCD8NextLineEv
                0x00012014       0x30 Libraries\FEHLCD.o
                0x00012014                FEHLCD::NextLine()
 .text._ZN6FEHLCD9CheckLineEv
                0x00012044       0x2c Libraries\FEHLCD.o
                0x00012044                FEHLCD::CheckLine()
 .text._ZN6FEHLCD8NextCharEv
                0x00012070       0x34 Libraries\FEHLCD.o
                0x00012070                FEHLCD::NextChar()
 .text._ZN6FEHLCD13SetDrawRegionEiiii
                0x000120a4      0x10c Libraries\FEHLCD.o
                0x000120a4                FEHLCD::SetDrawRegion(int, int, int, int)
 .text._ZN6FEHLCD9WriteCharEiic
                0x000121b0       0x40 Libraries\FEHLCD.o
                0x000121b0                FEHLCD::WriteChar(int, int, char)
 .text._ZN6FEHLCD11WriteCharAtEiic
                0x000121f0      0x278 Libraries\FEHLCD.o
                0x000121f0                FEHLCD::WriteCharAt(int, int, char)
 .text._ZN6FEHLCD11RepeatColorEv
                0x00012468       0xbc Libraries\FEHLCD.o
                0x00012468                FEHLCD::RepeatColor()
 .text._ZN6FEHLCD10_ForePixelEv
                0x00012524      0x160 Libraries\FEHLCD.o
                0x00012524                FEHLCD::_ForePixel()
 .text._ZN6FEHLCD10_BackPixelEv
                0x00012684      0x160 Libraries\FEHLCD.o
                0x00012684                FEHLCD::_BackPixel()
 .text._ZN6FEHLCD22SetRegisterColorValuesEv
                0x000127e4      0x4c0 Libraries\FEHLCD.o
                0x000127e4                FEHLCD::SetRegisterColorValues()
 .text._Z41__static_initialization_and_destruction_0ii
                0x00012ca4       0x30 Libraries\FEHLCD.o
 .text._GLOBAL__sub_I_image
                0x00012cd4       0x14 Libraries\FEHLCD.o
 .text._ZN10FEHBatteryC2EN5FEHIO8FEHIOPinE
                0x00012ce8       0x24 Libraries\FEHBattery.o
                0x00012ce8                FEHBattery::FEHBattery(FEHIO::FEHIOPin)
                0x00012ce8                FEHBattery::FEHBattery(FEHIO::FEHIOPin)
 .text._Z41__static_initialization_and_destruction_0ii
                0x00012d0c       0x34 Libraries\FEHBattery.o
 .text._GLOBAL__sub_I_Battery
                0x00012d40       0x14 Libraries\FEHBattery.o
 .text._ZN7FEHXBeeC2Ev
                0x00012d54       0x20 Drivers\FEHXBee.o
                0x00012d54                FEHXBee::FEHXBee()
                0x00012d54                FEHXBee::FEHXBee()
 .text._ZN7FEHXBee10InitializeEv
                0x00012d74      0x148 Drivers\FEHXBee.o
                0x00012d74                FEHXBee::Initialize()
 .text._ZN7FEHXBee13IsInitializedEv
                0x00012ebc       0x18 Drivers\FEHXBee.o
                0x00012ebc                FEHXBee::IsInitialized()
 .text._ZN7FEHXBee17ReceiveDataSearchEPcjh
                0x00012ed4       0xb4 Drivers\FEHXBee.o
                0x00012ed4                FEHXBee::ReceiveDataSearch(char*, unsigned int, unsigned char)
 .text._ZN7FEHXBee8SendDataEPcj
                0x00012f88       0x50 Drivers\FEHXBee.o
                0x00012f88                FEHXBee::SendData(char*, unsigned int)
 .text._ZN7FEHXBee17SetPacketCallBackEPFvPhhE
                0x00012fd8       0x20 Drivers\FEHXBee.o
                0x00012fd8                FEHXBee::SetPacketCallBack(void (*)(unsigned char*, unsigned char))
 .text._Z9UART0_ISRv
                0x00012ff8      0x174 Drivers\FEHXBee.o
                0x00012ff8                UART0_ISR()
 .text._ZN8FEHWONKAC2Ev
                0x0001316c       0x88 Libraries\FEHWONKA.o
                0x0001316c                FEHWONKA::FEHWONKA()
                0x0001316c                FEHWONKA::FEHWONKA()
 .text._ZN8FEHWONKA14InitializeMenuEv
                0x000131f4      0x1e8 Libraries\FEHWONKA.o
                0x000131f4                FEHWONKA::InitializeMenu()
 .text._ZN8FEHWONKA10InitializeEi
                0x000133dc      0x740 Libraries\FEHWONKA.o
                0x000133dc                FEHWONKA::Initialize(int)
 .text._ZN8FEHWONKA10InitializeEc
                0x00013b1c       0x4c Libraries\FEHWONKA.o
                0x00013b1c                FEHWONKA::Initialize(char)
 .text._ZN8FEHWONKA6EnableEv
                0x00013b68       0x44 Libraries\FEHWONKA.o
                0x00013b68                FEHWONKA::Enable()
 .text._ZN8FEHWONKA19CurrentRegionLetterEv
                0x00013bac       0x20 Libraries\FEHWONKA.o
                0x00013bac                FEHWONKA::CurrentRegionLetter()
 .text._ZN8FEHWONKA13WaitForPacketEv
                0x00013bcc       0x7c Libraries\FEHWONKA.o
                0x00013bcc                FEHWONKA::WaitForPacket()
 .text._Z16WONKADataProcessPhh
                0x00013c48      0x128 Libraries\FEHWONKA.o
                0x00013c48                WONKADataProcess(unsigned char*, unsigned char)
 .text._Z41__static_initialization_and_destruction_0ii
                0x00013d70       0x40 Libraries\FEHWONKA.o
 .text._GLOBAL__sub_I_WONKA
                0x00013db0       0x14 Libraries\FEHWONKA.o
 .text.sprintf  0x00013dc4       0x1c C:\fehqt\Proteus/EWL/lib/armv7e-m\libc.a(sprintf.o)
                0x00013dc4                sprintf
 .text.__StringWrite
                0x00013de0       0x28 C:\fehqt\Proteus/EWL/lib/armv7e-m\libc.a(vsnprintf.o)
                0x00013de0                __StringWrite
 .text.vsnprintf
                0x00013e08       0x34 C:\fehqt\Proteus/EWL/lib/armv7e-m\libc.a(vsnprintf.o)
                0x00013e08                vsnprintf
 .text.exit     0x00013e3c       0x38 C:\fehqt\Proteus/EWL/lib/armv7e-m\libc.a(exit.o)
                0x00013e3c                exit
 .text.memcpy   0x00013e74       0x12 C:\fehqt\Proteus/EWL/lib/armv7e-m\libc.a(memcpy.o)
                0x00013e74                memcpy
 .text.memset   0x00013e86        0xc C:\fehqt\Proteus/EWL/lib/armv7e-m\libc.a(memset.o)
                0x00013e86                memset
 .text.long2str.isra.0
                0x00013e92      0x196 C:\fehqt\Proteus/EWL/lib/armv7e-m\libc.a(printformat_.o)
 .text.__pformatter_
                0x00014028      0x3f8 C:\fehqt\Proteus/EWL/lib/armv7e-m\libc.a(printformat_.o)
                0x00014028                __pformatter_
 .text.__sformatter
                0x00014420      0x74e C:\fehqt\Proteus/EWL/lib/armv7e-m\libc.a(scanformat_.o)
                0x00014420                __sformatter
 *fill*         0x00014b6e        0x2 00
 .text.isalpha  0x00014b70       0x1c C:\fehqt\Proteus/EWL/lib/armv7e-m\libc.a(ctype_aeabi.o)
                0x00014b70                isalpha
 .text.isspace  0x00014b8c       0x1c C:\fehqt\Proteus/EWL/lib/armv7e-m\libc.a(ctype_aeabi.o)
                0x00014b8c                isspace
 .text.toupper  0x00014ba8        0xc C:\fehqt\Proteus/EWL/lib/armv7e-m\libc.a(ctype_aeabi.o)
                0x00014ba8                toupper
 .text.__strtoul
                0x00014bb4      0x1dc C:\fehqt\Proteus/EWL/lib/armv7e-m\libc.a(__strtoul.o)
                0x00014bb4                __strtoul
 .text.__fill_mem
                0x00014d90       0x76 C:\fehqt\Proteus/EWL/lib/armv7e-m\libc.a(__filll_mem.o)
                0x00014d90                __fill_mem
 .text.memchr   0x00014e06       0x1a C:\fehqt\Proteus/EWL/lib/armv7e-m\libc.a(memchr.o)
                0x00014e06                memchr
 .text.strchr   0x00014e20       0x1c C:\fehqt\Proteus/EWL/lib/armv7e-m\libc.a(strchr.o)
                0x00014e20                strchr
 .text.strlen   0x00014e3c       0x10 C:\fehqt\Proteus/EWL/lib/armv7e-m\libc.a(strlen.o)
                0x00014e3c                strlen
 .text.__init_cpp
                0x00014e4c       0x4c C:\fehqt\Proteus/EWL/lib/armv7e-m\librt.a(gcc_ctor_dtor.o)
                0x00014e4c                __init_cpp
 .text.__fini_cpp
                0x00014e98       0x34 C:\fehqt\Proteus/EWL/lib/armv7e-m\librt.a(gcc_ctor_dtor.o)
                0x00014e98                __fini_cpp
 .text.__copy_rom_section
                0x00014ecc       0x44 C:\fehqt\Proteus/EWL/lib/armv7e-m\librt.a(ROMCopy.o)
                0x00014ecc                __copy_rom_section
 .text.__copy_rom_sections_to_ram
                0x00014f10       0x34 C:\fehqt\Proteus/EWL/lib/armv7e-m\librt.a(ROMCopy.o)
                0x00014f10                __copy_rom_sections_to_ram
 .text.__destroy_global_chain
                0x00014f44       0x1c C:\fehqt\Proteus/EWL/lib/armv7e-m\librt.a(__arm_eabi_init.o)
                0x00014f44                __destroy_global_chain
 .text.__init_registers
                0x00014f60       0x20 C:\fehqt\Proteus/EWL/lib/armv7e-m\librt.a(__arm_eabi_init.o)
                0x00014f60                __init_registers
 .text.__init_user
                0x00014f80        0x4 C:\fehqt\Proteus/EWL/lib/armv7e-m\librt.a(__arm_eabi_init.o)
                0x00014f80                __init_user
 .text._ZNSt9bad_allocD2Ev
                0x00014f84        0xc C:\fehqt\Proteus/EWL/lib/armv7e-m\librt.a(New.o)
                0x00014f84                std::bad_alloc::~bad_alloc()
                0x00014f84                std::bad_alloc::~bad_alloc()
 .text._ZNKSt9bad_alloc4whatEv
                0x00014f90        0x8 C:\fehqt\Proteus/EWL/lib/armv7e-m\librt.a(New.o)
                0x00014f90                std::bad_alloc::what() const
 .text._Znwj    0x00014f98       0x4c C:\fehqt\Proteus/EWL/lib/armv7e-m\librt.a(New.o)
                0x00014f98                operator new(unsigned int)
 .text._ZdlPv   0x00014fe4        0x8 C:\fehqt\Proteus/EWL/lib/armv7e-m\librt.a(New.o)
                0x00014fe4                operator delete(void*)
 .text._ZNSt9bad_allocD0Ev
                0x00014fec       0x14 C:\fehqt\Proteus/EWL/lib/armv7e-m\librt.a(New.o)
                0x00014fec                std::bad_alloc::~bad_alloc()
 .text._Znaj    0x00015000       0x14 C:\fehqt\Proteus/EWL/lib/armv7e-m\librt.a(New.o)
                0x00015000                operator new[](unsigned int)
 .text._ZNK10__cxxabiv117__class_type_info11__do_upcastEPKS0_PPv
                0x00015014       0x38 c:/fehqt/proteus/gcc/bin/../lib/gcc/arm-none-eabi/4.6.2/../../../../arm-none-eabi/lib/armv7e-m\libsupc++.a(class_type_info.o)
                0x00015014                __cxxabiv1::__class_type_info::__do_upcast(__cxxabiv1::__class_type_info const*, void**) const
 .text._ZNK10__cxxabiv117__class_type_info20__do_find_public_srcEiPKvPKS0_S2_
                0x0001504c        0xc c:/fehqt/proteus/gcc/bin/../lib/gcc/arm-none-eabi/4.6.2/../../../../arm-none-eabi/lib/armv7e-m\libsupc++.a(class_type_info.o)
                0x0001504c                __cxxabiv1::__class_type_info::__do_find_public_src(int, void const*, __cxxabiv1::__class_type_info const*, void const*) const
 .text._ZNK10__cxxabiv117__class_type_info11__do_upcastEPKS0_PKvRNS0_15__upcast_resultE
                0x00015058       0x1c c:/fehqt/proteus/gcc/bin/../lib/gcc/arm-none-eabi/4.6.2/../../../../arm-none-eabi/lib/armv7e-m\libsupc++.a(class_type_info.o)
                0x00015058                __cxxabiv1::__class_type_info::__do_upcast(__cxxabiv1::__class_type_info const*, void const*, __cxxabiv1::__class_type_info::__upcast_result&) const
 .text._ZN10__cxxabiv117__class_type_infoD2Ev
                0x00015074       0x14 c:/fehqt/proteus/gcc/bin/../lib/gcc/arm-none-eabi/4.6.2/../../../../arm-none-eabi/lib/armv7e-m\libsupc++.a(class_type_info.o)
                0x00015074                __cxxabiv1::__class_type_info::~__class_type_info()
                0x00015074                __cxxabiv1::__class_type_info::~__class_type_info()
 .text._ZN10__cxxabiv117__class_type_infoD0Ev
                0x00015088       0x1c c:/fehqt/proteus/gcc/bin/../lib/gcc/arm-none-eabi/4.6.2/../../../../arm-none-eabi/lib/armv7e-m\libsupc++.a(class_type_info.o)
                0x00015088                __cxxabiv1::__class_type_info::~__class_type_info()
 .text._ZNK10__cxxabiv117__class_type_info12__do_dyncastEiNS0_10__sub_kindEPKS0_PKvS3_S5_RNS0_16__dyncast_resultE
                0x000150a4       0x3c c:/fehqt/proteus/gcc/bin/../lib/gcc/arm-none-eabi/4.6.2/../../../../arm-none-eabi/lib/armv7e-m\libsupc++.a(class_type_info.o)
                0x000150a4                __cxxabiv1::__class_type_info::__do_dyncast(int, __cxxabiv1::__class_type_info::__sub_kind, __cxxabiv1::__class_type_info const*, void const*, __cxxabiv1::__class_type_info const*, void const*, __cxxabiv1::__class_type_info::__dyncast_result&) const
 .text._ZNK10__cxxabiv117__class_type_info10__do_catchEPKSt9type_infoPPvj
                0x000150e0       0x28 c:/fehqt/proteus/gcc/bin/../lib/gcc/arm-none-eabi/4.6.2/../../../../arm-none-eabi/lib/armv7e-m\libsupc++.a(class_type_info.o)
                0x000150e0                __cxxabiv1::__class_type_info::__do_catch(std::type_info const*, void**, unsigned int) const
 .text.__cxa_allocate_exception
                0x00015108       0x70 c:/fehqt/proteus/gcc/bin/../lib/gcc/arm-none-eabi/4.6.2/../../../../arm-none-eabi/lib/armv7e-m\libsupc++.a(eh_alloc.o)
                0x00015108                __cxa_allocate_exception
 .text.__cxa_free_exception
                0x00015178       0x34 c:/fehqt/proteus/gcc/bin/../lib/gcc/arm-none-eabi/4.6.2/../../../../arm-none-eabi/lib/armv7e-m\libsupc++.a(eh_alloc.o)
                0x00015178                __cxa_free_exception
 .text.__cxa_end_cleanup
                0x000151ac        0xc c:/fehqt/proteus/gcc/bin/../lib/gcc/arm-none-eabi/4.6.2/../../../../arm-none-eabi/lib/armv7e-m\libsupc++.a(eh_arm.o)
                0x000151ac                __cxa_end_cleanup
 .text.__cxa_type_match
                0x000151b8       0xec c:/fehqt/proteus/gcc/bin/../lib/gcc/arm-none-eabi/4.6.2/../../../../arm-none-eabi/lib/armv7e-m\libsupc++.a(eh_arm.o)
                0x000151b8                __cxa_type_match
 .text.__cxa_begin_cleanup
                0x000152a4       0x78 c:/fehqt/proteus/gcc/bin/../lib/gcc/arm-none-eabi/4.6.2/../../../../arm-none-eabi/lib/armv7e-m\libsupc++.a(eh_arm.o)
                0x000152a4                __cxa_begin_cleanup
 .text.__gnu_end_cleanup
                0x0001531c       0x7c c:/fehqt/proteus/gcc/bin/../lib/gcc/arm-none-eabi/4.6.2/../../../../arm-none-eabi/lib/armv7e-m\libsupc++.a(eh_arm.o)
                0x0001531c                __gnu_end_cleanup
 .text.__cxa_bad_typeid
                0x00015398       0x24 c:/fehqt/proteus/gcc/bin/../lib/gcc/arm-none-eabi/4.6.2/../../../../arm-none-eabi/lib/armv7e-m\libsupc++.a(eh_aux_runtime.o)
                0x00015398                __cxa_bad_typeid
 .text.__cxa_call_terminate
                0x000153bc       0x50 c:/fehqt/proteus/gcc/bin/../lib/gcc/arm-none-eabi/4.6.2/../../../../arm-none-eabi/lib/armv7e-m\libsupc++.a(eh_call.o)
                0x000153bc                __cxa_call_terminate
 .text.__cxa_call_unexpected
                0x0001540c      0x120 c:/fehqt/proteus/gcc/bin/../lib/gcc/arm-none-eabi/4.6.2/../../../../arm-none-eabi/lib/armv7e-m\libsupc++.a(eh_call.o)
                0x0001540c                __cxa_call_unexpected
 .text.__cxa_begin_catch
                0x0001552c       0x98 c:/fehqt/proteus/gcc/bin/../lib/gcc/arm-none-eabi/4.6.2/../../../../arm-none-eabi/lib/armv7e-m\libsupc++.a(eh_catch.o)
                0x0001552c                __cxa_begin_catch
 .text.__cxa_end_catch
                0x000155c4       0x98 c:/fehqt/proteus/gcc/bin/../lib/gcc/arm-none-eabi/4.6.2/../../../../arm-none-eabi/lib/armv7e-m\libsupc++.a(eh_catch.o)
                0x000155c4                __cxa_end_catch
 .text._ZNSt9exceptionD2Ev
                0x0001565c        0xc c:/fehqt/proteus/gcc/bin/../lib/gcc/arm-none-eabi/4.6.2/../../../../arm-none-eabi/lib/armv7e-m\libsupc++.a(eh_exception.o)
                0x0001565c                std::exception::~exception()
                0x0001565c                std::exception::~exception()
 .text._ZNSt13bad_exceptionD2Ev
                0x00015668        0xc c:/fehqt/proteus/gcc/bin/../lib/gcc/arm-none-eabi/4.6.2/../../../../arm-none-eabi/lib/armv7e-m\libsupc++.a(eh_exception.o)
                0x00015668                std::bad_exception::~bad_exception()
                0x00015668                std::bad_exception::~bad_exception()
 .text._ZNKSt9exception4whatEv
                0x00015674        0xc c:/fehqt/proteus/gcc/bin/../lib/gcc/arm-none-eabi/4.6.2/../../../../arm-none-eabi/lib/armv7e-m\libsupc++.a(eh_exception.o)
                0x00015674                std::exception::what() const
 .text._ZNKSt13bad_exception4whatEv
                0x00015680        0xc c:/fehqt/proteus/gcc/bin/../lib/gcc/arm-none-eabi/4.6.2/../../../../arm-none-eabi/lib/armv7e-m\libsupc++.a(eh_exception.o)
                0x00015680                std::bad_exception::what() const
 .text._ZNSt13bad_exceptionD0Ev
                0x0001568c       0x14 c:/fehqt/proteus/gcc/bin/../lib/gcc/arm-none-eabi/4.6.2/../../../../arm-none-eabi/lib/armv7e-m\libsupc++.a(eh_exception.o)
                0x0001568c                std::bad_exception::~bad_exception()
 .text._ZNSt9exceptionD0Ev
                0x000156a0       0x14 c:/fehqt/proteus/gcc/bin/../lib/gcc/arm-none-eabi/4.6.2/../../../../arm-none-eabi/lib/armv7e-m\libsupc++.a(eh_exception.o)
                0x000156a0                std::exception::~exception()
 .text.__cxa_get_globals_fast
                0x000156b4        0xc c:/fehqt/proteus/gcc/bin/../lib/gcc/arm-none-eabi/4.6.2/../../../../arm-none-eabi/lib/armv7e-m\libsupc++.a(eh_globals.o)
                0x000156b4                __cxa_get_globals_fast
 .text.__cxa_get_globals
                0x000156c0        0xc c:/fehqt/proteus/gcc/bin/../lib/gcc/arm-none-eabi/4.6.2/../../../../arm-none-eabi/lib/armv7e-m\libsupc++.a(eh_globals.o)
                0x000156c0                __cxa_get_globals
 .text._ZL12read_sleb128PKhPl
                0x000156cc       0x3c c:/fehqt/proteus/gcc/bin/../lib/gcc/arm-none-eabi/4.6.2/../../../../arm-none-eabi/lib/armv7e-m\libsupc++.a(eh_personality.o)
 .text._ZL28read_encoded_value_with_basehjPKhPj
                0x00015708       0xa4 c:/fehqt/proteus/gcc/bin/../lib/gcc/arm-none-eabi/4.6.2/../../../../arm-none-eabi/lib/armv7e-m\libsupc++.a(eh_personality.o)
 .text._ZL21base_of_encoded_valuehP15_Unwind_Context
                0x000157ac       0x4c c:/fehqt/proteus/gcc/bin/../lib/gcc/arm-none-eabi/4.6.2/../../../../arm-none-eabi/lib/armv7e-m\libsupc++.a(eh_personality.o)
 .text._ZL17parse_lsda_headerP15_Unwind_ContextPKhP16lsda_header_info.constprop.1
                0x000157f8       0x90 c:/fehqt/proteus/gcc/bin/../lib/gcc/arm-none-eabi/4.6.2/../../../../arm-none-eabi/lib/armv7e-m\libsupc++.a(eh_personality.o)
 .text.__gxx_personality_v0
                0x00015888      0x3bc c:/fehqt/proteus/gcc/bin/../lib/gcc/arm-none-eabi/4.6.2/../../../../arm-none-eabi/lib/armv7e-m\libsupc++.a(eh_personality.o)
                0x00015888                __gxx_personality_v0
 .text._ZN10__cxxabiv111__terminateEPFvvE
                0x00015c44       0x28 c:/fehqt/proteus/gcc/bin/../lib/gcc/arm-none-eabi/4.6.2/../../../../arm-none-eabi/lib/armv7e-m\libsupc++.a(eh_terminate.o)
                0x00015c44                __cxxabiv1::__terminate(void (*)())
 .text._ZSt9terminatev
                0x00015c6c       0x10 c:/fehqt/proteus/gcc/bin/../lib/gcc/arm-none-eabi/4.6.2/../../../../arm-none-eabi/lib/armv7e-m\libsupc++.a(eh_terminate.o)
                0x00015c6c                std::terminate()
 .text._ZN10__cxxabiv112__unexpectedEPFvvE
                0x00015c7c        0x8 c:/fehqt/proteus/gcc/bin/../lib/gcc/arm-none-eabi/4.6.2/../../../../arm-none-eabi/lib/armv7e-m\libsupc++.a(eh_terminate.o)
                0x00015c7c                __cxxabiv1::__unexpected(void (*)())
 .text._ZSt10unexpectedv
                0x00015c84       0x14 c:/fehqt/proteus/gcc/bin/../lib/gcc/arm-none-eabi/4.6.2/../../../../arm-none-eabi/lib/armv7e-m\libsupc++.a(eh_terminate.o)
                0x00015c84                std::unexpected()
 .text._ZL23__gxx_exception_cleanup19_Unwind_Reason_CodeP21_Unwind_Control_Block
                0x00015c98       0x4c c:/fehqt/proteus/gcc/bin/../lib/gcc/arm-none-eabi/4.6.2/../../../../arm-none-eabi/lib/armv7e-m\libsupc++.a(eh_throw.o)
 .text.__cxa_throw
                0x00015ce4       0x80 c:/fehqt/proteus/gcc/bin/../lib/gcc/arm-none-eabi/4.6.2/../../../../arm-none-eabi/lib/armv7e-m\libsupc++.a(eh_throw.o)
                0x00015ce4                __cxa_throw
 .text.__cxa_rethrow
                0x00015d64       0x78 c:/fehqt/proteus/gcc/bin/../lib/gcc/arm-none-eabi/4.6.2/../../../../arm-none-eabi/lib/armv7e-m\libsupc++.a(eh_throw.o)
                0x00015d64                __cxa_rethrow
 .text._ZN10__cxxabiv123__fundamental_type_infoD2Ev
                0x00015ddc       0x14 c:/fehqt/proteus/gcc/bin/../lib/gcc/arm-none-eabi/4.6.2/../../../../arm-none-eabi/lib/armv7e-m\libsupc++.a(fundamental_type_info.o)
                0x00015ddc                __cxxabiv1::__fundamental_type_info::~__fundamental_type_info()
                0x00015ddc                __cxxabiv1::__fundamental_type_info::~__fundamental_type_info()
 .text._ZN10__cxxabiv123__fundamental_type_infoD0Ev
                0x00015df0       0x1c c:/fehqt/proteus/gcc/bin/../lib/gcc/arm-none-eabi/4.6.2/../../../../arm-none-eabi/lib/armv7e-m\libsupc++.a(fundamental_type_info.o)
                0x00015df0                __cxxabiv1::__fundamental_type_info::~__fundamental_type_info()
 .text._ZNK10__cxxabiv119__pointer_type_info14__is_pointer_pEv
                0x00015e0c        0x4 c:/fehqt/proteus/gcc/bin/../lib/gcc/arm-none-eabi/4.6.2/../../../../arm-none-eabi/lib/armv7e-m\libsupc++.a(pointer_type_info.o)
                0x00015e0c                __cxxabiv1::__pointer_type_info::__is_pointer_p() const
 .text._ZN10__cxxabiv119__pointer_type_infoD2Ev
                0x00015e10       0x14 c:/fehqt/proteus/gcc/bin/../lib/gcc/arm-none-eabi/4.6.2/../../../../arm-none-eabi/lib/armv7e-m\libsupc++.a(pointer_type_info.o)
                0x00015e10                __cxxabiv1::__pointer_type_info::~__pointer_type_info()
                0x00015e10                __cxxabiv1::__pointer_type_info::~__pointer_type_info()
 .text._ZN10__cxxabiv119__pointer_type_infoD0Ev
                0x00015e24       0x1c c:/fehqt/proteus/gcc/bin/../lib/gcc/arm-none-eabi/4.6.2/../../../../arm-none-eabi/lib/armv7e-m\libsupc++.a(pointer_type_info.o)
                0x00015e24                __cxxabiv1::__pointer_type_info::~__pointer_type_info()
 .text._ZNK10__cxxabiv119__pointer_type_info15__pointer_catchEPKNS_17__pbase_type_infoEPPvj
                0x00015e40       0x44 c:/fehqt/proteus/gcc/bin/../lib/gcc/arm-none-eabi/4.6.2/../../../../arm-none-eabi/lib/armv7e-m\libsupc++.a(pointer_type_info.o)
                0x00015e40                __cxxabiv1::__pointer_type_info::__pointer_catch(__cxxabiv1::__pbase_type_info const*, void**, unsigned int) const
 .text.__cxa_pure_virtual
                0x00015e84        0x8 c:/fehqt/proteus/gcc/bin/../lib/gcc/arm-none-eabi/4.6.2/../../../../arm-none-eabi/lib/armv7e-m\libsupc++.a(pure.o)
                0x00015e84                __cxa_pure_virtual
 .text._ZN10__cxxabiv120__si_class_type_infoD2Ev
                0x00015e8c       0x14 c:/fehqt/proteus/gcc/bin/../lib/gcc/arm-none-eabi/4.6.2/../../../../arm-none-eabi/lib/armv7e-m\libsupc++.a(si_class_type_info.o)
                0x00015e8c                __cxxabiv1::__si_class_type_info::~__si_class_type_info()
                0x00015e8c                __cxxabiv1::__si_class_type_info::~__si_class_type_info()
 .text._ZN10__cxxabiv120__si_class_type_infoD0Ev
                0x00015ea0       0x1c c:/fehqt/proteus/gcc/bin/../lib/gcc/arm-none-eabi/4.6.2/../../../../arm-none-eabi/lib/armv7e-m\libsupc++.a(si_class_type_info.o)
                0x00015ea0                __cxxabiv1::__si_class_type_info::~__si_class_type_info()
 .text._ZNK10__cxxabiv120__si_class_type_info11__do_upcastEPKNS_17__class_type_infoEPKvRNS1_15__upcast_resultE
                0x00015ebc       0x24 c:/fehqt/proteus/gcc/bin/../lib/gcc/arm-none-eabi/4.6.2/../../../../arm-none-eabi/lib/armv7e-m\libsupc++.a(si_class_type_info.o)
                0x00015ebc                __cxxabiv1::__si_class_type_info::__do_upcast(__cxxabiv1::__class_type_info const*, void const*, __cxxabiv1::__class_type_info::__upcast_result&) const
 .text._ZNK10__cxxabiv120__si_class_type_info12__do_dyncastEiNS_17__class_type_info10__sub_kindEPKS1_PKvS4_S6_RNS1_16__dyncast_resultE
                0x00015ee0       0x94 c:/fehqt/proteus/gcc/bin/../lib/gcc/arm-none-eabi/4.6.2/../../../../arm-none-eabi/lib/armv7e-m\libsupc++.a(si_class_type_info.o)
                0x00015ee0                __cxxabiv1::__si_class_type_info::__do_dyncast(int, __cxxabiv1::__class_type_info::__sub_kind, __cxxabiv1::__class_type_info const*, void const*, __cxxabiv1::__class_type_info const*, void const*, __cxxabiv1::__class_type_info::__dyncast_result&) const
 .text._ZNK10__cxxabiv120__si_class_type_info20__do_find_public_srcEiPKvPKNS_17__class_type_infoES2_
                0x00015f74       0x34 c:/fehqt/proteus/gcc/bin/../lib/gcc/arm-none-eabi/4.6.2/../../../../arm-none-eabi/lib/armv7e-m\libsupc++.a(si_class_type_info.o)
                0x00015f74                __cxxabiv1::__si_class_type_info::__do_find_public_src(int, void const*, __cxxabiv1::__class_type_info const*, void const*) const
 .text._ZNSt9type_infoD2Ev
                0x00015fa8        0xc c:/fehqt/proteus/gcc/bin/../lib/gcc/arm-none-eabi/4.6.2/../../../../arm-none-eabi/lib/armv7e-m\libsupc++.a(tinfo.o)
                0x00015fa8                std::type_info::~type_info()
                0x00015fa8                std::type_info::~type_info()
 .text._ZNKSt9type_info14__is_pointer_pEv
                0x00015fb4        0x4 c:/fehqt/proteus/gcc/bin/../lib/gcc/arm-none-eabi/4.6.2/../../../../arm-none-eabi/lib/armv7e-m\libsupc++.a(tinfo.o)
                0x00015fb4                std::type_info::__is_pointer_p() const
 .text._ZNKSt9type_info15__is_function_pEv
                0x00015fb8        0x4 c:/fehqt/proteus/gcc/bin/../lib/gcc/arm-none-eabi/4.6.2/../../../../arm-none-eabi/lib/armv7e-m\libsupc++.a(tinfo.o)
                0x00015fb8                std::type_info::__is_function_p() const
 .text._ZNKSt9type_info11__do_upcastEPKN10__cxxabiv117__class_type_infoEPPv
                0x00015fbc        0x4 c:/fehqt/proteus/gcc/bin/../lib/gcc/arm-none-eabi/4.6.2/../../../../arm-none-eabi/lib/armv7e-m\libsupc++.a(tinfo.o)
                0x00015fbc                std::type_info::__do_upcast(__cxxabiv1::__class_type_info const*, void**) const
 .text._ZNSt9type_infoD0Ev
                0x00015fc0       0x14 c:/fehqt/proteus/gcc/bin/../lib/gcc/arm-none-eabi/4.6.2/../../../../arm-none-eabi/lib/armv7e-m\libsupc++.a(tinfo.o)
                0x00015fc0                std::type_info::~type_info()
 .text._ZNKSt9type_infoeqERKS_
                0x00015fd4       0x30 c:/fehqt/proteus/gcc/bin/../lib/gcc/arm-none-eabi/4.6.2/../../../../arm-none-eabi/lib/armv7e-m\libsupc++.a(tinfo.o)
                0x00015fd4                std::type_info::operator==(std::type_info const&) const
 .text._ZNKSt9type_info10__do_catchEPKS_PPvj
                0x00016004        0x4 c:/fehqt/proteus/gcc/bin/../lib/gcc/arm-none-eabi/4.6.2/../../../../arm-none-eabi/lib/armv7e-m\libsupc++.a(tinfo.o)
                0x00016004                std::type_info::__do_catch(std::type_info const*, void**, unsigned int) const
 .text._ZNKSt10bad_typeid4whatEv
                0x00016008        0xc c:/fehqt/proteus/gcc/bin/../lib/gcc/arm-none-eabi/4.6.2/../../../../arm-none-eabi/lib/armv7e-m\libsupc++.a(bad_typeid.o)
                0x00016008                std::bad_typeid::what() const
 .text._ZNSt10bad_typeidD2Ev
                0x00016014       0x14 c:/fehqt/proteus/gcc/bin/../lib/gcc/arm-none-eabi/4.6.2/../../../../arm-none-eabi/lib/armv7e-m\libsupc++.a(bad_typeid.o)
                0x00016014                std::bad_typeid::~bad_typeid()
                0x00016014                std::bad_typeid::~bad_typeid()
 .text._ZNSt10bad_typeidD0Ev
                0x00016028       0x1c c:/fehqt/proteus/gcc/bin/../lib/gcc/arm-none-eabi/4.6.2/../../../../arm-none-eabi/lib/armv7e-m\libsupc++.a(bad_typeid.o)
                0x00016028                std::bad_typeid::~bad_typeid()
 .text._ZNK10__cxxabiv117__pbase_type_info15__pointer_catchEPKS0_PPvj
                0x00016044       0x10 c:/fehqt/proteus/gcc/bin/../lib/gcc/arm-none-eabi/4.6.2/../../../../arm-none-eabi/lib/armv7e-m\libsupc++.a(pbase_type_info.o)
                0x00016044                __cxxabiv1::__pbase_type_info::__pointer_catch(__cxxabiv1::__pbase_type_info const*, void**, unsigned int) const
 .text._ZN10__cxxabiv117__pbase_type_infoD2Ev
                0x00016054       0x14 c:/fehqt/proteus/gcc/bin/../lib/gcc/arm-none-eabi/4.6.2/../../../../arm-none-eabi/lib/armv7e-m\libsupc++.a(pbase_type_info.o)
                0x00016054                __cxxabiv1::__pbase_type_info::~__pbase_type_info()
                0x00016054                __cxxabiv1::__pbase_type_info::~__pbase_type_info()
 .text._ZN10__cxxabiv117__pbase_type_infoD0Ev
                0x00016068       0x1c c:/fehqt/proteus/gcc/bin/../lib/gcc/arm-none-eabi/4.6.2/../../../../arm-none-eabi/lib/armv7e-m\libsupc++.a(pbase_type_info.o)
                0x00016068                __cxxabiv1::__pbase_type_info::~__pbase_type_info()
 .text._ZNK10__cxxabiv117__pbase_type_info10__do_catchEPKSt9type_infoPPvj
                0x00016084       0x68 c:/fehqt/proteus/gcc/bin/../lib/gcc/arm-none-eabi/4.6.2/../../../../arm-none-eabi/lib/armv7e-m\libsupc++.a(pbase_type_info.o)
                0x00016084                __cxxabiv1::__pbase_type_info::__do_catch(std::type_info const*, void**, unsigned int) const
 .text.abort    0x000160ec       0x24 C:\fehqt\Proteus/EWL/lib/armv7e-m\libc.a(abort.o)
                0x000160ec                abort
 .text.sbrk     0x00016110       0x28 C:\fehqt\Proteus/EWL/lib/armv7e-m\libc.a(alloc.o)
                0x00016110                sbrk
 .text.malloc   0x00016138      0x110 C:\fehqt\Proteus/EWL/lib/armv7e-m\libc.a(alloc.o)
                0x00016138                malloc
 .text.free     0x00016248       0x10 C:\fehqt\Proteus/EWL/lib/armv7e-m\libc.a(alloc.o)
                0x00016248                free
 .text.strcmp   0x00016258       0x18 C:\fehqt\Proteus/EWL/lib/armv7e-m\libc.a(strcmp.o)
                0x00016258                strcmp
 .text.raise    0x00016270       0x3c C:\fehqt\Proteus/EWL/lib/armv7e-m\libc.a(raise.o)
                0x00016270                raise
 *(.rodata)
 .rodata        0x000162ac      0x10c ..\main.o
 .rodata        0x000163b8       0x10 ..\command.o
 .rodata        0x000163c8       0x1c ..\commands/divecommand.o
 .rodata        0x000163e4       0x34 Libraries\FEHLCD.o
 .rodata        0x00016418      0x150 Libraries\FEHWONKA.o
 *(.rodata*)
 .rodata._ZTV12PrintCommand
                0x00016568       0x28 ..\printcommand.o
                0x00016568                vtable for PrintCommand
 .rodata._ZTI12PrintCommand
                0x00016590        0xc ..\printcommand.o
                0x00016590                typeinfo for PrintCommand
 .rodata._ZTS12PrintCommand
                0x0001659c       0x10 ..\printcommand.o
                0x0001659c                typeinfo name for PrintCommand
 .rodata._ZTS7Command
                0x000165ac        0xc ..\printcommand.o
                0x000165ac                typeinfo name for Command
 .rodata._ZTI7Command
                0x000165b8        0x8 ..\printcommand.o
                0x000165b8                typeinfo for Command
 .rodata._ZTV7Command
                0x000165c0       0x28 ..\command.o
                0x000165c0                vtable for Command
 .rodata._ZTV12DriveCommand
                0x000165e8       0x28 ..\commands/divecommand.o
                0x000165e8                vtable for DriveCommand
 .rodata._ZTI12DriveCommand
                0x00016610        0xc ..\commands/divecommand.o
                0x00016610                typeinfo for DriveCommand
 .rodata._ZTS12DriveCommand
                0x0001661c       0x10 ..\commands/divecommand.o
                0x0001661c                typeinfo name for DriveCommand
 .rodata._ZL9GPIOPorts
                0x0001662c       0x20 Libraries\FEHIO.o
 .rodata._ZL10ADCNumbers
                0x0001664c       0x24 Libraries\FEHIO.o
 .rodata._ZL14GPIOPinNumbers
                0x00016670       0x80 Libraries\FEHIO.o
 .rodata._ZL16AnalogPinNumbers
                0x000166f0       0x84 Libraries\FEHIO.o
 .rodata.str1.1
                0x00000000        0x0 C:\fehqt\Proteus/EWL/lib/armv7e-m\libc.a(printformat_.o)
                                  0x1 (size before relaxing)
 .rodata.__aeabi_ctype_table_C
                0x00016774      0x101 C:\fehqt\Proteus/EWL/lib/armv7e-m\libc.a(ctype_aeabi.o)
                0x00016774                __aeabi_ctype_table_C
 *fill*         0x00016875        0x3 00
 .rodata._ZTVSt9bad_alloc
                0x00016878       0x18 C:\fehqt\Proteus/EWL/lib/armv7e-m\librt.a(New.o)
                0x00016878                vtable for std::bad_alloc
 .rodata._ZTISt9bad_alloc
                0x00016890        0xc C:\fehqt\Proteus/EWL/lib/armv7e-m\librt.a(New.o)
                0x00016890                typeinfo for std::bad_alloc
 .rodata._ZTSSt9bad_alloc
                0x0001689c        0xd C:\fehqt\Proteus/EWL/lib/armv7e-m\librt.a(New.o)
                0x0001689c                typeinfo name for std::bad_alloc
 .rodata.str1.1
                0x000168a9       0x14 C:\fehqt\Proteus/EWL/lib/armv7e-m\librt.a(New.o)
 *fill*         0x000168bd        0x3 00
 .rodata._ZTVN10__cxxabiv117__class_type_infoE
                0x000168c0       0x30 c:/fehqt/proteus/gcc/bin/../lib/gcc/arm-none-eabi/4.6.2/../../../../arm-none-eabi/lib/armv7e-m\libsupc++.a(class_type_info.o)
                0x000168c0                vtable for __cxxabiv1::__class_type_info
 .rodata._ZTIN10__cxxabiv117__class_type_infoE
                0x000168f0        0xc c:/fehqt/proteus/gcc/bin/../lib/gcc/arm-none-eabi/4.6.2/../../../../arm-none-eabi/lib/armv7e-m\libsupc++.a(class_type_info.o)
                0x000168f0                typeinfo for __cxxabiv1::__class_type_info
 .rodata._ZTSN10__cxxabiv117__class_type_infoE
                0x000168fc       0x24 c:/fehqt/proteus/gcc/bin/../lib/gcc/arm-none-eabi/4.6.2/../../../../arm-none-eabi/lib/armv7e-m\libsupc++.a(class_type_info.o)
                0x000168fc                typeinfo name for __cxxabiv1::__class_type_info
 .rodata._ZTVSt9exception
                0x00016920       0x18 c:/fehqt/proteus/gcc/bin/../lib/gcc/arm-none-eabi/4.6.2/../../../../arm-none-eabi/lib/armv7e-m\libsupc++.a(eh_exception.o)
                0x00016920                vtable for std::exception
 .rodata._ZTIN10__cxxabiv115__forced_unwindE
                0x00016938        0x8 c:/fehqt/proteus/gcc/bin/../lib/gcc/arm-none-eabi/4.6.2/../../../../arm-none-eabi/lib/armv7e-m\libsupc++.a(eh_exception.o)
                0x00016938                typeinfo for __cxxabiv1::__forced_unwind
 .rodata._ZTISt9exception
                0x00016940        0x8 c:/fehqt/proteus/gcc/bin/../lib/gcc/arm-none-eabi/4.6.2/../../../../arm-none-eabi/lib/armv7e-m\libsupc++.a(eh_exception.o)
                0x00016940                typeinfo for std::exception
 .rodata._ZTSSt13bad_exception
                0x00016948       0x14 c:/fehqt/proteus/gcc/bin/../lib/gcc/arm-none-eabi/4.6.2/../../../../arm-none-eabi/lib/armv7e-m\libsupc++.a(eh_exception.o)
                0x00016948                typeinfo name for std::bad_exception
 .rodata.str1.4
                0x0001695c       0x23 c:/fehqt/proteus/gcc/bin/../lib/gcc/arm-none-eabi/4.6.2/../../../../arm-none-eabi/lib/armv7e-m\libsupc++.a(eh_exception.o)
                                 0x24 (size before relaxing)
 *fill*         0x0001697f        0x1 00
 .rodata._ZTSN10__cxxabiv119__foreign_exceptionE
                0x00016980       0x24 c:/fehqt/proteus/gcc/bin/../lib/gcc/arm-none-eabi/4.6.2/../../../../arm-none-eabi/lib/armv7e-m\libsupc++.a(eh_exception.o)
                0x00016980                typeinfo name for __cxxabiv1::__foreign_exception
 .rodata._ZTIN10__cxxabiv119__foreign_exceptionE
                0x000169a4        0x8 c:/fehqt/proteus/gcc/bin/../lib/gcc/arm-none-eabi/4.6.2/../../../../arm-none-eabi/lib/armv7e-m\libsupc++.a(eh_exception.o)
                0x000169a4                typeinfo for __cxxabiv1::__foreign_exception
 *fill*         0x000169ac        0x4 00
 .rodata._ZTVSt13bad_exception
                0x000169b0       0x18 c:/fehqt/proteus/gcc/bin/../lib/gcc/arm-none-eabi/4.6.2/../../../../arm-none-eabi/lib/armv7e-m\libsupc++.a(eh_exception.o)
                0x000169b0                vtable for std::bad_exception
 .rodata._ZTSSt9exception
                0x000169c8       0x10 c:/fehqt/proteus/gcc/bin/../lib/gcc/arm-none-eabi/4.6.2/../../../../arm-none-eabi/lib/armv7e-m\libsupc++.a(eh_exception.o)
                0x000169c8                typeinfo name for std::exception
 .rodata._ZTSN10__cxxabiv115__forced_unwindE
                0x000169d8       0x20 c:/fehqt/proteus/gcc/bin/../lib/gcc/arm-none-eabi/4.6.2/../../../../arm-none-eabi/lib/armv7e-m\libsupc++.a(eh_exception.o)
                0x000169d8                typeinfo name for __cxxabiv1::__forced_unwind
 .rodata._ZTISt13bad_exception
                0x000169f8        0xc c:/fehqt/proteus/gcc/bin/../lib/gcc/arm-none-eabi/4.6.2/../../../../arm-none-eabi/lib/armv7e-m\libsupc++.a(eh_exception.o)
                0x000169f8                typeinfo for std::bad_exception
 .rodata._ZTIPv
                0x00016a04       0x10 c:/fehqt/proteus/gcc/bin/../lib/gcc/arm-none-eabi/4.6.2/../../../../arm-none-eabi/lib/armv7e-m\libsupc++.a(fundamental_type_info.o)
                0x00016a04                typeinfo for void*
 .rodata._ZTIv  0x00016a14        0x8 c:/fehqt/proteus/gcc/bin/../lib/gcc/arm-none-eabi/4.6.2/../../../../arm-none-eabi/lib/armv7e-m\libsupc++.a(fundamental_type_info.o)
                0x00016a14                typeinfo for void
 .rodata._ZTSPv
                0x00016a1c        0x4 c:/fehqt/proteus/gcc/bin/../lib/gcc/arm-none-eabi/4.6.2/../../../../arm-none-eabi/lib/armv7e-m\libsupc++.a(fundamental_type_info.o)
                0x00016a1c                typeinfo name for void*
 .rodata._ZTSv  0x00016a20        0x4 c:/fehqt/proteus/gcc/bin/../lib/gcc/arm-none-eabi/4.6.2/../../../../arm-none-eabi/lib/armv7e-m\libsupc++.a(fundamental_type_info.o)
                0x00016a20                typeinfo name for void
 .rodata._ZTIN10__cxxabiv123__fundamental_type_infoE
                0x00016a24        0xc c:/fehqt/proteus/gcc/bin/../lib/gcc/arm-none-eabi/4.6.2/../../../../arm-none-eabi/lib/armv7e-m\libsupc++.a(fundamental_type_info.o)
                0x00016a24                typeinfo for __cxxabiv1::__fundamental_type_info
 .rodata._ZTSN10__cxxabiv123__fundamental_type_infoE
                0x00016a30       0x28 c:/fehqt/proteus/gcc/bin/../lib/gcc/arm-none-eabi/4.6.2/../../../../arm-none-eabi/lib/armv7e-m\libsupc++.a(fundamental_type_info.o)
                0x00016a30                typeinfo name for __cxxabiv1::__fundamental_type_info
 .rodata._ZTVN10__cxxabiv123__fundamental_type_infoE
                0x00016a58       0x20 c:/fehqt/proteus/gcc/bin/../lib/gcc/arm-none-eabi/4.6.2/../../../../arm-none-eabi/lib/armv7e-m\libsupc++.a(fundamental_type_info.o)
                0x00016a58                vtable for __cxxabiv1::__fundamental_type_info
 .rodata._ZTSN10__cxxabiv119__pointer_type_infoE
                0x00016a78       0x24 c:/fehqt/proteus/gcc/bin/../lib/gcc/arm-none-eabi/4.6.2/../../../../arm-none-eabi/lib/armv7e-m\libsupc++.a(pointer_type_info.o)
                0x00016a78                typeinfo name for __cxxabiv1::__pointer_type_info
 .rodata._ZTIN10__cxxabiv119__pointer_type_infoE
                0x00016a9c        0xc c:/fehqt/proteus/gcc/bin/../lib/gcc/arm-none-eabi/4.6.2/../../../../arm-none-eabi/lib/armv7e-m\libsupc++.a(pointer_type_info.o)
                0x00016a9c                typeinfo for __cxxabiv1::__pointer_type_info
 .rodata._ZTVN10__cxxabiv119__pointer_type_infoE
                0x00016aa8       0x28 c:/fehqt/proteus/gcc/bin/../lib/gcc/arm-none-eabi/4.6.2/../../../../arm-none-eabi/lib/armv7e-m\libsupc++.a(pointer_type_info.o)
                0x00016aa8                vtable for __cxxabiv1::__pointer_type_info
 .rodata._ZTVN10__cxxabiv120__si_class_type_infoE
                0x00016ad0       0x30 c:/fehqt/proteus/gcc/bin/../lib/gcc/arm-none-eabi/4.6.2/../../../../arm-none-eabi/lib/armv7e-m\libsupc++.a(si_class_type_info.o)
                0x00016ad0                vtable for __cxxabiv1::__si_class_type_info
 .rodata._ZTIN10__cxxabiv120__si_class_type_infoE
                0x00016b00        0xc c:/fehqt/proteus/gcc/bin/../lib/gcc/arm-none-eabi/4.6.2/../../../../arm-none-eabi/lib/armv7e-m\libsupc++.a(si_class_type_info.o)
                0x00016b00                typeinfo for __cxxabiv1::__si_class_type_info
 .rodata._ZTSN10__cxxabiv120__si_class_type_infoE
                0x00016b0c       0x28 c:/fehqt/proteus/gcc/bin/../lib/gcc/arm-none-eabi/4.6.2/../../../../arm-none-eabi/lib/armv7e-m\libsupc++.a(si_class_type_info.o)
                0x00016b0c                typeinfo name for __cxxabiv1::__si_class_type_info
 .rodata._ZTISt9type_info
                0x00016b34        0x8 c:/fehqt/proteus/gcc/bin/../lib/gcc/arm-none-eabi/4.6.2/../../../../arm-none-eabi/lib/armv7e-m\libsupc++.a(tinfo.o)
                0x00016b34                typeinfo for std::type_info
 .rodata._ZTSSt9type_info
                0x00016b3c       0x10 c:/fehqt/proteus/gcc/bin/../lib/gcc/arm-none-eabi/4.6.2/../../../../arm-none-eabi/lib/armv7e-m\libsupc++.a(tinfo.o)
                0x00016b3c                typeinfo name for std::type_info
 *fill*         0x00016b4c        0x4 00
 .rodata._ZTVSt9type_info
                0x00016b50       0x20 c:/fehqt/proteus/gcc/bin/../lib/gcc/arm-none-eabi/4.6.2/../../../../arm-none-eabi/lib/armv7e-m\libsupc++.a(tinfo.o)
                0x00016b50                vtable for std::type_info
 .rodata._ZTVSt10bad_typeid
                0x00016b70       0x18 c:/fehqt/proteus/gcc/bin/../lib/gcc/arm-none-eabi/4.6.2/../../../../arm-none-eabi/lib/armv7e-m\libsupc++.a(bad_typeid.o)
                0x00016b70                vtable for std::bad_typeid
 .rodata._ZTISt10bad_typeid
                0x00016b88        0xc c:/fehqt/proteus/gcc/bin/../lib/gcc/arm-none-eabi/4.6.2/../../../../arm-none-eabi/lib/armv7e-m\libsupc++.a(bad_typeid.o)
                0x00016b88                typeinfo for std::bad_typeid
 .rodata.str1.4
                0x00016b94       0x10 c:/fehqt/proteus/gcc/bin/../lib/gcc/arm-none-eabi/4.6.2/../../../../arm-none-eabi/lib/armv7e-m\libsupc++.a(bad_typeid.o)
 .rodata._ZTSSt10bad_typeid
                0x00016ba4       0x10 c:/fehqt/proteus/gcc/bin/../lib/gcc/arm-none-eabi/4.6.2/../../../../arm-none-eabi/lib/armv7e-m\libsupc++.a(bad_typeid.o)
                0x00016ba4                typeinfo name for std::bad_typeid
 .rodata._ZTIN10__cxxabiv117__pbase_type_infoE
                0x00016bb4        0xc c:/fehqt/proteus/gcc/bin/../lib/gcc/arm-none-eabi/4.6.2/../../../../arm-none-eabi/lib/armv7e-m\libsupc++.a(pbase_type_info.o)
                0x00016bb4                typeinfo for __cxxabiv1::__pbase_type_info
 .rodata._ZTSN10__cxxabiv117__pbase_type_infoE
                0x00016bc0       0x24 c:/fehqt/proteus/gcc/bin/../lib/gcc/arm-none-eabi/4.6.2/../../../../arm-none-eabi/lib/armv7e-m\libsupc++.a(pbase_type_info.o)
                0x00016bc0                typeinfo name for __cxxabiv1::__pbase_type_info
 *fill*         0x00016be4        0x4 00
 .rodata._ZTVN10__cxxabiv117__pbase_type_infoE
                0x00016be8       0x28 c:/fehqt/proteus/gcc/bin/../lib/gcc/arm-none-eabi/4.6.2/../../../../arm-none-eabi/lib/armv7e-m\libsupc++.a(pbase_type_info.o)
                0x00016be8                vtable for __cxxabiv1::__pbase_type_info
 *(.glue_7)
 .glue_7        0x00000000        0x0 linker stubs
 *(.glue_7t)
 .glue_7t       0x00000000        0x0 linker stubs
 *(.eh_frame)
 *(.init)
 *(.fini)
                0x00016c10                . = ALIGN (0x4)
                0x00016c10                _etext = .

.vfp11_veneer   0x00016c10        0x0
 .vfp11_veneer  0x00000000        0x0 linker stubs

.v4_bx          0x00016c10        0x0
 .v4_bx         0x00000000        0x0 linker stubs

.ARM.extab      0x00016c10      0x138
 *(.ARM.extab* .gnu.linkonce.armextab.*)
 .ARM.extab.text._ZNSt9bad_allocD2Ev
                0x00016c10        0x0 C:\fehqt\Proteus/EWL/lib/armv7e-m\librt.a(New.o)
 .ARM.extab.text._ZNKSt9bad_alloc4whatEv
                0x00016c10        0x0 C:\fehqt\Proteus/EWL/lib/armv7e-m\librt.a(New.o)
 .ARM.extab.text._Znwj
                0x00016c10       0x20 C:\fehqt\Proteus/EWL/lib/armv7e-m\librt.a(New.o)
 .ARM.extab.text._ZNSt9bad_allocD0Ev
                0x00016c30        0x0 C:\fehqt\Proteus/EWL/lib/armv7e-m\librt.a(New.o)
 .ARM.extab.text._Znaj
                0x00016c30       0x24 C:\fehqt\Proteus/EWL/lib/armv7e-m\librt.a(New.o)
 .ARM.extab.text.__cxa_bad_typeid
                0x00016c54        0xc c:/fehqt/proteus/gcc/bin/../lib/gcc/arm-none-eabi/4.6.2/../../../../arm-none-eabi/lib/armv7e-m\libsupc++.a(eh_aux_runtime.o)
 .ARM.extab.text.__cxa_call_unexpected
                0x00016c60       0x28 c:/fehqt/proteus/gcc/bin/../lib/gcc/arm-none-eabi/4.6.2/../../../../arm-none-eabi/lib/armv7e-m\libsupc++.a(eh_call.o)
 .ARM.extab.text.__cxa_begin_catch
                0x00016c88       0x20 c:/fehqt/proteus/gcc/bin/../lib/gcc/arm-none-eabi/4.6.2/../../../../arm-none-eabi/lib/armv7e-m\libsupc++.a(eh_catch.o)
 .ARM.extab.text._ZL21base_of_encoded_valuehP15_Unwind_Context
                0x00016ca8        0xc c:/fehqt/proteus/gcc/bin/../lib/gcc/arm-none-eabi/4.6.2/../../../../arm-none-eabi/lib/armv7e-m\libsupc++.a(eh_personality.o)
 .ARM.extab.text.__gxx_personality_v0
                0x00016cb4       0x20 c:/fehqt/proteus/gcc/bin/../lib/gcc/arm-none-eabi/4.6.2/../../../../arm-none-eabi/lib/armv7e-m\libsupc++.a(eh_personality.o)
 .ARM.extab.text._ZN10__cxxabiv111__terminateEPFvvE
                0x00016cd4       0x2c c:/fehqt/proteus/gcc/bin/../lib/gcc/arm-none-eabi/4.6.2/../../../../arm-none-eabi/lib/armv7e-m\libsupc++.a(eh_terminate.o)
 .ARM.extab.text._ZN10__cxxabiv112__unexpectedEPFvvE
                0x00016d00        0xc c:/fehqt/proteus/gcc/bin/../lib/gcc/arm-none-eabi/4.6.2/../../../../arm-none-eabi/lib/armv7e-m\libsupc++.a(eh_terminate.o)
 .ARM.extab.text._ZSt10unexpectedv
                0x00016d0c        0xc c:/fehqt/proteus/gcc/bin/../lib/gcc/arm-none-eabi/4.6.2/../../../../arm-none-eabi/lib/armv7e-m\libsupc++.a(eh_terminate.o)
 .ARM.extab.text._ZNK10__cxxabiv117__pbase_type_info15__pointer_catchEPKS0_PPvj
                0x00016d18        0x0 c:/fehqt/proteus/gcc/bin/../lib/gcc/arm-none-eabi/4.6.2/../../../../arm-none-eabi/lib/armv7e-m\libsupc++.a(pbase_type_info.o)
 .ARM.extab     0x00016d18       0x18 c:/fehqt/proteus/gcc/bin/../lib/gcc/arm-none-eabi/4.6.2/armv7e-m\libgcc.a(unwind-arm.o)
 .ARM.extab     0x00016d30       0x18 c:/fehqt/proteus/gcc/bin/../lib/gcc/arm-none-eabi/4.6.2/armv7e-m\libgcc.a(pr-support.o)

.ARM            0x00016d48      0x200
                0x00016d48                __exidx_start = .
 *(.ARM.exidx*)
 .ARM.exidx.text._ZNSt9bad_allocD2Ev
                0x00016e08        0x0 C:\fehqt\Proteus/EWL/lib/armv7e-m\librt.a(New.o)
                                  0x8 (size before relaxing)
 .ARM.exidx.text._ZNKSt9bad_alloc4whatEv
                0x00016e08        0x0 C:\fehqt\Proteus/EWL/lib/armv7e-m\librt.a(New.o)
                                  0x8 (size before relaxing)
 .ARM.exidx.text._Znwj
                0x00016e08        0x8 C:\fehqt\Proteus/EWL/lib/armv7e-m\librt.a(New.o)
 .ARM.exidx.text._ZdlPv
                0x00016e10        0x8 C:\fehqt\Proteus/EWL/lib/armv7e-m\librt.a(New.o)
 .ARM.exidx.text._ZNSt9bad_allocD0Ev
                0x00016e18        0x0 C:\fehqt\Proteus/EWL/lib/armv7e-m\librt.a(New.o)
                                  0x8 (size before relaxing)
 .ARM.exidx.text._Znaj
                0x00016e18        0x8 C:\fehqt\Proteus/EWL/lib/armv7e-m\librt.a(New.o)
 .ARM.exidx.text._ZNK10__cxxabiv117__class_type_info11__do_upcastEPKS0_PPv
                0x00016e20        0x8 c:/fehqt/proteus/gcc/bin/../lib/gcc/arm-none-eabi/4.6.2/../../../../arm-none-eabi/lib/armv7e-m\libsupc++.a(class_type_info.o)
 .ARM.exidx.text._ZNK10__cxxabiv117__class_type_info20__do_find_public_srcEiPKvPKS0_S2_
                0x00016e28        0x8 c:/fehqt/proteus/gcc/bin/../lib/gcc/arm-none-eabi/4.6.2/../../../../arm-none-eabi/lib/armv7e-m\libsupc++.a(class_type_info.o)
 .ARM.exidx.text._ZNK10__cxxabiv117__class_type_info11__do_upcastEPKS0_PKvRNS0_15__upcast_resultE
                0x00016e30        0x8 c:/fehqt/proteus/gcc/bin/../lib/gcc/arm-none-eabi/4.6.2/../../../../arm-none-eabi/lib/armv7e-m\libsupc++.a(class_type_info.o)
 .ARM.exidx.text._ZN10__cxxabiv117__class_type_infoD2Ev
                0x00016e38        0x8 c:/fehqt/proteus/gcc/bin/../lib/gcc/arm-none-eabi/4.6.2/../../../../arm-none-eabi/lib/armv7e-m\libsupc++.a(class_type_info.o)
 .ARM.exidx.text._ZN10__cxxabiv117__class_type_infoD0Ev
                0x00016e40        0x0 c:/fehqt/proteus/gcc/bin/../lib/gcc/arm-none-eabi/4.6.2/../../../../arm-none-eabi/lib/armv7e-m\libsupc++.a(class_type_info.o)
                                  0x8 (size before relaxing)
 .ARM.exidx.text._ZNK10__cxxabiv117__class_type_info12__do_dyncastEiNS0_10__sub_kindEPKS0_PKvS3_S5_RNS0_16__dyncast_resultE
                0x00016e40        0x8 c:/fehqt/proteus/gcc/bin/../lib/gcc/arm-none-eabi/4.6.2/../../../../arm-none-eabi/lib/armv7e-m\libsupc++.a(class_type_info.o)
 .ARM.exidx.text._ZNK10__cxxabiv117__class_type_info10__do_catchEPKSt9type_infoPPvj
                0x00016e48        0x8 c:/fehqt/proteus/gcc/bin/../lib/gcc/arm-none-eabi/4.6.2/../../../../arm-none-eabi/lib/armv7e-m\libsupc++.a(class_type_info.o)
 .ARM.exidx.text.__cxa_allocate_exception
                0x00016e50        0x8 c:/fehqt/proteus/gcc/bin/../lib/gcc/arm-none-eabi/4.6.2/../../../../arm-none-eabi/lib/armv7e-m\libsupc++.a(eh_alloc.o)
 .ARM.exidx.text.__cxa_free_exception
                0x00016e58        0x0 c:/fehqt/proteus/gcc/bin/../lib/gcc/arm-none-eabi/4.6.2/../../../../arm-none-eabi/lib/armv7e-m\libsupc++.a(eh_alloc.o)
                                  0x8 (size before relaxing)
 .ARM.exidx.text.__cxa_type_match
                0x00016e58        0x8 c:/fehqt/proteus/gcc/bin/../lib/gcc/arm-none-eabi/4.6.2/../../../../arm-none-eabi/lib/armv7e-m\libsupc++.a(eh_arm.o)
 .ARM.exidx.text.__cxa_begin_cleanup
                0x00016e60        0x8 c:/fehqt/proteus/gcc/bin/../lib/gcc/arm-none-eabi/4.6.2/../../../../arm-none-eabi/lib/armv7e-m\libsupc++.a(eh_arm.o)
 .ARM.exidx.text.__gnu_end_cleanup
                0x00016e68        0x0 c:/fehqt/proteus/gcc/bin/../lib/gcc/arm-none-eabi/4.6.2/../../../../arm-none-eabi/lib/armv7e-m\libsupc++.a(eh_arm.o)
                                  0x8 (size before relaxing)
 .ARM.exidx.text.__cxa_bad_typeid
                0x00016e68        0x8 c:/fehqt/proteus/gcc/bin/../lib/gcc/arm-none-eabi/4.6.2/../../../../arm-none-eabi/lib/armv7e-m\libsupc++.a(eh_aux_runtime.o)
 .ARM.exidx.text.__cxa_call_terminate
                0x00016e70        0x8 c:/fehqt/proteus/gcc/bin/../lib/gcc/arm-none-eabi/4.6.2/../../../../arm-none-eabi/lib/armv7e-m\libsupc++.a(eh_call.o)
 .ARM.exidx.text.__cxa_call_unexpected
                0x00016e78        0x8 c:/fehqt/proteus/gcc/bin/../lib/gcc/arm-none-eabi/4.6.2/../../../../arm-none-eabi/lib/armv7e-m\libsupc++.a(eh_call.o)
 .ARM.exidx.text.__cxa_begin_catch
                0x00016e80        0x8 c:/fehqt/proteus/gcc/bin/../lib/gcc/arm-none-eabi/4.6.2/../../../../arm-none-eabi/lib/armv7e-m\libsupc++.a(eh_catch.o)
 .ARM.exidx.text.__cxa_end_catch
                0x00016e88        0x8 c:/fehqt/proteus/gcc/bin/../lib/gcc/arm-none-eabi/4.6.2/../../../../arm-none-eabi/lib/armv7e-m\libsupc++.a(eh_catch.o)
 .ARM.exidx.text._ZNSt9exceptionD2Ev
                0x00016e90        0x0 c:/fehqt/proteus/gcc/bin/../lib/gcc/arm-none-eabi/4.6.2/../../../../arm-none-eabi/lib/armv7e-m\libsupc++.a(eh_exception.o)
                                  0x8 (size before relaxing)
 .ARM.exidx.text._ZNSt13bad_exceptionD2Ev
                0x00016e90        0x0 c:/fehqt/proteus/gcc/bin/../lib/gcc/arm-none-eabi/4.6.2/../../../../arm-none-eabi/lib/armv7e-m\libsupc++.a(eh_exception.o)
                                  0x8 (size before relaxing)
 .ARM.exidx.text._ZNKSt9exception4whatEv
                0x00016e90        0x0 c:/fehqt/proteus/gcc/bin/../lib/gcc/arm-none-eabi/4.6.2/../../../../arm-none-eabi/lib/armv7e-m\libsupc++.a(eh_exception.o)
                                  0x8 (size before relaxing)
 .ARM.exidx.text._ZNKSt13bad_exception4whatEv
                0x00016e90        0x0 c:/fehqt/proteus/gcc/bin/../lib/gcc/arm-none-eabi/4.6.2/../../../../arm-none-eabi/lib/armv7e-m\libsupc++.a(eh_exception.o)
                                  0x8 (size before relaxing)
 .ARM.exidx.text._ZNSt13bad_exceptionD0Ev
                0x00016e90        0x0 c:/fehqt/proteus/gcc/bin/../lib/gcc/arm-none-eabi/4.6.2/../../../../arm-none-eabi/lib/armv7e-m\libsupc++.a(eh_exception.o)
                                  0x8 (size before relaxing)
 .ARM.exidx.text._ZNSt9exceptionD0Ev
                0x00016e90        0x0 c:/fehqt/proteus/gcc/bin/../lib/gcc/arm-none-eabi/4.6.2/../../../../arm-none-eabi/lib/armv7e-m\libsupc++.a(eh_exception.o)
                                  0x8 (size before relaxing)
 .ARM.exidx.text.__cxa_get_globals_fast
                0x00016e90        0x0 c:/fehqt/proteus/gcc/bin/../lib/gcc/arm-none-eabi/4.6.2/../../../../arm-none-eabi/lib/armv7e-m\libsupc++.a(eh_globals.o)
                                  0x8 (size before relaxing)
 .ARM.exidx.text.__cxa_get_globals
                0x00016e90        0x0 c:/fehqt/proteus/gcc/bin/../lib/gcc/arm-none-eabi/4.6.2/../../../../arm-none-eabi/lib/armv7e-m\libsupc++.a(eh_globals.o)
                                  0x8 (size before relaxing)
 .ARM.exidx.text._ZL12read_sleb128PKhPl
                0x00016e90        0x0 c:/fehqt/proteus/gcc/bin/../lib/gcc/arm-none-eabi/4.6.2/../../../../arm-none-eabi/lib/armv7e-m\libsupc++.a(eh_personality.o)
                                  0x8 (size before relaxing)
 .ARM.exidx.text._ZL28read_encoded_value_with_basehjPKhPj
                0x00016e90        0x8 c:/fehqt/proteus/gcc/bin/../lib/gcc/arm-none-eabi/4.6.2/../../../../arm-none-eabi/lib/armv7e-m\libsupc++.a(eh_personality.o)
 .ARM.exidx.text._ZL21base_of_encoded_valuehP15_Unwind_Context
                0x00016e98        0x8 c:/fehqt/proteus/gcc/bin/../lib/gcc/arm-none-eabi/4.6.2/../../../../arm-none-eabi/lib/armv7e-m\libsupc++.a(eh_personality.o)
 .ARM.exidx.text._ZL17parse_lsda_headerP15_Unwind_ContextPKhP16lsda_header_info.constprop.1
                0x00016ea0        0x8 c:/fehqt/proteus/gcc/bin/../lib/gcc/arm-none-eabi/4.6.2/../../../../arm-none-eabi/lib/armv7e-m\libsupc++.a(eh_personality.o)
 .ARM.exidx.text.__gxx_personality_v0
                0x00016ea8        0x8 c:/fehqt/proteus/gcc/bin/../lib/gcc/arm-none-eabi/4.6.2/../../../../arm-none-eabi/lib/armv7e-m\libsupc++.a(eh_personality.o)
 .ARM.exidx.text._ZN10__cxxabiv111__terminateEPFvvE
                0x00016eb0        0x8 c:/fehqt/proteus/gcc/bin/../lib/gcc/arm-none-eabi/4.6.2/../../../../arm-none-eabi/lib/armv7e-m\libsupc++.a(eh_terminate.o)
 .ARM.exidx.text._ZSt9terminatev
                0x00016eb8        0x8 c:/fehqt/proteus/gcc/bin/../lib/gcc/arm-none-eabi/4.6.2/../../../../arm-none-eabi/lib/armv7e-m\libsupc++.a(eh_terminate.o)
 .ARM.exidx.text._ZN10__cxxabiv112__unexpectedEPFvvE
                0x00016ec0        0x8 c:/fehqt/proteus/gcc/bin/../lib/gcc/arm-none-eabi/4.6.2/../../../../arm-none-eabi/lib/armv7e-m\libsupc++.a(eh_terminate.o)
 .ARM.exidx.text._ZSt10unexpectedv
                0x00016ec8        0x8 c:/fehqt/proteus/gcc/bin/../lib/gcc/arm-none-eabi/4.6.2/../../../../arm-none-eabi/lib/armv7e-m\libsupc++.a(eh_terminate.o)
 .ARM.exidx.text._ZL23__gxx_exception_cleanup19_Unwind_Reason_CodeP21_Unwind_Control_Block
                0x00016ed0        0x8 c:/fehqt/proteus/gcc/bin/../lib/gcc/arm-none-eabi/4.6.2/../../../../arm-none-eabi/lib/armv7e-m\libsupc++.a(eh_throw.o)
 .ARM.exidx.text.__cxa_throw
                0x00016ed8        0x8 c:/fehqt/proteus/gcc/bin/../lib/gcc/arm-none-eabi/4.6.2/../../../../arm-none-eabi/lib/armv7e-m\libsupc++.a(eh_throw.o)
 .ARM.exidx.text.__cxa_rethrow
                0x00016ee0        0x8 c:/fehqt/proteus/gcc/bin/../lib/gcc/arm-none-eabi/4.6.2/../../../../arm-none-eabi/lib/armv7e-m\libsupc++.a(eh_throw.o)
 .ARM.exidx.text._ZN10__cxxabiv123__fundamental_type_infoD2Ev
                0x00016ee8        0x0 c:/fehqt/proteus/gcc/bin/../lib/gcc/arm-none-eabi/4.6.2/../../../../arm-none-eabi/lib/armv7e-m\libsupc++.a(fundamental_type_info.o)
                                  0x8 (size before relaxing)
 .ARM.exidx.text._ZN10__cxxabiv123__fundamental_type_infoD0Ev
                0x00016ee8        0x0 c:/fehqt/proteus/gcc/bin/../lib/gcc/arm-none-eabi/4.6.2/../../../../arm-none-eabi/lib/armv7e-m\libsupc++.a(fundamental_type_info.o)
                                  0x8 (size before relaxing)
 .ARM.exidx.text._ZNK10__cxxabiv119__pointer_type_info14__is_pointer_pEv
                0x00016ee8        0x8 c:/fehqt/proteus/gcc/bin/../lib/gcc/arm-none-eabi/4.6.2/../../../../arm-none-eabi/lib/armv7e-m\libsupc++.a(pointer_type_info.o)
 .ARM.exidx.text._ZN10__cxxabiv119__pointer_type_infoD2Ev
                0x00016ef0        0x8 c:/fehqt/proteus/gcc/bin/../lib/gcc/arm-none-eabi/4.6.2/../../../../arm-none-eabi/lib/armv7e-m\libsupc++.a(pointer_type_info.o)
 .ARM.exidx.text._ZN10__cxxabiv119__pointer_type_infoD0Ev
                0x00016ef8        0x0 c:/fehqt/proteus/gcc/bin/../lib/gcc/arm-none-eabi/4.6.2/../../../../arm-none-eabi/lib/armv7e-m\libsupc++.a(pointer_type_info.o)
                                  0x8 (size before relaxing)
 .ARM.exidx.text._ZNK10__cxxabiv119__pointer_type_info15__pointer_catchEPKNS_17__pbase_type_infoEPPvj
                0x00016ef8        0x8 c:/fehqt/proteus/gcc/bin/../lib/gcc/arm-none-eabi/4.6.2/../../../../arm-none-eabi/lib/armv7e-m\libsupc++.a(pointer_type_info.o)
 .ARM.exidx.text.__cxa_pure_virtual
                0x00016f00        0x8 c:/fehqt/proteus/gcc/bin/../lib/gcc/arm-none-eabi/4.6.2/../../../../arm-none-eabi/lib/armv7e-m\libsupc++.a(pure.o)
 .ARM.exidx.text._ZN10__cxxabiv120__si_class_type_infoD2Ev
                0x00016f08        0x8 c:/fehqt/proteus/gcc/bin/../lib/gcc/arm-none-eabi/4.6.2/../../../../arm-none-eabi/lib/armv7e-m\libsupc++.a(si_class_type_info.o)
 .ARM.exidx.text._ZN10__cxxabiv120__si_class_type_infoD0Ev
                0x00016f10        0x0 c:/fehqt/proteus/gcc/bin/../lib/gcc/arm-none-eabi/4.6.2/../../../../arm-none-eabi/lib/armv7e-m\libsupc++.a(si_class_type_info.o)
                                  0x8 (size before relaxing)
 .ARM.exidx.text._ZNK10__cxxabiv120__si_class_type_info11__do_upcastEPKNS_17__class_type_infoEPKvRNS1_15__upcast_resultE
                0x00016f10        0x8 c:/fehqt/proteus/gcc/bin/../lib/gcc/arm-none-eabi/4.6.2/../../../../arm-none-eabi/lib/armv7e-m\libsupc++.a(si_class_type_info.o)
 .ARM.exidx.text._ZNK10__cxxabiv120__si_class_type_info12__do_dyncastEiNS_17__class_type_info10__sub_kindEPKS1_PKvS4_S6_RNS1_16__dyncast_resultE
                0x00016f18        0x8 c:/fehqt/proteus/gcc/bin/../lib/gcc/arm-none-eabi/4.6.2/../../../../arm-none-eabi/lib/armv7e-m\libsupc++.a(si_class_type_info.o)
 .ARM.exidx.text._ZNK10__cxxabiv120__si_class_type_info20__do_find_public_srcEiPKvPKNS_17__class_type_infoES2_
                0x00016f20        0x8 c:/fehqt/proteus/gcc/bin/../lib/gcc/arm-none-eabi/4.6.2/../../../../arm-none-eabi/lib/armv7e-m\libsupc++.a(si_class_type_info.o)
 .ARM.exidx.text._ZNSt9type_infoD2Ev
                0x00016f28        0x8 c:/fehqt/proteus/gcc/bin/../lib/gcc/arm-none-eabi/4.6.2/../../../../arm-none-eabi/lib/armv7e-m\libsupc++.a(tinfo.o)
 .ARM.exidx.text._ZNKSt9type_info14__is_pointer_pEv
                0x00016f30        0x0 c:/fehqt/proteus/gcc/bin/../lib/gcc/arm-none-eabi/4.6.2/../../../../arm-none-eabi/lib/armv7e-m\libsupc++.a(tinfo.o)
                                  0x8 (size before relaxing)
 .ARM.exidx.text._ZNKSt9type_info15__is_function_pEv
                0x00016f30        0x0 c:/fehqt/proteus/gcc/bin/../lib/gcc/arm-none-eabi/4.6.2/../../../../arm-none-eabi/lib/armv7e-m\libsupc++.a(tinfo.o)
                                  0x8 (size before relaxing)
 .ARM.exidx.text._ZNKSt9type_info11__do_upcastEPKN10__cxxabiv117__class_type_infoEPPv
                0x00016f30        0x0 c:/fehqt/proteus/gcc/bin/../lib/gcc/arm-none-eabi/4.6.2/../../../../arm-none-eabi/lib/armv7e-m\libsupc++.a(tinfo.o)
                                  0x8 (size before relaxing)
 .ARM.exidx.text._ZNSt9type_infoD0Ev
                0x00016f30        0x0 c:/fehqt/proteus/gcc/bin/../lib/gcc/arm-none-eabi/4.6.2/../../../../arm-none-eabi/lib/armv7e-m\libsupc++.a(tinfo.o)
                                  0x8 (size before relaxing)
 .ARM.exidx.text._ZNKSt9type_infoeqERKS_
                0x00016f30        0x0 c:/fehqt/proteus/gcc/bin/../lib/gcc/arm-none-eabi/4.6.2/../../../../arm-none-eabi/lib/armv7e-m\libsupc++.a(tinfo.o)
                                  0x8 (size before relaxing)
 .ARM.exidx.text._ZNKSt9type_info10__do_catchEPKS_PPvj
                0x00016f30        0x0 c:/fehqt/proteus/gcc/bin/../lib/gcc/arm-none-eabi/4.6.2/../../../../arm-none-eabi/lib/armv7e-m\libsupc++.a(tinfo.o)
                                  0x8 (size before relaxing)
 .ARM.exidx.text._ZNKSt10bad_typeid4whatEv
                0x00016f30        0x0 c:/fehqt/proteus/gcc/bin/../lib/gcc/arm-none-eabi/4.6.2/../../../../arm-none-eabi/lib/armv7e-m\libsupc++.a(bad_typeid.o)
                                  0x8 (size before relaxing)
 .ARM.exidx.text._ZNSt10bad_typeidD2Ev
                0x00016f30        0x0 c:/fehqt/proteus/gcc/bin/../lib/gcc/arm-none-eabi/4.6.2/../../../../arm-none-eabi/lib/armv7e-m\libsupc++.a(bad_typeid.o)
                                  0x8 (size before relaxing)
 .ARM.exidx.text._ZNSt10bad_typeidD0Ev
                0x00016f30        0x0 c:/fehqt/proteus/gcc/bin/../lib/gcc/arm-none-eabi/4.6.2/../../../../arm-none-eabi/lib/armv7e-m\libsupc++.a(bad_typeid.o)
                                  0x8 (size before relaxing)
 .ARM.exidx.text._ZNK10__cxxabiv117__pbase_type_info15__pointer_catchEPKS0_PPvj
                0x00016f30        0x8 c:/fehqt/proteus/gcc/bin/../lib/gcc/arm-none-eabi/4.6.2/../../../../arm-none-eabi/lib/armv7e-m\libsupc++.a(pbase_type_info.o)
 .ARM.exidx.text._ZN10__cxxabiv117__pbase_type_infoD2Ev
                0x00016f38        0x0 c:/fehqt/proteus/gcc/bin/../lib/gcc/arm-none-eabi/4.6.2/../../../../arm-none-eabi/lib/armv7e-m\libsupc++.a(pbase_type_info.o)
                                  0x8 (size before relaxing)
 .ARM.exidx.text._ZN10__cxxabiv117__pbase_type_infoD0Ev
                0x00016f38        0x0 c:/fehqt/proteus/gcc/bin/../lib/gcc/arm-none-eabi/4.6.2/../../../../arm-none-eabi/lib/armv7e-m\libsupc++.a(pbase_type_info.o)
                                  0x8 (size before relaxing)
 .ARM.exidx.text._ZNK10__cxxabiv117__pbase_type_info10__do_catchEPKSt9type_infoPPvj
                0x00016f38       0x10 c:/fehqt/proteus/gcc/bin/../lib/gcc/arm-none-eabi/4.6.2/../../../../arm-none-eabi/lib/armv7e-m\libsupc++.a(pbase_type_info.o)
                                  0x8 (size before relaxing)
 .ARM.exidx     0x00016d48       0x88 c:/fehqt/proteus/gcc/bin/../lib/gcc/arm-none-eabi/4.6.2/armv7e-m\libgcc.a(unwind-arm.o)
                                 0xc0 (size before relaxing)
 .ARM.exidx     0x00016dd0       0x38 c:/fehqt/proteus/gcc/bin/../lib/gcc/arm-none-eabi/4.6.2/armv7e-m\libgcc.a(pr-support.o)
                                 0x48 (size before relaxing)
                0x00016f48                __exidx_end = .

.ctors          0x00016f48        0x0
                0x00016f48                __CTOR_LIST__ = .
 *crtbegin.o(.ctors)
 *(EXCLUDE_FILE(*crtend.o) .ctors)
 *(SORT(.ctors.*))
 *(.ctors)
                0x00016f48                __CTOR_END__ = .

.dtors          0x00016f48        0x0
                0x00016f48                __DTOR_LIST__ = .
 *crtbegin.o(.dtors)
 *(EXCLUDE_FILE(*crtend.o) .dtors)
 *(SORT(.dtors.*))
 *(.dtors)
                0x00016f48                __DTOR_END__ = .

.preinit_array  0x00016f48        0x0
                0x00016f48                PROVIDE (__preinit_array_start, .)
 *(.preinit_array*)
                0x00016f48                PROVIDE (__preinit_array_end, .)

.init_array     0x00016f48       0x18
                0x00016f48                PROVIDE (__init_array_start, .)
 *(SORT(.init_array.*))
 *(.init_array*)
 .init_array    0x00016f48        0x4 ..\main.o
 .init_array    0x00016f4c        0x4 FEHProteus.o
 .init_array    0x00016f50        0x4 Libraries\FEHBuzzer.o
 .init_array    0x00016f54        0x4 Libraries\FEHLCD.o
 .init_array    0x00016f58        0x4 Libraries\FEHBattery.o
 .init_array    0x00016f5c        0x4 Libraries\FEHWONKA.o